Archive member included to satisfy reference by file (symbol)

c:/program files (x86)/gnu arm embedded toolchain/10 2021.10/bin/../lib/gcc/arm-none-eabi/10.3.1/../../../../arm-none-eabi/lib/thumb/v7e-m/nofp\libc_nano.a(lib_a-errno.o)
                              Output/sysmem.o (__errno)
c:/program files (x86)/gnu arm embedded toolchain/10 2021.10/bin/../lib/gcc/arm-none-eabi/10.3.1/../../../../arm-none-eabi/lib/thumb/v7e-m/nofp\libc_nano.a(lib_a-exit.o)
                              c:/program files (x86)/gnu arm embedded toolchain/10 2021.10/bin/../lib/gcc/arm-none-eabi/10.3.1/../../../../arm-none-eabi/lib/thumb/v7e-m/nofp/crt0.o (exit)
c:/program files (x86)/gnu arm embedded toolchain/10 2021.10/bin/../lib/gcc/arm-none-eabi/10.3.1/../../../../arm-none-eabi/lib/thumb/v7e-m/nofp\libc_nano.a(lib_a-impure.o)
                              c:/program files (x86)/gnu arm embedded toolchain/10 2021.10/bin/../lib/gcc/arm-none-eabi/10.3.1/../../../../arm-none-eabi/lib/thumb/v7e-m/nofp\libc_nano.a(lib_a-exit.o) (_global_impure_ptr)
c:/program files (x86)/gnu arm embedded toolchain/10 2021.10/bin/../lib/gcc/arm-none-eabi/10.3.1/../../../../arm-none-eabi/lib/thumb/v7e-m/nofp\libc_nano.a(lib_a-init.o)
                              c:/program files (x86)/gnu arm embedded toolchain/10 2021.10/bin/../lib/gcc/arm-none-eabi/10.3.1/../../../../arm-none-eabi/lib/thumb/v7e-m/nofp/crt0.o (__libc_init_array)
c:/program files (x86)/gnu arm embedded toolchain/10 2021.10/bin/../lib/gcc/arm-none-eabi/10.3.1/../../../../arm-none-eabi/lib/thumb/v7e-m/nofp\libc_nano.a(lib_a-memset.o)
                              c:/program files (x86)/gnu arm embedded toolchain/10 2021.10/bin/../lib/gcc/arm-none-eabi/10.3.1/../../../../arm-none-eabi/lib/thumb/v7e-m/nofp/crt0.o (memset)
c:/program files (x86)/gnu arm embedded toolchain/10 2021.10/bin/../lib/gcc/arm-none-eabi/10.3.1/thumb/v7e-m/nofp\libgcc.a(_aeabi_uldivmod.o)
                              Output/stm32f4xx_hal_rcc.o (__aeabi_uldivmod)
c:/program files (x86)/gnu arm embedded toolchain/10 2021.10/bin/../lib/gcc/arm-none-eabi/10.3.1/thumb/v7e-m/nofp\libgcc.a(_udivmoddi4.o)
                              c:/program files (x86)/gnu arm embedded toolchain/10 2021.10/bin/../lib/gcc/arm-none-eabi/10.3.1/thumb/v7e-m/nofp\libgcc.a(_aeabi_uldivmod.o) (__udivmoddi4)
c:/program files (x86)/gnu arm embedded toolchain/10 2021.10/bin/../lib/gcc/arm-none-eabi/10.3.1/thumb/v7e-m/nofp\libgcc.a(_dvmd_tls.o)
                              c:/program files (x86)/gnu arm embedded toolchain/10 2021.10/bin/../lib/gcc/arm-none-eabi/10.3.1/thumb/v7e-m/nofp\libgcc.a(_aeabi_uldivmod.o) (__aeabi_ldiv0)

Discarded input sections

 .text          0x00000000        0x0 c:/program files (x86)/gnu arm embedded toolchain/10 2021.10/bin/../lib/gcc/arm-none-eabi/10.3.1/thumb/v7e-m/nofp/crti.o
 .data          0x00000000        0x0 c:/program files (x86)/gnu arm embedded toolchain/10 2021.10/bin/../lib/gcc/arm-none-eabi/10.3.1/thumb/v7e-m/nofp/crti.o
 .bss           0x00000000        0x0 c:/program files (x86)/gnu arm embedded toolchain/10 2021.10/bin/../lib/gcc/arm-none-eabi/10.3.1/thumb/v7e-m/nofp/crti.o
 .data          0x00000000        0x4 c:/program files (x86)/gnu arm embedded toolchain/10 2021.10/bin/../lib/gcc/arm-none-eabi/10.3.1/thumb/v7e-m/nofp/crtbegin.o
 .rodata        0x00000000       0x24 c:/program files (x86)/gnu arm embedded toolchain/10 2021.10/bin/../lib/gcc/arm-none-eabi/10.3.1/thumb/v7e-m/nofp/crtbegin.o
 .text          0x00000000       0x7c c:/program files (x86)/gnu arm embedded toolchain/10 2021.10/bin/../lib/gcc/arm-none-eabi/10.3.1/../../../../arm-none-eabi/lib/thumb/v7e-m/nofp/crt0.o
 .data          0x00000000        0x0 c:/program files (x86)/gnu arm embedded toolchain/10 2021.10/bin/../lib/gcc/arm-none-eabi/10.3.1/../../../../arm-none-eabi/lib/thumb/v7e-m/nofp/crt0.o
 .bss           0x00000000        0x0 c:/program files (x86)/gnu arm embedded toolchain/10 2021.10/bin/../lib/gcc/arm-none-eabi/10.3.1/../../../../arm-none-eabi/lib/thumb/v7e-m/nofp/crt0.o
 .ARM.extab     0x00000000        0x0 c:/program files (x86)/gnu arm embedded toolchain/10 2021.10/bin/../lib/gcc/arm-none-eabi/10.3.1/../../../../arm-none-eabi/lib/thumb/v7e-m/nofp/crt0.o
 .ARM.exidx     0x00000000       0x10 c:/program files (x86)/gnu arm embedded toolchain/10 2021.10/bin/../lib/gcc/arm-none-eabi/10.3.1/../../../../arm-none-eabi/lib/thumb/v7e-m/nofp/crt0.o
 .ARM.attributes
                0x00000000       0x1c c:/program files (x86)/gnu arm embedded toolchain/10 2021.10/bin/../lib/gcc/arm-none-eabi/10.3.1/../../../../arm-none-eabi/lib/thumb/v7e-m/nofp/crt0.o
 .text          0x00000000        0x0 Output/stm32f4xx_it.o
 .data          0x00000000        0x0 Output/stm32f4xx_it.o
 .bss           0x00000000        0x0 Output/stm32f4xx_it.o
 .text          0x00000000        0x0 Output/stm32_hal_msp.o
 .data          0x00000000        0x0 Output/stm32_hal_msp.o
 .bss           0x00000000        0x0 Output/stm32_hal_msp.o
[...]
Memory Configuration

Name             Origin             Length             Attributes
RAM              0x20000000         0x00020000         xrw
FLASH            0x08000000         0x00080000         xr
*default*        0x00000000         0xffffffff

Linker script and memory map

LOAD c:/program files (x86)/gnu arm embedded toolchain/10 2021.10/bin/../lib/gcc/arm-none-eabi/10.3.1/thumb/v7e-m/nofp/crti.o
LOAD c:/program files (x86)/gnu arm embedded toolchain/10 2021.10/bin/../lib/gcc/arm-none-eabi/10.3.1/thumb/v7e-m/nofp/crtbegin.o
LOAD c:/program files (x86)/gnu arm embedded toolchain/10 2021.10/bin/../lib/gcc/arm-none-eabi/10.3.1/../../../../arm-none-eabi/lib/thumb/v7e-m/nofp/crt0.o
LOAD Output/stm32f4xx_it.o
LOAD Output/stm32_hal_msp.o
LOAD Output/sysmem.o
LOAD Output/syscalls.o
LOAD Output/system_stm32f4xx.o
LOAD Output/stm32f4xx_hal_rcc.o
LOAD Output/stm32f4xx_hal_rcc_ex.o
LOAD Output/stm32f4xx_hal_flash.o
LOAD Output/stm32f4xx_hal_flash_ex.o
LOAD Output/stm32f4xx_hal_flash_ramfunc.o
LOAD Output/stm32f4xx_hal_gpio.o
LOAD Output/stm32f4xx_hal_dma_ex.o
LOAD Output/stm32f4xx_hal_dma.o
LOAD Output/stm32f4xx_hal_pwr.o
LOAD Output/stm32f4xx_hal_pwr_ex.o
LOAD Output/stm32f4xx_hal_cortex.o
LOAD Output/stm32f4xx_hal.o
LOAD Output/stm32f4xx_hal_exti.o
LOAD Output/main.o
LOAD Output/pal_gpio.o
LOAD Output/pal_board.o
LOAD Output/pal_clock.o
LOAD Output/startup_stm32f4.o
LOAD c:/program files (x86)/gnu arm embedded toolchain/10 2021.10/bin/../lib/gcc/arm-none-eabi/10.3.1/../../../../arm-none-eabi/lib/thumb/v7e-m/nofp\libnosys.a
LOAD c:/program files (x86)/gnu arm embedded toolchain/10 2021.10/bin/../lib/gcc/arm-none-eabi/10.3.1/../../../../arm-none-eabi/lib/thumb/v7e-m/nofp\libstdc++_nano.a
LOAD c:/program files (x86)/gnu arm embedded toolchain/10 2021.10/bin/../lib/gcc/arm-none-eabi/10.3.1/../../../../arm-none-eabi/lib/thumb/v7e-m/nofp\libm.a
LOAD c:/program files (x86)/gnu arm embedded toolchain/10 2021.10/bin/../lib/gcc/arm-none-eabi/10.3.1/../../../../arm-none-eabi/lib/thumb/v7e-m/nofp\libc_nano.a
START GROUP
LOAD c:/program files (x86)/gnu arm embedded toolchain/10 2021.10/bin/../lib/gcc/arm-none-eabi/10.3.1/thumb/v7e-m/nofp\libgcc.a
LOAD c:/program files (x86)/gnu arm embedded toolchain/10 2021.10/bin/../lib/gcc/arm-none-eabi/10.3.1/../../../../arm-none-eabi/lib/thumb/v7e-m/nofp\libc_nano.a
END GROUP
START GROUP
LOAD c:/program files (x86)/gnu arm embedded toolchain/10 2021.10/bin/../lib/gcc/arm-none-eabi/10.3.1/thumb/v7e-m/nofp\libgcc.a
LOAD c:/program files (x86)/gnu arm embedded toolchain/10 2021.10/bin/../lib/gcc/arm-none-eabi/10.3.1/../../../../arm-none-eabi/lib/thumb/v7e-m/nofp\libc_nano.a
END GROUP
LOAD c:/program files (x86)/gnu arm embedded toolchain/10 2021.10/bin/../lib/gcc/arm-none-eabi/10.3.1/thumb/v7e-m/nofp/crtend.o
LOAD c:/program files (x86)/gnu arm embedded toolchain/10 2021.10/bin/../lib/gcc/arm-none-eabi/10.3.1/thumb/v7e-m/nofp/crtn.o
                0x20020000                _estack = (ORIGIN (RAM) + LENGTH (RAM))
                0x00000200                _Min_Heap_Size = 0x200
                0x00000400                _Min_Stack_Size = 0x400

.isr_vector     0x08000000      0x1c4
                0x08000000                . = ALIGN (0x4)
 *(.isr_vector)
 .isr_vector    0x08000000      0x1c4 Output/startup_stm32f4.o
                0x08000000                g_pfnVectors
                0x080001c4                . = ALIGN (0x4)

.text           0x080001c4     0x16e8
                0x080001c4                . = ALIGN (0x4)
 *(.text)
 .text          0x080001c4       0x40 c:/program files (x86)/gnu arm embedded toolchain/10 2021.10/bin/../lib/gcc/arm-none-eabi/10.3.1/thumb/v7e-m/nofp/crtbegin.o
 .text          0x08000204       0x30 c:/program files (x86)/gnu arm embedded toolchain/10 2021.10/bin/../lib/gcc/arm-none-eabi/10.3.1/thumb/v7e-m/nofp\libgcc.a(_aeabi_uldivmod.o)
                0x08000204                __aeabi_uldivmod
 .text          0x08000234      0x2d0 c:/program files (x86)/gnu arm embedded toolchain/10 2021.10/bin/../lib/gcc/arm-none-eabi/10.3.1/thumb/v7e-m/nofp\libgcc.a(_udivmoddi4.o)
                0x08000234                __udivmoddi4
 .text          0x08000504        0x4 c:/program files (x86)/gnu arm embedded toolchain/10 2021.10/bin/../lib/gcc/arm-none-eabi/10.3.1/thumb/v7e-m/nofp\libgcc.a(_dvmd_tls.o)
                0x08000504                __aeabi_idiv0
                0x08000504                __aeabi_ldiv0
 *(.text*)
 .text.NMI_Handler
                0x08000508        0x2 Output/stm32f4xx_it.o
                0x08000508                NMI_Handler
 .text.HardFault_Handler
                0x0800050a        0x2 Output/stm32f4xx_it.o
                0x0800050a                HardFault_Handler
 .text.MemManage_Handler
                0x0800050c        0x2 Output/stm32f4xx_it.o
                0x0800050c                MemManage_Handler
 .text.BusFault_Handler
                0x0800050e        0x2 Output/stm32f4xx_it.o
                0x0800050e                BusFault_Handler
 .text.UsageFault_Handler
                0x08000510        0x2 Output/stm32f4xx_it.o
                0x08000510                UsageFault_Handler
 .text.SVC_Handler
                0x08000512        0x2 Output/stm32f4xx_it.o
                0x08000512                SVC_Handler
 .text.DebugMon_Handler
                0x08000514        0x2 Output/stm32f4xx_it.o
                0x08000514                DebugMon_Handler
 .text.PendSV_Handler
                0x08000516        0x2 Output/stm32f4xx_it.o
                0x08000516                PendSV_Handler
 .text.SysTick_Handler
                0x08000518        0x8 Output/stm32f4xx_it.o
                0x08000518                SysTick_Handler
 .text.HAL_MspInit
                0x08000520       0x38 Output/stm32_hal_msp.o
                0x08000520                HAL_MspInit
 .text.SystemInit
                0x08000558        0x2 Output/system_stm32f4xx.o
                0x08000558                SystemInit
 *fill*         0x0800055a        0x2 
 .text.HAL_RCC_ClockConfig
                0x0800055c      0x21c Output/stm32f4xx_hal_rcc.o
                0x0800055c                HAL_RCC_ClockConfig
 .text.HAL_RCC_GetSysClockFreq
                0x08000778      0x120 Output/stm32f4xx_hal_rcc_ex.o
                0x08000778                HAL_RCC_GetSysClockFreq
 .text.HAL_RCC_OscConfig
                0x08000898      0x564 Output/stm32f4xx_hal_rcc_ex.o
                0x08000898                HAL_RCC_OscConfig
 .text.HAL_GPIO_Init
                0x08000dfc      0x2dc Output/stm32f4xx_hal_gpio.o
                0x08000dfc                HAL_GPIO_Init
 .text.HAL_GPIO_WritePin
                0x080010d8       0x38 Output/stm32f4xx_hal_gpio.o
                0x080010d8                HAL_GPIO_WritePin
 .text.HAL_PWREx_ControlVoltageScaling
                0x08001110       0xe4 Output/stm32f4xx_hal_pwr_ex.o
                0x08001110                HAL_PWREx_ControlVoltageScaling
 .text.HAL_NVIC_SetPriorityGrouping
                0x080011f4       0x3c Output/stm32f4xx_hal_cortex.o
                0x080011f4                HAL_NVIC_SetPriorityGrouping
 .text.HAL_NVIC_SetPriority
                0x08001230       0x8c Output/stm32f4xx_hal_cortex.o
                0x08001230                HAL_NVIC_SetPriority
 .text.HAL_SYSTICK_Config
                0x080012bc       0x28 Output/stm32f4xx_hal_cortex.o
                0x080012bc                HAL_SYSTICK_Config
 .text.HAL_InitTick
                0x080012e4       0x4c Output/stm32f4xx_hal.o
                0x080012e4                HAL_InitTick
 .text.HAL_Init
                0x08001330       0x34 Output/stm32f4xx_hal.o
                0x08001330                HAL_Init
 .text.HAL_IncTick
                0x08001364       0x18 Output/stm32f4xx_hal.o
                0x08001364                HAL_IncTick
 .text.HAL_GetTick
                0x0800137c        0xc Output/stm32f4xx_hal.o
                0x0800137c                HAL_GetTick
 .text.HAL_Delay
                0x08001388       0x28 Output/stm32f4xx_hal.o
                0x08001388                HAL_Delay
 .text._ZL18SystemClock_Configv
                0x080013b0       0x40 Output/main.o
 .text._Z41__static_initialization_and_destruction_0ii
                0x080013f0       0x24 Output/main.o
 .text.main     0x08001414       0x44 Output/main.o
                0x08001414                main
 .text._GLOBAL__sub_I_led
                0x08001458        0xe Output/main.o
 *fill*         0x08001466        0x2 
 .text._ZN3palL15gpioClockEnableEh
                0x08001468       0xe8 Output/pal_gpio.o
 .text._ZN3pal4GpioC2Ehh
                0x08001550        0x6 Output/pal_gpio.o
                0x08001550                pal::Gpio::Gpio(unsigned char, unsigned char)
                0x08001550                pal::Gpio::Gpio(unsigned char, unsigned char)
 *fill*         0x08001556        0x2 
 .text._ZN3pal4Gpio6configENS0_4ModeENS0_4PullENS0_5SpeedEh
                0x08001558       0x80 Output/pal_gpio.o
                0x08001558                pal::Gpio::config(pal::Gpio::Mode, pal::Gpio::Pull, pal::Gpio::Speed, unsigned char)
 .text._ZN3pal4Gpio5writeEb
                0x080015d8       0x28 Output/pal_gpio.o
                0x080015d8                pal::Gpio::write(bool)
 .text._ZN3pal5Board4initEv
                0x08001600        0x8 Output/pal_board.o
                0x08001600                pal::Board::init()
 .text._ZN3pal5Board5delayEm
                0x08001608        0x8 Output/pal_board.o
                0x08001608                pal::Board::delay(unsigned long)
 .text.assert_failed
                0x08001610        0x2 Output/pal_board.o
                0x08001610                assert_failed
 .text._ZN8PalClockC2ERK11ClockConfig
                0x08001612       0x24 Output/pal_clock.o
                0x08001612                PalClock::PalClock(ClockConfig const&)
                0x08001612                PalClock::PalClock(ClockConfig const&)
 .text._ZN8PalClock9mapAhbDivE6AhbDiv
                0x08001636       0x68 Output/pal_clock.o
                0x08001636                PalClock::mapAhbDiv(AhbDiv)
 .text._ZN8PalClock9mapApbDivE6ApbDiv
                0x0800169e       0x36 Output/pal_clock.o
                0x0800169e                PalClock::mapApbDiv(ApbDiv)
 .text._ZN8PalClock4initEv
                0x080016d4      0x114 Output/pal_clock.o
                0x080016d4                PalClock::init()
 .text.Reset_Handler
                0x080017e8       0x50 Output/startup_stm32f4.o
                0x080017e8                Reset_Handler
 .text.Default_Handler
                0x08001838        0x2 Output/startup_stm32f4.o
                0x08001838                RTC_Alarm_IRQHandler
                0x08001838                EXTI2_IRQHandler
                0x08001838                TIM8_CC_IRQHandler
                0x08001838                FMPI2C1_EV_IRQHandler
                0x08001838                SPI4_IRQHandler
                0x08001838                TIM1_CC_IRQHandler
                0x08001838                DMA2_Stream5_IRQHandler
                0x08001838                DMA1_Stream5_IRQHandler
                0x08001838                PVD_IRQHandler
                0x08001838                SDIO_IRQHandler
                0x08001838                TAMP_STAMP_IRQHandler
                0x08001838                CAN2_RX1_IRQHandler
                0x08001838                EXTI3_IRQHandler
                0x08001838                TIM8_TRG_COM_TIM14_IRQHandler
                0x08001838                TIM1_UP_TIM10_IRQHandler
                0x08001838                TIM8_UP_TIM13_IRQHandler
                0x08001838                I2C3_ER_IRQHandler
                0x08001838                EXTI0_IRQHandler
                0x08001838                I2C2_EV_IRQHandler
                0x08001838                DMA1_Stream2_IRQHandler
                0x08001838                CAN1_RX0_IRQHandler
                0x08001838                FPU_IRQHandler
                0x08001838                OTG_HS_WKUP_IRQHandler
                0x08001838                CAN2_SCE_IRQHandler
                0x08001838                DMA2_Stream2_IRQHandler
                0x08001838                SPI1_IRQHandler
                0x08001838                TIM6_DAC_IRQHandler
                0x08001838                TIM1_BRK_TIM9_IRQHandler
                0x08001838                DCMI_IRQHandler
                0x08001838                CAN2_RX0_IRQHandler
                0x08001838                DMA2_Stream3_IRQHandler
                0x08001838                SAI2_IRQHandler
                0x08001838                USART6_IRQHandler
                0x08001838                USART3_IRQHandler
                0x08001838                CAN1_RX1_IRQHandler
                0x08001838                UART5_IRQHandler
                0x08001838                DMA2_Stream0_IRQHandler
                0x08001838                TIM4_IRQHandler
                0x08001838                QUADSPI_IRQHandler
                0x08001838                I2C1_EV_IRQHandler
                0x08001838                DMA1_Stream6_IRQHandler
                0x08001838                DMA1_Stream1_IRQHandler
                0x08001838                UART4_IRQHandler
                0x08001838                TIM3_IRQHandler
                0x08001838                RCC_IRQHandler
                0x08001838                TIM8_BRK_TIM12_IRQHandler
                0x08001838                Default_Handler
                0x08001838                CEC_IRQHandler
                0x08001838                EXTI15_10_IRQHandler
                0x08001838                ADC_IRQHandler
                0x08001838                DMA1_Stream7_IRQHandler
                0x08001838                TIM7_IRQHandler
                0x08001838                CAN2_TX_IRQHandler
                0x08001838                TIM5_IRQHandler
                0x08001838                DMA2_Stream7_IRQHandler
                0x08001838                I2C3_EV_IRQHandler
                0x08001838                EXTI9_5_IRQHandler
                0x08001838                RTC_WKUP_IRQHandler
                0x08001838                SPDIF_RX_IRQHandler
                0x08001838                SPI2_IRQHandler
                0x08001838                OTG_HS_EP1_IN_IRQHandler
                0x08001838                DMA1_Stream0_IRQHandler
                0x08001838                CAN1_TX_IRQHandler
                0x08001838                FMPI2C1_ER_IRQHandler
                0x08001838                EXTI4_IRQHandler
                0x08001838                OTG_HS_EP1_OUT_IRQHandler
                0x08001838                WWDG_IRQHandler
                0x08001838                TIM2_IRQHandler
                0x08001838                OTG_FS_WKUP_IRQHandler
                0x08001838                TIM1_TRG_COM_TIM11_IRQHandler
                0x08001838                OTG_HS_IRQHandler
                0x08001838                EXTI1_IRQHandler
                0x08001838                USART2_IRQHandler
                0x08001838                I2C2_ER_IRQHandler
                0x08001838                DMA2_Stream1_IRQHandler
                0x08001838                CAN1_SCE_IRQHandler
                0x08001838                FLASH_IRQHandler
                0x08001838                DMA2_Stream4_IRQHandler
                0x08001838                USART1_IRQHandler
                0x08001838                OTG_FS_IRQHandler
                0x08001838                SPI3_IRQHandler
                0x08001838                DMA1_Stream4_IRQHandler
                0x08001838                I2C1_ER_IRQHandler
                0x08001838                FMC_IRQHandler
                0x08001838                DMA2_Stream6_IRQHandler
                0x08001838                SAI1_IRQHandler
                0x08001838                DMA1_Stream3_IRQHandler
 *fill*         0x0800183a        0x2 
 .text.__libc_init_array
                0x0800183c       0x48 c:/program files (x86)/gnu arm embedded toolchain/10 2021.10/bin/../lib/gcc/arm-none-eabi/10.3.1/../../../../arm-none-eabi/lib/thumb/v7e-m/nofp\libc_nano.a(lib_a-init.o)
                0x0800183c                __libc_init_array
 .text.memset   0x08001884       0x10 c:/program files (x86)/gnu arm embedded toolchain/10 2021.10/bin/../lib/gcc/arm-none-eabi/10.3.1/../../../../arm-none-eabi/lib/thumb/v7e-m/nofp\libc_nano.a(lib_a-memset.o)
                0x08001884                memset
 *(.glue_7)
 .glue_7        0x08001894        0x0 linker stubs
 *(.glue_7t)
 .glue_7t       0x08001894        0x0 linker stubs
 *(.eh_frame)
 .eh_frame      0x08001894        0x0 c:/program files (x86)/gnu arm embedded toolchain/10 2021.10/bin/../lib/gcc/arm-none-eabi/10.3.1/thumb/v7e-m/nofp/crtbegin.o
 *(.init)
 .init          0x08001894        0x4 c:/program files (x86)/gnu arm embedded toolchain/10 2021.10/bin/../lib/gcc/arm-none-eabi/10.3.1/thumb/v7e-m/nofp/crti.o
                0x08001894                _init
 .init          0x08001898        0x8 c:/program files (x86)/gnu arm embedded toolchain/10 2021.10/bin/../lib/gcc/arm-none-eabi/10.3.1/thumb/v7e-m/nofp/crtn.o
 *(.fini)
 .fini          0x080018a0        0x4 c:/program files (x86)/gnu arm embedded toolchain/10 2021.10/bin/../lib/gcc/arm-none-eabi/10.3.1/thumb/v7e-m/nofp/crti.o
                0x080018a0                _fini
 .fini          0x080018a4        0x8 c:/program files (x86)/gnu arm embedded toolchain/10 2021.10/bin/../lib/gcc/arm-none-eabi/10.3.1/thumb/v7e-m/nofp/crtn.o
                0x080018ac                . = ALIGN (0x4)
                0x080018ac                _etext = .

.vfp11_veneer   0x080018ac        0x0
 .vfp11_veneer  0x080018ac        0x0 linker stubs

.v4_bx          0x080018ac        0x0
 .v4_bx         0x080018ac        0x0 linker stubs

.iplt           0x080018ac        0x0
 .iplt          0x080018ac        0x0 c:/program files (x86)/gnu arm embedded toolchain/10 2021.10/bin/../lib/gcc/arm-none-eabi/10.3.1/thumb/v7e-m/nofp/crtbegin.o

.rodata         0x080018ac      0x190
                0x080018ac                . = ALIGN (0x4)
 *(.rodata)
 .rodata        0x080018ac       0x28 Output/main.o
 *(.rodata*)
 .rodata.AHBPrescTable
                0x080018d4       0x10 Output/system_stm32f4xx.o
                0x080018d4                AHBPrescTable
 .rodata.HAL_RCC_OscConfig.str1.4
                0x080018e4       0x3b Output/stm32f4xx_hal_rcc.o
 *fill*         0x0800191f        0x1 
 .rodata.HAL_RCCEx_PeriphCLKConfig.str1.4
                0x08001920       0x3e Output/stm32f4xx_hal_rcc_ex.o
 *fill*         0x0800195e        0x2 
 .rodata.HAL_GPIO_Init.str1.4
                0x08001960       0x3c Output/stm32f4xx_hal_gpio.o
 .rodata.HAL_PWREx_ControlVoltageScaling.str1.4
                0x0800199c       0x3e Output/stm32f4xx_hal_pwr_ex.o
 *fill*         0x080019da        0x2 
 .rodata.HAL_NVIC_SetPriorityGrouping.str1.4
                0x080019dc       0x3e Output/stm32f4xx_hal_cortex.o
 *fill*         0x08001a1a        0x2 
 .rodata._ZN3palL9portTableE
                0x08001a1c       0x20 Output/pal_gpio.o
                0x08001a3c                . = ALIGN (0x4)

.ARM.extab
 *(.ARM.extab* .gnu.linkonce.armextab.*)

.ARM            0x08001a3c        0x8
                0x08001a3c                __exidx_start = .
 *(.ARM.exidx*)
 .ARM.exidx     0x08001a3c        0x8 c:/program files (x86)/gnu arm embedded toolchain/10 2021.10/bin/../lib/gcc/arm-none-eabi/10.3.1/thumb/v7e-m/nofp\libgcc.a(_udivmoddi4.o)
                0x08001a44                __exidx_end = .

.rel.dyn        0x08001a44        0x0
 .rel.iplt      0x08001a44        0x0 c:/program files (x86)/gnu arm embedded toolchain/10 2021.10/bin/../lib/gcc/arm-none-eabi/10.3.1/thumb/v7e-m/nofp/crtbegin.o

.preinit_array  0x08001a44        0x0
                0x08001a44                PROVIDE (__preinit_array_start = .)
 *(.preinit_array*)
                0x08001a44                PROVIDE (__preinit_array_end = .)

.init_array     0x08001a44        0x8
                0x08001a44                PROVIDE (__init_array_start = .)
 *(SORT_BY_NAME(.init_array.*))
 *(.init_array*)
 .init_array    0x08001a44        0x4 c:/program files (x86)/gnu arm embedded toolchain/10 2021.10/bin/../lib/gcc/arm-none-eabi/10.3.1/thumb/v7e-m/nofp/crtbegin.o
 .init_array    0x08001a48        0x4 Output/main.o
                0x08001a4c                PROVIDE (__init_array_end = .)

.fini_array     0x08001a4c        0x4
                [!provide]                PROVIDE (__fini_array_start = .)
 *(SORT_BY_NAME(.fini_array.*))
 *(.fini_array*)
 .fini_array    0x08001a4c        0x4 c:/program files (x86)/gnu arm embedded toolchain/10 2021.10/bin/../lib/gcc/arm-none-eabi/10.3.1/thumb/v7e-m/nofp/crtbegin.o
                [!provide]                PROVIDE (__fini_array_end = .)
                0x08001a50                _sidata = LOADADDR (.data)

.data           0x20000000        0xc load address 0x08001a50
                0x20000000                . = ALIGN (0x4)
                0x20000000                _sdata = .
 *(.data)
 *(.data*)
 .data.SystemCoreClock
                0x20000000        0x4 Output/system_stm32f4xx.o
                0x20000000                SystemCoreClock
 .data.uwTickFreq
                0x20000004        0x1 Output/stm32f4xx_hal.o
                0x20000004                uwTickFreq
 *fill*         0x20000005        0x3 
 .data.uwTickPrio
                0x20000008        0x4 Output/stm32f4xx_hal.o
                0x20000008                uwTickPrio
                0x2000000c                . = ALIGN (0x4)
                0x2000000c                _edata = .

.igot.plt       0x2000000c        0x0 load address 0x08001a5c
 .igot.plt      0x2000000c        0x0 c:/program files (x86)/gnu arm embedded toolchain/10 2021.10/bin/../lib/gcc/arm-none-eabi/10.3.1/thumb/v7e-m/nofp/crtbegin.o
                0x2000000c                . = ALIGN (0x4)

.bss            0x2000000c       0x24 load address 0x08001a5c
                0x2000000c                _sbss = .
                0x2000000c                __bss_start__ = _sbss
 *(.bss)
 .bss           0x2000000c       0x1c c:/program files (x86)/gnu arm embedded toolchain/10 2021.10/bin/../lib/gcc/arm-none-eabi/10.3.1/thumb/v7e-m/nofp/crtbegin.o
 *(.bss*)
 .bss.uwTick    0x20000028        0x4 Output/stm32f4xx_hal.o
                0x20000028                uwTick
 .bss.led       0x2000002c        0x2 Output/main.o
                0x2000002c                led
 *(COMMON)
                0x20000030                . = ALIGN (0x4)
 *fill*         0x2000002e        0x2 
                0x20000030                _ebss = .
                0x20000030                __bss_end__ = _ebss

._user_heap_stack
                0x20000030      0x600 load address 0x08001a5c
                0x20000030                . = ALIGN (0x8)
                [!provide]                PROVIDE (end = .)
                0x20000030                PROVIDE (_end = .)
                0x20000230                . = (. + _Min_Heap_Size)
 *fill*         0x20000030      0x200 
                0x20000630                . = (. + _Min_Stack_Size)
 *fill*         0x20000230      0x400 
                0x20000630                . = ALIGN (0x8)

/DISCARD/
 libc.a(*)
 libm.a(*)
 libgcc.a(*)
OUTPUT(Output/final.elf elf32-littlearm)
LOAD linker stubs
LOAD c:/program files (x86)/gnu arm embedded toolchain/10 2021.10/bin/../lib/gcc/arm-none-eabi/10.3.1/../../../../arm-none-eabi/lib/thumb/v7e-m/nofp\libc.a
LOAD c:/program files (x86)/gnu arm embedded toolchain/10 2021.10/bin/../lib/gcc/arm-none-eabi/10.3.1/../../../../arm-none-eabi/lib/thumb/v7e-m/nofp\libm.a
LOAD c:/program files (x86)/gnu arm embedded toolchain/10 2021.10/bin/../lib/gcc/arm-none-eabi/10.3.1/thumb/v7e-m/nofp\libgcc.a

.ARM.attributes
                0x00000000       0x2a
 .ARM.attributes
                0x00000000       0x1e c:/program files (x86)/gnu arm embedded toolchain/10 2021.10/bin/../lib/gcc/arm-none-eabi/10.3.1/thumb/v7e-m/nofp/crti.o
 .ARM.attributes
                0x0000001e       0x2e c:/program files (x86)/gnu arm embedded toolchain/10 2021.10/bin/../lib/gcc/arm-none-eabi/10.3.1/thumb/v7e-m/nofp/crtbegin.o
 .ARM.attributes
                0x0000004c       0x2e Output/stm32f4xx_it.o
 .ARM.attributes
                0x0000007a       0x2e Output/stm32_hal_msp.o
 .ARM.attributes
                0x000000a8       0x2e Output/system_stm32f4xx.o
 .ARM.attributes
                0x000000d6       0x2e Output/stm32f4xx_hal_rcc.o
 .ARM.attributes
                0x00000104       0x2e Output/stm32f4xx_hal_rcc_ex.o
 .ARM.attributes
                0x00000132       0x2e Output/stm32f4xx_hal_gpio.o
 .ARM.attributes
                0x00000160       0x2e Output/stm32f4xx_hal_pwr_ex.o
 .ARM.attributes
                0x0000018e       0x2e Output/stm32f4xx_hal_cortex.o
 .ARM.attributes
                0x000001bc       0x2e Output/stm32f4xx_hal.o
 .ARM.attributes
                0x000001ea       0x2e Output/main.o
 .ARM.attributes
                0x00000218       0x2e Output/pal_gpio.o
 .ARM.attributes
                0x00000246       0x2e Output/pal_board.o
 .ARM.attributes
                0x00000274       0x2e Output/pal_clock.o
 .ARM.attributes
                0x000002a2       0x21 Output/startup_stm32f4.o
 .ARM.attributes
                0x000002c3       0x2e c:/program files (x86)/gnu arm embedded toolchain/10 2021.10/bin/../lib/gcc/arm-none-eabi/10.3.1/../../../../arm-none-eabi/lib/thumb/v7e-m/nofp\libc_nano.a(lib_a-init.o)
 .ARM.attributes
                0x000002f1       0x2e c:/program files (x86)/gnu arm embedded toolchain/10 2021.10/bin/../lib/gcc/arm-none-eabi/10.3.1/../../../../arm-none-eabi/lib/thumb/v7e-m/nofp\libc_nano.a(lib_a-memset.o)
 .ARM.attributes
                0x0000031f       0x1e c:/program files (x86)/gnu arm embedded toolchain/10 2021.10/bin/../lib/gcc/arm-none-eabi/10.3.1/thumb/v7e-m/nofp\libgcc.a(_aeabi_uldivmod.o)
 .ARM.attributes
                0x0000033d       0x2e c:/program files (x86)/gnu arm embedded toolchain/10 2021.10/bin/../lib/gcc/arm-none-eabi/10.3.1/thumb/v7e-m/nofp\libgcc.a(_udivmoddi4.o)
 .ARM.attributes
                0x0000036b       0x1e c:/program files (x86)/gnu arm embedded toolchain/10 2021.10/bin/../lib/gcc/arm-none-eabi/10.3.1/thumb/v7e-m/nofp\libgcc.a(_dvmd_tls.o)
 .ARM.attributes
                0x00000389       0x1e c:/program files (x86)/gnu arm embedded toolchain/10 2021.10/bin/../lib/gcc/arm-none-eabi/10.3.1/thumb/v7e-m/nofp/crtn.o

.comment        0x00000000       0x49
 .comment       0x00000000       0x49 Output/stm32f4xx_it.o
                                 0x4a (size before relaxing)
 .comment       0x00000049       0x4a Output/stm32_hal_msp.o
 .comment       0x00000049       0x4a Output/system_stm32f4xx.o
 .comment       0x00000049       0x4a Output/stm32f4xx_hal_rcc.o
 .comment       0x00000049       0x4a Output/stm32f4xx_hal_rcc_ex.o
 .comment       0x00000049       0x4a Output/stm32f4xx_hal_gpio.o
 .comment       0x00000049       0x4a Output/stm32f4xx_hal_pwr_ex.o
 .comment       0x00000049       0x4a Output/stm32f4xx_hal_cortex.o
 .comment       0x00000049       0x4a Output/stm32f4xx_hal.o
 .comment       0x00000049       0x4a Output/main.o
 .comment       0x00000049       0x4a Output/pal_gpio.o
 .comment       0x00000049       0x4a Output/pal_board.o
 .comment       0x00000049       0x4a Output/pal_clock.o

.debug_info     0x00000000     0x8600
 .debug_info    0x00000000      0x128 Output/stm32f4xx_it.o
 .debug_info    0x00000128      0x32f Output/stm32_hal_msp.o
 .debug_info    0x00000457      0x411 Output/system_stm32f4xx.o
 .debug_info    0x00000868      0xed6 Output/stm32f4xx_hal_rcc.o
 .debug_info    0x0000173e     0x136c Output/stm32f4xx_hal_rcc_ex.o
 .debug_info    0x00002aaa      0xa42 Output/stm32f4xx_hal_gpio.o
 .debug_info    0x000034ec      0x8ef Output/stm32f4xx_hal_pwr_ex.o
 .debug_info    0x00003ddb     0x1441 Output/stm32f4xx_hal_cortex.o
 .debug_info    0x0000521c      0xb76 Output/stm32f4xx_hal.o
 .debug_info    0x00005d92      0xa2b Output/main.o
 .debug_info    0x000067bd      0xcbc Output/pal_gpio.o
 .debug_info    0x00007479      0x562 Output/pal_board.o
 .debug_info    0x000079db      0xc03 Output/pal_clock.o
 .debug_info    0x000085de       0x22 Output/startup_stm32f4.o

.debug_abbrev   0x00000000     0x1d1a
 .debug_abbrev  0x00000000       0x90 Output/stm32f4xx_it.o
 .debug_abbrev  0x00000090       0xd3 Output/stm32_hal_msp.o
 .debug_abbrev  0x00000163      0x11b Output/system_stm32f4xx.o
 .debug_abbrev  0x0000027e      0x2be Output/stm32f4xx_hal_rcc.o
 .debug_abbrev  0x0000053c      0x294 Output/stm32f4xx_hal_rcc_ex.o
 .debug_abbrev  0x000007d0      0x24a Output/stm32f4xx_hal_gpio.o
 .debug_abbrev  0x00000a1a      0x1e1 Output/stm32f4xx_hal_pwr_ex.o
 .debug_abbrev  0x00000bfb      0x3be Output/stm32f4xx_hal_cortex.o
 .debug_abbrev  0x00000fb9      0x209 Output/stm32f4xx_hal.o
 .debug_abbrev  0x000011c2      0x2f7 Output/main.o
 .debug_abbrev  0x000014b9      0x342 Output/pal_gpio.o
 .debug_abbrev  0x000017fb      0x1af Output/pal_board.o
 .debug_abbrev  0x000019aa      0x35e Output/pal_clock.o
 .debug_abbrev  0x00001d08       0x12 Output/startup_stm32f4.o

.debug_loc      0x00000000     0x379f
 .debug_loc     0x00000000       0x20 Output/stm32f4xx_it.o
 .debug_loc     0x00000020       0x2c Output/stm32_hal_msp.o
 .debug_loc     0x0000004c      0x158 Output/system_stm32f4xx.o
 .debug_loc     0x000001a4      0x6c7 Output/stm32f4xx_hal_rcc.o
 .debug_loc     0x0000086b     0x111a Output/stm32f4xx_hal_rcc_ex.o
 .debug_loc     0x00001985      0x793 Output/stm32f4xx_hal_gpio.o
 .debug_loc     0x00002118      0x3f7 Output/stm32f4xx_hal_pwr_ex.o
 .debug_loc     0x0000250f      0xaae Output/stm32f4xx_hal_cortex.o
 .debug_loc     0x00002fbd      0x1d0 Output/stm32f4xx_hal.o
 .debug_loc     0x0000318d      0x129 Output/main.o
 .debug_loc     0x000032b6      0x248 Output/pal_gpio.o
 .debug_loc     0x000034fe       0xaf Output/pal_board.o
 .debug_loc     0x000035ad      0x1f2 Output/pal_clock.o

.debug_aranges  0x00000000      0x510
 .debug_aranges
                0x00000000       0x60 Output/stm32f4xx_it.o
 .debug_aranges
                0x00000060       0x20 Output/stm32_hal_msp.o
 .debug_aranges
                0x00000080       0x28 Output/system_stm32f4xx.o
 .debug_aranges
                0x000000a8       0x88 Output/stm32f4xx_hal_rcc.o
 .debug_aranges
                0x00000130       0x78 Output/stm32f4xx_hal_rcc_ex.o
 .debug_aranges
                0x000001a8       0x58 Output/stm32f4xx_hal_gpio.o
 .debug_aranges
                0x00000200       0x60 Output/stm32f4xx_hal_pwr_ex.o
 .debug_aranges
                0x00000260       0xa8 Output/stm32f4xx_hal_cortex.o
 .debug_aranges
                0x00000308       0xf0 Output/stm32f4xx_hal.o
 .debug_aranges
                0x000003f8       0x38 Output/main.o
 .debug_aranges
                0x00000430       0x40 Output/pal_gpio.o
 .debug_aranges
                0x00000470       0x40 Output/pal_board.o
 .debug_aranges
                0x000004b0       0x38 Output/pal_clock.o
 .debug_aranges
                0x000004e8       0x28 Output/startup_stm32f4.o

.debug_ranges   0x00000000      0x4f8
 .debug_ranges  0x00000000       0x50 Output/stm32f4xx_it.o
 .debug_ranges  0x00000050       0x10 Output/stm32_hal_msp.o
 .debug_ranges  0x00000060       0x18 Output/system_stm32f4xx.o
 .debug_ranges  0x00000078       0x90 Output/stm32f4xx_hal_rcc.o
 .debug_ranges  0x00000108       0x80 Output/stm32f4xx_hal_rcc_ex.o
 .debug_ranges  0x00000188       0x48 Output/stm32f4xx_hal_gpio.o
 .debug_ranges  0x000001d0       0x50 Output/stm32f4xx_hal_pwr_ex.o
 .debug_ranges  0x00000220      0x128 Output/stm32f4xx_hal_cortex.o
 .debug_ranges  0x00000348       0xe0 Output/stm32f4xx_hal.o
 .debug_ranges  0x00000428       0x28 Output/main.o
 .debug_ranges  0x00000450       0x30 Output/pal_gpio.o
 .debug_ranges  0x00000480       0x30 Output/pal_board.o
 .debug_ranges  0x000004b0       0x28 Output/pal_clock.o
 .debug_ranges  0x000004d8       0x20 Output/startup_stm32f4.o

.debug_line     0x00000000     0x57f6
 .debug_line    0x00000000      0x144 Output/stm32f4xx_it.o
 .debug_line    0x00000144      0x174 Output/stm32_hal_msp.o
 .debug_line    0x000002b8      0x255 Output/system_stm32f4xx.o
 .debug_line    0x0000050d      0xcb7 Output/stm32f4xx_hal_rcc.o
 .debug_line    0x000011c4     0x16a5 Output/stm32f4xx_hal_rcc_ex.o
 .debug_line    0x00002869      0x881 Output/stm32f4xx_hal_gpio.o
 .debug_line    0x000030ea      0x531 Output/stm32f4xx_hal_pwr_ex.o
 .debug_line    0x0000361b      0x8d9 Output/stm32f4xx_hal_cortex.o
 .debug_line    0x00003ef4      0x5c2 Output/stm32f4xx_hal.o
 .debug_line    0x000044b6      0x423 Output/main.o
 .debug_line    0x000048d9      0x4fc Output/pal_gpio.o
 .debug_line    0x00004dd5      0x3a6 Output/pal_board.o
 .debug_line    0x0000517b      0x5e6 Output/pal_clock.o
 .debug_line    0x00005761       0x95 Output/startup_stm32f4.o

.debug_str      0x00000000     0x2135
 .debug_str     0x00000000      0x193 Output/stm32f4xx_it.o
 .debug_str     0x00000193      0x1b0 Output/stm32_hal_msp.o
                                0x2de (size before relaxing)
 .debug_str     0x00000343       0xad Output/system_stm32f4xx.o
                                0x35a (size before relaxing)
 .debug_str     0x000003f0      0x39a Output/stm32f4xx_hal_rcc.o
                                0x739 (size before relaxing)
 .debug_str     0x0000078a      0x34a Output/stm32f4xx_hal_rcc_ex.o
                                0x820 (size before relaxing)
 .debug_str     0x00000ad4      0x15b Output/stm32f4xx_hal_gpio.o
                                0x50e (size before relaxing)
 .debug_str     0x00000c2f      0x1a7 Output/stm32f4xx_hal_pwr_ex.o
                                0x4f9 (size before relaxing)
 .debug_str     0x00000dd6      0x9d9 Output/stm32f4xx_hal_cortex.o
                                0xc8a (size before relaxing)
 .debug_str     0x000017af      0x29a Output/stm32f4xx_hal.o
                                0xbdb (size before relaxing)
 .debug_str     0x00001a49      0x521 Output/main.o
                                0x823 (size before relaxing)
 .debug_str     0x00001f6a       0xa5 Output/pal_gpio.o
                                0x848 (size before relaxing)
 .debug_str     0x0000200f       0x40 Output/pal_board.o
                                0x4ea (size before relaxing)
 .debug_str     0x0000204f       0xa3 Output/pal_clock.o
                                0x891 (size before relaxing)
 .debug_str     0x000020f2       0x43 Output/startup_stm32f4.o
                                 0x81 (size before relaxing)

.debug_frame    0x00000000      0xbd4
 .debug_frame   0x00000000       0xa8 Output/stm32f4xx_it.o
 .debug_frame   0x000000a8       0x28 Output/stm32_hal_msp.o
 .debug_frame   0x000000d0       0x30 Output/system_stm32f4xx.o
 .debug_frame   0x00000100      0x16c Output/stm32f4xx_hal_rcc.o
 .debug_frame   0x0000026c      0x154 Output/stm32f4xx_hal_rcc_ex.o
 .debug_frame   0x000003c0       0xf8 Output/stm32f4xx_hal_gpio.o
 .debug_frame   0x000004b8       0xf4 Output/stm32f4xx_hal_pwr_ex.o
 .debug_frame   0x000005ac      0x19c Output/stm32f4xx_hal_cortex.o
 .debug_frame   0x00000748      0x1f0 Output/stm32f4xx_hal.o
 .debug_frame   0x00000938       0x78 Output/main.o
 .debug_frame   0x000009b0       0x94 Output/pal_gpio.o
 .debug_frame   0x00000a44       0x78 Output/pal_board.o
 .debug_frame   0x00000abc       0x6c Output/pal_clock.o
 .debug_frame   0x00000b28       0x2c c:/program files (x86)/gnu arm embedded toolchain/10 2021.10/bin/../lib/gcc/arm-none-eabi/10.3.1/../../../../arm-none-eabi/lib/thumb/v7e-m/nofp\libc_nano.a(lib_a-init.o)
 .debug_frame   0x00000b54       0x20 c:/program files (x86)/gnu arm embedded toolchain/10 2021.10/bin/../lib/gcc/arm-none-eabi/10.3.1/../../../../arm-none-eabi/lib/thumb/v7e-m/nofp\libc_nano.a(lib_a-memset.o)
 .debug_frame   0x00000b74       0x2c c:/program files (x86)/gnu arm embedded toolchain/10 2021.10/bin/../lib/gcc/arm-none-eabi/10.3.1/thumb/v7e-m/nofp\libgcc.a(_aeabi_uldivmod.o)
 .debug_frame   0x00000ba0       0x34 c:/program files (x86)/gnu arm embedded toolchain/10 2021.10/bin/../lib/gcc/arm-none-eabi/10.3.1/thumb/v7e-m/nofp\libgcc.a(_udivmoddi4.o)

Cross Reference Table

Symbol                                            File
ADC_IRQHandler                                    Output/startup_stm32f4.o
AHBPrescTable                                     Output/system_stm32f4xx.o
                                                  Output/stm32f4xx_hal_rcc.o
APBPrescTable                                     Output/system_stm32f4xx.o
                                                  Output/stm32f4xx_hal_rcc.o
BusFault_Handler                                  Output/stm32f4xx_it.o
CAN1_RX0_IRQHandler                               Output/startup_stm32f4.o
CAN1_RX1_IRQHandler                               Output/startup_stm32f4.o
CAN1_SCE_IRQHandler                               Output/startup_stm32f4.o
CAN1_TX_IRQHandler                                Output/startup_stm32f4.o
CAN2_RX0_IRQHandler                               Output/startup_stm32f4.o
CAN2_RX1_IRQHandler                               Output/startup_stm32f4.o
CAN2_SCE_IRQHandler                               Output/startup_stm32f4.o
CAN2_TX_IRQHandler                                Output/startup_stm32f4.o
CEC_IRQHandler                                    Output/startup_stm32f4.o
DCMI_IRQHandler                                   Output/startup_stm32f4.o
DMA1_Stream0_IRQHandler                           Output/startup_stm32f4.o
DMA1_Stream1_IRQHandler                           Output/startup_stm32f4.o
DMA1_Stream2_IRQHandler                           Output/startup_stm32f4.o
DMA1_Stream3_IRQHandler                           Output/startup_stm32f4.o
DMA1_Stream4_IRQHandler                           Output/startup_stm32f4.o
DMA1_Stream5_IRQHandler                           Output/startup_stm32f4.o
DMA1_Stream6_IRQHandler                           Output/startup_stm32f4.o
DMA1_Stream7_IRQHandler                           Output/startup_stm32f4.o
DMA2_Stream0_IRQHandler                           Output/startup_stm32f4.o
DMA2_Stream1_IRQHandler                           Output/startup_stm32f4.o
DMA2_Stream2_IRQHandler                           Output/startup_stm32f4.o
DMA2_Stream3_IRQHandler                           Output/startup_stm32f4.o
DMA2_Stream4_IRQHandler                           Output/startup_stm32f4.o
DMA2_Stream5_IRQHandler                           Output/startup_stm32f4.o
DMA2_Stream6_IRQHandler                           Output/startup_stm32f4.o
DMA2_Stream7_IRQHandler                           Output/startup_stm32f4.o
DebugMon_Handler                                  Output/stm32f4xx_it.o
Default_Handler                                   Output/startup_stm32f4.o
EXTI0_IRQHandler                                  Output/startup_stm32f4.o
EXTI15_10_IRQHandler                              Output/startup_stm32f4.o
EXTI1_IRQHandler                                  Output/startup_stm32f4.o
EXTI2_IRQHandler                                  Output/startup_stm32f4.o
EXTI3_IRQHandler                                  Output/startup_stm32f4.o
EXTI4_IRQHandler                                  Output/startup_stm32f4.o
EXTI9_5_IRQHandler                                Output/startup_stm32f4.o
FLASH_Erase_Sector                                Output/stm32f4xx_hal_flash_ex.o
                                                  Output/stm32f4xx_hal_flash.o
FLASH_FlushCaches                                 Output/stm32f4xx_hal_flash_ex.o
                                                  Output/stm32f4xx_hal_flash.o
FLASH_IRQHandler                                  Output/startup_stm32f4.o
FLASH_WaitForLastOperation                        Output/stm32f4xx_hal_flash.o
                                                  Output/stm32f4xx_hal_flash_ex.o
FMC_IRQHandler                                    Output/startup_stm32f4.o
FMPI2C1_ER_IRQHandler                             Output/startup_stm32f4.o
FMPI2C1_EV_IRQHandler                             Output/startup_stm32f4.o
FPU_IRQHandler                                    Output/startup_stm32f4.o
HAL_DBGMCU_DisableDBGSleepMode                    Output/stm32f4xx_hal.o
HAL_DBGMCU_DisableDBGStandbyMode                  Output/stm32f4xx_hal.o
HAL_DBGMCU_DisableDBGStopMode                     Output/stm32f4xx_hal.o
HAL_DBGMCU_EnableDBGSleepMode                     Output/stm32f4xx_hal.o
HAL_DBGMCU_EnableDBGStandbyMode                   Output/stm32f4xx_hal.o
HAL_DBGMCU_EnableDBGStopMode                      Output/stm32f4xx_hal.o
HAL_DMAEx_ChangeMemory                            Output/stm32f4xx_hal_dma_ex.o
HAL_DMAEx_MultiBufferStart                        Output/stm32f4xx_hal_dma_ex.o
HAL_DMAEx_MultiBufferStart_IT                     Output/stm32f4xx_hal_dma_ex.o
HAL_DMA_Abort                                     Output/stm32f4xx_hal_dma.o
HAL_DMA_Abort_IT                                  Output/stm32f4xx_hal_dma.o
HAL_DMA_DeInit                                    Output/stm32f4xx_hal_dma.o
HAL_DMA_GetError                                  Output/stm32f4xx_hal_dma.o
HAL_DMA_GetState                                  Output/stm32f4xx_hal_dma.o
HAL_DMA_IRQHandler                                Output/stm32f4xx_hal_dma.o
HAL_DMA_Init                                      Output/stm32f4xx_hal_dma.o
HAL_DMA_PollForTransfer                           Output/stm32f4xx_hal_dma.o
HAL_DMA_RegisterCallback                          Output/stm32f4xx_hal_dma.o
HAL_DMA_Start                                     Output/stm32f4xx_hal_dma.o
HAL_DMA_Start_IT                                  Output/stm32f4xx_hal_dma.o
HAL_DMA_UnRegisterCallback                        Output/stm32f4xx_hal_dma.o
HAL_DeInit                                        Output/stm32f4xx_hal.o
HAL_Delay                                         Output/stm32f4xx_hal.o
                                                  Output/pal_board.o
HAL_DisableCompensationCell                       Output/stm32f4xx_hal.o
HAL_EXTI_ClearConfigLine                          Output/stm32f4xx_hal_exti.o
HAL_EXTI_ClearPending                             Output/stm32f4xx_hal_exti.o
HAL_EXTI_GenerateSWI                              Output/stm32f4xx_hal_exti.o
HAL_EXTI_GetConfigLine                            Output/stm32f4xx_hal_exti.o
HAL_EXTI_GetHandle                                Output/stm32f4xx_hal_exti.o
HAL_EXTI_GetPending                               Output/stm32f4xx_hal_exti.o
HAL_EXTI_IRQHandler                               Output/stm32f4xx_hal_exti.o
HAL_EXTI_RegisterCallback                         Output/stm32f4xx_hal_exti.o
HAL_EXTI_SetConfigLine                            Output/stm32f4xx_hal_exti.o
HAL_EnableCompensationCell                        Output/stm32f4xx_hal.o
HAL_FLASHEx_AdvOBGetConfig                        Output/stm32f4xx_hal_flash_ex.o
HAL_FLASHEx_AdvOBProgram                          Output/stm32f4xx_hal_flash_ex.o
HAL_FLASHEx_DisableFlashSleepMode                 Output/stm32f4xx_hal_flash_ramfunc.o
HAL_FLASHEx_EnableFlashSleepMode                  Output/stm32f4xx_hal_flash_ramfunc.o
HAL_FLASHEx_Erase                                 Output/stm32f4xx_hal_flash_ex.o
HAL_FLASHEx_Erase_IT                              Output/stm32f4xx_hal_flash_ex.o
HAL_FLASHEx_OBGetConfig                           Output/stm32f4xx_hal_flash_ex.o
HAL_FLASHEx_OBProgram                             Output/stm32f4xx_hal_flash_ex.o
HAL_FLASHEx_OB_DeSelectPCROP                      Output/stm32f4xx_hal_flash_ex.o
HAL_FLASHEx_OB_SelectPCROP                        Output/stm32f4xx_hal_flash_ex.o
HAL_FLASHEx_StartFlashInterfaceClk                Output/stm32f4xx_hal_flash_ramfunc.o
HAL_FLASHEx_StopFlashInterfaceClk                 Output/stm32f4xx_hal_flash_ramfunc.o
HAL_FLASH_EndOfOperationCallback                  Output/stm32f4xx_hal_flash.o
HAL_FLASH_GetError                                Output/stm32f4xx_hal_flash.o
HAL_FLASH_IRQHandler                              Output/stm32f4xx_hal_flash.o
HAL_FLASH_Lock                                    Output/stm32f4xx_hal_flash.o
HAL_FLASH_OB_Launch                               Output/stm32f4xx_hal_flash.o
HAL_FLASH_OB_Lock                                 Output/stm32f4xx_hal_flash.o
HAL_FLASH_OB_Unlock                               Output/stm32f4xx_hal_flash.o
HAL_FLASH_OperationErrorCallback                  Output/stm32f4xx_hal_flash.o
HAL_FLASH_Program                                 Output/stm32f4xx_hal_flash.o
HAL_FLASH_Program_IT                              Output/stm32f4xx_hal_flash.o
HAL_FLASH_Unlock                                  Output/stm32f4xx_hal_flash.o
HAL_GPIO_DeInit                                   Output/stm32f4xx_hal_gpio.o
HAL_GPIO_EXTI_Callback                            Output/stm32f4xx_hal_gpio.o
HAL_GPIO_EXTI_IRQHandler                          Output/stm32f4xx_hal_gpio.o
HAL_GPIO_Init                                     Output/stm32f4xx_hal_gpio.o
                                                  Output/pal_gpio.o
                                                  Output/stm32f4xx_hal_rcc.o
HAL_GPIO_LockPin                                  Output/stm32f4xx_hal_gpio.o
HAL_GPIO_ReadPin                                  Output/stm32f4xx_hal_gpio.o
                                                  Output/pal_gpio.o
HAL_GPIO_TogglePin                                Output/stm32f4xx_hal_gpio.o
HAL_GPIO_WritePin                                 Output/stm32f4xx_hal_gpio.o
                                                  Output/pal_gpio.o
HAL_GetDEVID                                      Output/stm32f4xx_hal.o
HAL_GetHalVersion                                 Output/stm32f4xx_hal.o
HAL_GetREVID                                      Output/stm32f4xx_hal.o
HAL_GetTick                                       Output/stm32f4xx_hal.o
                                                  Output/stm32f4xx_hal_pwr_ex.o
                                                  Output/stm32f4xx_hal_dma.o
                                                  Output/stm32f4xx_hal_flash.o
                                                  Output/stm32f4xx_hal_rcc_ex.o
                                                  Output/stm32f4xx_hal_rcc.o
HAL_GetTickFreq                                   Output/stm32f4xx_hal.o
HAL_GetTickPrio                                   Output/stm32f4xx_hal.o
HAL_GetUIDw0                                      Output/stm32f4xx_hal.o
HAL_GetUIDw1                                      Output/stm32f4xx_hal.o
HAL_GetUIDw2                                      Output/stm32f4xx_hal.o
HAL_IncTick                                       Output/stm32f4xx_hal.o
                                                  Output/stm32f4xx_it.o
HAL_Init                                          Output/stm32f4xx_hal.o
                                                  Output/pal_board.o
HAL_InitTick                                      Output/stm32f4xx_hal.o
                                                  Output/stm32f4xx_hal_rcc_ex.o
                                                  Output/stm32f4xx_hal_rcc.o
HAL_MPU_ConfigRegion                              Output/stm32f4xx_hal_cortex.o
HAL_MPU_Disable                                   Output/stm32f4xx_hal_cortex.o
HAL_MPU_Enable                                    Output/stm32f4xx_hal_cortex.o
HAL_MspDeInit                                     Output/stm32f4xx_hal.o
HAL_MspInit                                       Output/stm32_hal_msp.o
                                                  Output/pal_board.o
HAL_NVIC_ClearPendingIRQ                          Output/stm32f4xx_hal_cortex.o
HAL_NVIC_DisableIRQ                               Output/stm32f4xx_hal_cortex.o
HAL_NVIC_EnableIRQ                                Output/stm32f4xx_hal_cortex.o
HAL_NVIC_GetActive                                Output/stm32f4xx_hal_cortex.o
HAL_NVIC_GetPendingIRQ                            Output/stm32f4xx_hal_cortex.o
HAL_NVIC_GetPriority                              Output/stm32f4xx_hal_cortex.o
HAL_NVIC_GetPriorityGrouping                      Output/stm32f4xx_hal_cortex.o
HAL_NVIC_SetPendingIRQ                            Output/stm32f4xx_hal_cortex.o
HAL_NVIC_SetPriority                              Output/stm32f4xx_hal_cortex.o
                                                  Output/stm32f4xx_hal.o
HAL_NVIC_SetPriorityGrouping                      Output/stm32f4xx_hal_cortex.o
                                                  Output/stm32f4xx_hal.o
HAL_NVIC_SystemReset                              Output/stm32f4xx_hal_cortex.o
HAL_PWREx_ControlVoltageScaling                   Output/stm32f4xx_hal_pwr_ex.o
                                                  Output/pal_clock.o
HAL_PWREx_DisableBkUpReg                          Output/stm32f4xx_hal_pwr_ex.o
HAL_PWREx_DisableFlashPowerDown                   Output/stm32f4xx_hal_pwr_ex.o
HAL_PWREx_DisableOverDrive                        Output/stm32f4xx_hal_pwr_ex.o
HAL_PWREx_EnableBkUpReg                           Output/stm32f4xx_hal_pwr_ex.o
HAL_PWREx_EnableFlashPowerDown                    Output/stm32f4xx_hal_pwr_ex.o
HAL_PWREx_EnableOverDrive                         Output/stm32f4xx_hal_pwr_ex.o
HAL_PWREx_EnterUnderDriveSTOPMode                 Output/stm32f4xx_hal_pwr_ex.o
HAL_PWREx_GetVoltageRange                         Output/stm32f4xx_hal_pwr_ex.o
HAL_PWR_ConfigPVD                                 Output/stm32f4xx_hal_pwr.o
HAL_PWR_DeInit                                    Output/stm32f4xx_hal_pwr.o
HAL_PWR_DisableBkUpAccess                         Output/stm32f4xx_hal_pwr.o
HAL_PWR_DisablePVD                                Output/stm32f4xx_hal_pwr.o
HAL_PWR_DisableSEVOnPend                          Output/stm32f4xx_hal_pwr.o
HAL_PWR_DisableSleepOnExit                        Output/stm32f4xx_hal_pwr.o
HAL_PWR_DisableWakeUpPin                          Output/stm32f4xx_hal_pwr.o
HAL_PWR_EnableBkUpAccess                          Output/stm32f4xx_hal_pwr.o
HAL_PWR_EnablePVD                                 Output/stm32f4xx_hal_pwr.o
HAL_PWR_EnableSEVOnPend                           Output/stm32f4xx_hal_pwr.o
HAL_PWR_EnableSleepOnExit                         Output/stm32f4xx_hal_pwr.o
HAL_PWR_EnableWakeUpPin                           Output/stm32f4xx_hal_pwr.o
HAL_PWR_EnterSLEEPMode                            Output/stm32f4xx_hal_pwr.o
HAL_PWR_EnterSTANDBYMode                          Output/stm32f4xx_hal_pwr.o
HAL_PWR_EnterSTOPMode                             Output/stm32f4xx_hal_pwr.o
HAL_PWR_PVDCallback                               Output/stm32f4xx_hal_pwr.o
HAL_PWR_PVD_IRQHandler                            Output/stm32f4xx_hal_pwr.o
HAL_RCCEx_DisablePLLI2S                           Output/stm32f4xx_hal_rcc_ex.o
HAL_RCCEx_DisablePLLSAI                           Output/stm32f4xx_hal_rcc_ex.o
HAL_RCCEx_EnablePLLI2S                            Output/stm32f4xx_hal_rcc_ex.o
HAL_RCCEx_EnablePLLSAI                            Output/stm32f4xx_hal_rcc_ex.o
HAL_RCCEx_GetPeriphCLKConfig                      Output/stm32f4xx_hal_rcc_ex.o
HAL_RCCEx_GetPeriphCLKFreq                        Output/stm32f4xx_hal_rcc_ex.o
HAL_RCCEx_PeriphCLKConfig                         Output/stm32f4xx_hal_rcc_ex.o
HAL_RCCEx_SelectLSEMode                           Output/stm32f4xx_hal_rcc_ex.o
HAL_RCC_CSSCallback                               Output/stm32f4xx_hal_rcc.o
HAL_RCC_ClockConfig                               Output/stm32f4xx_hal_rcc.o
                                                  Output/pal_clock.o
HAL_RCC_DeInit                                    Output/stm32f4xx_hal_rcc_ex.o
                                                  Output/stm32f4xx_hal_rcc.o
HAL_RCC_DisableCSS                                Output/stm32f4xx_hal_rcc.o
HAL_RCC_EnableCSS                                 Output/stm32f4xx_hal_rcc.o
HAL_RCC_GetClockConfig                            Output/stm32f4xx_hal_rcc.o
HAL_RCC_GetHCLKFreq                               Output/stm32f4xx_hal_rcc.o
HAL_RCC_GetOscConfig                              Output/stm32f4xx_hal_rcc_ex.o
                                                  Output/stm32f4xx_hal_rcc.o
HAL_RCC_GetPCLK1Freq                              Output/stm32f4xx_hal_rcc.o
HAL_RCC_GetPCLK2Freq                              Output/stm32f4xx_hal_rcc.o
HAL_RCC_GetSysClockFreq                           Output/stm32f4xx_hal_rcc_ex.o
                                                  Output/stm32f4xx_hal_rcc.o
HAL_RCC_MCOConfig                                 Output/stm32f4xx_hal_rcc.o
HAL_RCC_NMI_IRQHandler                            Output/stm32f4xx_hal_rcc.o
HAL_RCC_OscConfig                                 Output/stm32f4xx_hal_rcc_ex.o
                                                  Output/stm32f4xx_hal_rcc.o
                                                  Output/pal_clock.o
HAL_ResumeTick                                    Output/stm32f4xx_hal.o
HAL_SYSTICK_CLKSourceConfig                       Output/stm32f4xx_hal_cortex.o
HAL_SYSTICK_Callback                              Output/stm32f4xx_hal_cortex.o
HAL_SYSTICK_Config                                Output/stm32f4xx_hal_cortex.o
                                                  Output/stm32f4xx_hal.o
HAL_SYSTICK_IRQHandler                            Output/stm32f4xx_hal_cortex.o
HAL_SetTickFreq                                   Output/stm32f4xx_hal.o
HAL_SuspendTick                                   Output/stm32f4xx_hal.o
HardFault_Handler                                 Output/stm32f4xx_it.o
I2C1_ER_IRQHandler                                Output/startup_stm32f4.o
I2C1_EV_IRQHandler                                Output/startup_stm32f4.o
I2C2_ER_IRQHandler                                Output/startup_stm32f4.o
I2C2_EV_IRQHandler                                Output/startup_stm32f4.o
I2C3_ER_IRQHandler                                Output/startup_stm32f4.o
I2C3_EV_IRQHandler                                Output/startup_stm32f4.o
MemManage_Handler                                 Output/stm32f4xx_it.o
NMI_Handler                                       Output/stm32f4xx_it.o
OTG_FS_IRQHandler                                 Output/startup_stm32f4.o
OTG_FS_WKUP_IRQHandler                            Output/startup_stm32f4.o
OTG_HS_EP1_IN_IRQHandler                          Output/startup_stm32f4.o
OTG_HS_EP1_OUT_IRQHandler                         Output/startup_stm32f4.o
OTG_HS_IRQHandler                                 Output/startup_stm32f4.o
OTG_HS_WKUP_IRQHandler                            Output/startup_stm32f4.o
PVD_IRQHandler                                    Output/startup_stm32f4.o
PalClock::PalClock(ClockConfig const&)            Output/pal_clock.o
PalClock::PalClock(ClockConfig const&)            Output/pal_clock.o
                                                  Output/main.o
PalClock::init()                                  Output/pal_clock.o
                                                  Output/main.o
PalClock::mapAhbDiv(AhbDiv)                       Output/pal_clock.o
PalClock::mapApbDiv(ApbDiv)                       Output/pal_clock.o
PendSV_Handler                                    Output/stm32f4xx_it.o
QUADSPI_IRQHandler                                Output/startup_stm32f4.o
RCC_IRQHandler                                    Output/startup_stm32f4.o
RTC_Alarm_IRQHandler                              Output/startup_stm32f4.o
RTC_WKUP_IRQHandler                               Output/startup_stm32f4.o
Reset_Handler                                     Output/startup_stm32f4.o
SAI1_IRQHandler                                   Output/startup_stm32f4.o
SAI2_IRQHandler                                   Output/startup_stm32f4.o
SDIO_IRQHandler                                   Output/startup_stm32f4.o
SPDIF_RX_IRQHandler                               Output/startup_stm32f4.o
SPI1_IRQHandler                                   Output/startup_stm32f4.o
SPI2_IRQHandler                                   Output/startup_stm32f4.o
SPI3_IRQHandler                                   Output/startup_stm32f4.o
SPI4_IRQHandler                                   Output/startup_stm32f4.o
SVC_Handler                                       Output/stm32f4xx_it.o
SysTick_Handler                                   Output/stm32f4xx_it.o
SystemCoreClock                                   Output/system_stm32f4xx.o
                                                  Output/stm32f4xx_hal.o
                                                  Output/stm32f4xx_hal_dma.o
                                                  Output/stm32f4xx_hal_rcc_ex.o
                                                  Output/stm32f4xx_hal_rcc.o
SystemCoreClockUpdate                             Output/system_stm32f4xx.o
SystemInit                                        Output/system_stm32f4xx.o
                                                  Output/startup_stm32f4.o
TAMP_STAMP_IRQHandler                             Output/startup_stm32f4.o
TIM1_BRK_TIM9_IRQHandler                          Output/startup_stm32f4.o
TIM1_CC_IRQHandler                                Output/startup_stm32f4.o
TIM1_TRG_COM_TIM11_IRQHandler                     Output/startup_stm32f4.o
TIM1_UP_TIM10_IRQHandler                          Output/startup_stm32f4.o
TIM2_IRQHandler                                   Output/startup_stm32f4.o
TIM3_IRQHandler                                   Output/startup_stm32f4.o
TIM4_IRQHandler                                   Output/startup_stm32f4.o
TIM5_IRQHandler                                   Output/startup_stm32f4.o
TIM6_DAC_IRQHandler                               Output/startup_stm32f4.o
TIM7_IRQHandler                                   Output/startup_stm32f4.o
TIM8_BRK_TIM12_IRQHandler                         Output/startup_stm32f4.o
TIM8_CC_IRQHandler                                Output/startup_stm32f4.o
TIM8_TRG_COM_TIM14_IRQHandler                     Output/startup_stm32f4.o
TIM8_UP_TIM13_IRQHandler                          Output/startup_stm32f4.o
UART4_IRQHandler                                  Output/startup_stm32f4.o
UART5_IRQHandler                                  Output/startup_stm32f4.o
USART1_IRQHandler                                 Output/startup_stm32f4.o
USART2_IRQHandler                                 Output/startup_stm32f4.o
USART3_IRQHandler                                 Output/startup_stm32f4.o
USART6_IRQHandler                                 Output/startup_stm32f4.o
UsageFault_Handler                                Output/stm32f4xx_it.o
WWDG_IRQHandler                                   Output/startup_stm32f4.o
_Min_Stack_Size                                   Output/sysmem.o
__aeabi_idiv0                                     c:/program files (x86)/gnu arm embedded toolchain/10 2021.10/bin/../lib/gcc/arm-none-eabi/10.3.1/thumb/v7e-m/nofp\libgcc.a(_dvmd_tls.o)
__aeabi_ldiv0                                     c:/program files (x86)/gnu arm embedded toolchain/10 2021.10/bin/../lib/gcc/arm-none-eabi/10.3.1/thumb/v7e-m/nofp\libgcc.a(_dvmd_tls.o)
                                                  c:/program files (x86)/gnu arm embedded toolchain/10 2021.10/bin/../lib/gcc/arm-none-eabi/10.3.1/thumb/v7e-m/nofp\libgcc.a(_aeabi_uldivmod.o)
__aeabi_uldivmod                                  c:/program files (x86)/gnu arm embedded toolchain/10 2021.10/bin/../lib/gcc/arm-none-eabi/10.3.1/thumb/v7e-m/nofp\libgcc.a(_aeabi_uldivmod.o)
                                                  Output/stm32f4xx_hal_rcc_ex.o
                                                  Output/stm32f4xx_hal_rcc.o
__bss_end__                                       c:/program files (x86)/gnu arm embedded toolchain/10 2021.10/bin/../lib/gcc/arm-none-eabi/10.3.1/../../../../arm-none-eabi/lib/thumb/v7e-m/nofp/crt0.o
__bss_start__                                     c:/program files (x86)/gnu arm embedded toolchain/10 2021.10/bin/../lib/gcc/arm-none-eabi/10.3.1/../../../../arm-none-eabi/lib/thumb/v7e-m/nofp/crt0.o
__call_exitprocs                                  c:/program files (x86)/gnu arm embedded toolchain/10 2021.10/bin/../lib/gcc/arm-none-eabi/10.3.1/../../../../arm-none-eabi/lib/thumb/v7e-m/nofp\libc_nano.a(lib_a-exit.o)
__deregister_frame_info                           c:/program files (x86)/gnu arm embedded toolchain/10 2021.10/bin/../lib/gcc/arm-none-eabi/10.3.1/thumb/v7e-m/nofp/crtbegin.o
__dso_handle                                      c:/program files (x86)/gnu arm embedded toolchain/10 2021.10/bin/../lib/gcc/arm-none-eabi/10.3.1/thumb/v7e-m/nofp/crtbegin.o
__env                                             Output/syscalls.o
__errno                                           c:/program files (x86)/gnu arm embedded toolchain/10 2021.10/bin/../lib/gcc/arm-none-eabi/10.3.1/../../../../arm-none-eabi/lib/thumb/v7e-m/nofp\libc_nano.a(lib_a-errno.o)
                                                  Output/syscalls.o
                                                  Output/sysmem.o
__init_array_end                                  c:/program files (x86)/gnu arm embedded toolchain/10 2021.10/bin/../lib/gcc/arm-none-eabi/10.3.1/../../../../arm-none-eabi/lib/thumb/v7e-m/nofp\libc_nano.a(lib_a-init.o)
__init_array_start                                c:/program files (x86)/gnu arm embedded toolchain/10 2021.10/bin/../lib/gcc/arm-none-eabi/10.3.1/../../../../arm-none-eabi/lib/thumb/v7e-m/nofp\libc_nano.a(lib_a-init.o)
__io_getchar                                      Output/syscalls.o
__io_putchar                                      Output/syscalls.o
__libc_fini_array                                 c:/program files (x86)/gnu arm embedded toolchain/10 2021.10/bin/../lib/gcc/arm-none-eabi/10.3.1/../../../../arm-none-eabi/lib/thumb/v7e-m/nofp/crt0.o
__libc_init_array                                 c:/program files (x86)/gnu arm embedded toolchain/10 2021.10/bin/../lib/gcc/arm-none-eabi/10.3.1/../../../../arm-none-eabi/lib/thumb/v7e-m/nofp\libc_nano.a(lib_a-init.o)
                                                  Output/startup_stm32f4.o
                                                  c:/program files (x86)/gnu arm embedded toolchain/10 2021.10/bin/../lib/gcc/arm-none-eabi/10.3.1/../../../../arm-none-eabi/lib/thumb/v7e-m/nofp/crt0.o
__preinit_array_end                               c:/program files (x86)/gnu arm embedded toolchain/10 2021.10/bin/../lib/gcc/arm-none-eabi/10.3.1/../../../../arm-none-eabi/lib/thumb/v7e-m/nofp\libc_nano.a(lib_a-init.o)
__preinit_array_start                             c:/program files (x86)/gnu arm embedded toolchain/10 2021.10/bin/../lib/gcc/arm-none-eabi/10.3.1/../../../../arm-none-eabi/lib/thumb/v7e-m/nofp\libc_nano.a(lib_a-init.o)
__register_frame_info                             c:/program files (x86)/gnu arm embedded toolchain/10 2021.10/bin/../lib/gcc/arm-none-eabi/10.3.1/thumb/v7e-m/nofp/crtbegin.o
__sf_fake_stderr                                  c:/program files (x86)/gnu arm embedded toolchain/10 2021.10/bin/../lib/gcc/arm-none-eabi/10.3.1/../../../../arm-none-eabi/lib/thumb/v7e-m/nofp\libc_nano.a(lib_a-impure.o)
__sf_fake_stdin                                   c:/program files (x86)/gnu arm embedded toolchain/10 2021.10/bin/../lib/gcc/arm-none-eabi/10.3.1/../../../../arm-none-eabi/lib/thumb/v7e-m/nofp\libc_nano.a(lib_a-impure.o)
__sf_fake_stdout                                  c:/program files (x86)/gnu arm embedded toolchain/10 2021.10/bin/../lib/gcc/arm-none-eabi/10.3.1/../../../../arm-none-eabi/lib/thumb/v7e-m/nofp\libc_nano.a(lib_a-impure.o)
__stack                                           c:/program files (x86)/gnu arm embedded toolchain/10 2021.10/bin/../lib/gcc/arm-none-eabi/10.3.1/../../../../arm-none-eabi/lib/thumb/v7e-m/nofp/crt0.o
__udivmoddi4                                      c:/program files (x86)/gnu arm embedded toolchain/10 2021.10/bin/../lib/gcc/arm-none-eabi/10.3.1/thumb/v7e-m/nofp\libgcc.a(_udivmoddi4.o)
                                                  c:/program files (x86)/gnu arm embedded toolchain/10 2021.10/bin/../lib/gcc/arm-none-eabi/10.3.1/thumb/v7e-m/nofp\libgcc.a(_aeabi_uldivmod.o)
_close                                            Output/syscalls.o
_ebss                                             Output/startup_stm32f4.o
_edata                                            Output/startup_stm32f4.o
_end                                              Output/sysmem.o
_estack                                           Output/startup_stm32f4.o
                                                  Output/sysmem.o
_execve                                           Output/syscalls.o
_exit                                             Output/syscalls.o
                                                  c:/program files (x86)/gnu arm embedded toolchain/10 2021.10/bin/../lib/gcc/arm-none-eabi/10.3.1/../../../../arm-none-eabi/lib/thumb/v7e-m/nofp\libc_nano.a(lib_a-exit.o)
_fini                                             c:/program files (x86)/gnu arm embedded toolchain/10 2021.10/bin/../lib/gcc/arm-none-eabi/10.3.1/thumb/v7e-m/nofp/crti.o
_fork                                             Output/syscalls.o
_fstat                                            Output/syscalls.o
_getpid                                           Output/syscalls.o
_global_impure_ptr                                c:/program files (x86)/gnu arm embedded toolchain/10 2021.10/bin/../lib/gcc/arm-none-eabi/10.3.1/../../../../arm-none-eabi/lib/thumb/v7e-m/nofp\libc_nano.a(lib_a-impure.o)
                                                  c:/program files (x86)/gnu arm embedded toolchain/10 2021.10/bin/../lib/gcc/arm-none-eabi/10.3.1/../../../../arm-none-eabi/lib/thumb/v7e-m/nofp\libc_nano.a(lib_a-exit.o)
_impure_ptr                                       c:/program files (x86)/gnu arm embedded toolchain/10 2021.10/bin/../lib/gcc/arm-none-eabi/10.3.1/../../../../arm-none-eabi/lib/thumb/v7e-m/nofp\libc_nano.a(lib_a-impure.o)
                                                  c:/program files (x86)/gnu arm embedded toolchain/10 2021.10/bin/../lib/gcc/arm-none-eabi/10.3.1/../../../../arm-none-eabi/lib/thumb/v7e-m/nofp\libc_nano.a(lib_a-errno.o)
_init                                             c:/program files (x86)/gnu arm embedded toolchain/10 2021.10/bin/../lib/gcc/arm-none-eabi/10.3.1/thumb/v7e-m/nofp/crti.o
                                                  c:/program files (x86)/gnu arm embedded toolchain/10 2021.10/bin/../lib/gcc/arm-none-eabi/10.3.1/../../../../arm-none-eabi/lib/thumb/v7e-m/nofp\libc_nano.a(lib_a-init.o)
_isatty                                           Output/syscalls.o
_kill                                             Output/syscalls.o
_link                                             Output/syscalls.o
_lseek                                            Output/syscalls.o
_mainCRTStartup                                   c:/program files (x86)/gnu arm embedded toolchain/10 2021.10/bin/../lib/gcc/arm-none-eabi/10.3.1/../../../../arm-none-eabi/lib/thumb/v7e-m/nofp/crt0.o
_open                                             Output/syscalls.o
_read                                             Output/syscalls.o
_sbrk                                             Output/sysmem.o
_sbss                                             Output/startup_stm32f4.o
_sdata                                            Output/startup_stm32f4.o
_sidata                                           Output/startup_stm32f4.o
_stack_init                                       c:/program files (x86)/gnu arm embedded toolchain/10 2021.10/bin/../lib/gcc/arm-none-eabi/10.3.1/../../../../arm-none-eabi/lib/thumb/v7e-m/nofp/crt0.o
_start                                            c:/program files (x86)/gnu arm embedded toolchain/10 2021.10/bin/../lib/gcc/arm-none-eabi/10.3.1/../../../../arm-none-eabi/lib/thumb/v7e-m/nofp/crt0.o
_stat                                             Output/syscalls.o
_times                                            Output/syscalls.o
_unlink                                           Output/syscalls.o
_wait                                             Output/syscalls.o
_write                                            Output/syscalls.o
assert_failed                                     Output/pal_board.o
                                                  Output/stm32f4xx_hal_exti.o
                                                  Output/stm32f4xx_hal.o
                                                  Output/stm32f4xx_hal_cortex.o
                                                  Output/stm32f4xx_hal_pwr_ex.o
                                                  Output/stm32f4xx_hal_pwr.o
                                                  Output/stm32f4xx_hal_dma.o
                                                  Output/stm32f4xx_hal_dma_ex.o
                                                  Output/stm32f4xx_hal_gpio.o
                                                  Output/stm32f4xx_hal_flash_ex.o
                                                  Output/stm32f4xx_hal_flash.o
                                                  Output/stm32f4xx_hal_rcc_ex.o
                                                  Output/stm32f4xx_hal_rcc.o
atexit                                            c:/program files (x86)/gnu arm embedded toolchain/10 2021.10/bin/../lib/gcc/arm-none-eabi/10.3.1/../../../../arm-none-eabi/lib/thumb/v7e-m/nofp/crt0.o
environ                                           Output/syscalls.o
exit                                              c:/program files (x86)/gnu arm embedded toolchain/10 2021.10/bin/../lib/gcc/arm-none-eabi/10.3.1/../../../../arm-none-eabi/lib/thumb/v7e-m/nofp\libc_nano.a(lib_a-exit.o)
                                                  c:/program files (x86)/gnu arm embedded toolchain/10 2021.10/bin/../lib/gcc/arm-none-eabi/10.3.1/../../../../arm-none-eabi/lib/thumb/v7e-m/nofp/crt0.o
g_pfnVectors                                      Output/startup_stm32f4.o
hardware_init_hook                                c:/program files (x86)/gnu arm embedded toolchain/10 2021.10/bin/../lib/gcc/arm-none-eabi/10.3.1/../../../../arm-none-eabi/lib/thumb/v7e-m/nofp/crt0.o
initialise_monitor_handles                        Output/syscalls.o
led                                               Output/main.o
main                                              Output/main.o
                                                  Output/startup_stm32f4.o
                                                  c:/program files (x86)/gnu arm embedded toolchain/10 2021.10/bin/../lib/gcc/arm-none-eabi/10.3.1/../../../../arm-none-eabi/lib/thumb/v7e-m/nofp/crt0.o
memset                                            c:/program files (x86)/gnu arm embedded toolchain/10 2021.10/bin/../lib/gcc/arm-none-eabi/10.3.1/../../../../arm-none-eabi/lib/thumb/v7e-m/nofp\libc_nano.a(lib_a-memset.o)
                                                  Output/pal_clock.o
                                                  c:/program files (x86)/gnu arm embedded toolchain/10 2021.10/bin/../lib/gcc/arm-none-eabi/10.3.1/../../../../arm-none-eabi/lib/thumb/v7e-m/nofp/crt0.o
pFlash                                            Output/stm32f4xx_hal_flash.o
                                                  Output/stm32f4xx_hal_flash_ex.o
pal::Board::delay(unsigned long)                  Output/pal_board.o
                                                  Output/main.o
pal::Board::errorHandler()                        Output/pal_board.o
pal::Board::init()                                Output/pal_board.o
                                                  Output/main.o
pal::Board::mspInit()                             Output/pal_board.o
pal::Gpio::Gpio(unsigned char, unsigned char)     Output/pal_gpio.o
                                                  Output/main.o
pal::Gpio::Gpio(unsigned char, unsigned char)     Output/pal_gpio.o
pal::Gpio::config(pal::Gpio::Mode, pal::Gpio::Pull, pal::Gpio::Speed, unsigned char) Output/pal_gpio.o
                                                  Output/main.o
pal::Gpio::read() const                           Output/pal_gpio.o
pal::Gpio::write(bool)                            Output/pal_gpio.o
                                                  Output/main.o
software_init_hook                                c:/program files (x86)/gnu arm embedded toolchain/10 2021.10/bin/../lib/gcc/arm-none-eabi/10.3.1/../../../../arm-none-eabi/lib/thumb/v7e-m/nofp/crt0.o
uwTick                                            Output/stm32f4xx_hal.o
uwTickFreq                                        Output/stm32f4xx_hal.o
uwTickPrio                                        Output/stm32f4xx_hal.o
                                                  Output/stm32f4xx_hal_rcc_ex.o
                                                  Output/stm32f4xx_hal_rcc.o
