Archive member included to satisfy reference by file (symbol)

c:/program files (x86)/gnu arm embedded toolchain/10 2021.10/bin/../lib/gcc/arm-none-eabi/10.3.1/../../../../arm-none-eabi/lib/thumb/v7e-m/nofp\libstdc++_nano.a(atexit_arm.o)
                              Output/main.o (__aeabi_atexit)
c:/program files (x86)/gnu arm embedded toolchain/10 2021.10/bin/../lib/gcc/arm-none-eabi/10.3.1/../../../../arm-none-eabi/lib/thumb/v7e-m/nofp\libstdc++_nano.a(del_ops.o)
                              Output/main.o (operator delete(void*, unsigned int))
c:/program files (x86)/gnu arm embedded toolchain/10 2021.10/bin/../lib/gcc/arm-none-eabi/10.3.1/../../../../arm-none-eabi/lib/thumb/v7e-m/nofp\libstdc++_nano.a(guard.o)
                              Output/HardwareInit.o (__cxa_guard_acquire)
c:/program files (x86)/gnu arm embedded toolchain/10 2021.10/bin/../lib/gcc/arm-none-eabi/10.3.1/../../../../arm-none-eabi/lib/thumb/v7e-m/nofp\libstdc++_nano.a(new_op.o)
                              Output/HardwareInit.o (operator new(unsigned int))
c:/program files (x86)/gnu arm embedded toolchain/10 2021.10/bin/../lib/gcc/arm-none-eabi/10.3.1/../../../../arm-none-eabi/lib/thumb/v7e-m/nofp\libstdc++_nano.a(pure.o)
                              Output/main.o (__cxa_pure_virtual)
c:/program files (x86)/gnu arm embedded toolchain/10 2021.10/bin/../lib/gcc/arm-none-eabi/10.3.1/../../../../arm-none-eabi/lib/thumb/v7e-m/nofp\libstdc++_nano.a(functexcept.o)
                              Output/HardwareInit.o (std::__throw_bad_alloc())
c:/program files (x86)/gnu arm embedded toolchain/10 2021.10/bin/../lib/gcc/arm-none-eabi/10.3.1/../../../../arm-none-eabi/lib/thumb/v7e-m/nofp\libstdc++_nano.a(functional.o)
                              Output/Stm32Uart.o (std::__throw_bad_function_call())
c:/program files (x86)/gnu arm embedded toolchain/10 2021.10/bin/../lib/gcc/arm-none-eabi/10.3.1/../../../../arm-none-eabi/lib/thumb/v7e-m/nofp\libstdc++_nano.a(snprintf_lite.o)
                              c:/program files (x86)/gnu arm embedded toolchain/10 2021.10/bin/../lib/gcc/arm-none-eabi/10.3.1/../../../../arm-none-eabi/lib/thumb/v7e-m/nofp\libstdc++_nano.a(functexcept.o) (__gnu_cxx::__snprintf_lite(char*, unsigned int, char const*, std::__va_list))
c:/program files (x86)/gnu arm embedded toolchain/10 2021.10/bin/../lib/gcc/arm-none-eabi/10.3.1/../../../../arm-none-eabi/lib/thumb/v7e-m/nofp\libstdc++_nano.a(del_op.o)
                              c:/program files (x86)/gnu arm embedded toolchain/10 2021.10/bin/../lib/gcc/arm-none-eabi/10.3.1/../../../../arm-none-eabi/lib/thumb/v7e-m/nofp\libstdc++_nano.a(del_ops.o) (operator delete(void*))
c:/program files (x86)/gnu arm embedded toolchain/10 2021.10/bin/../lib/gcc/arm-none-eabi/10.3.1/../../../../arm-none-eabi/lib/thumb/v7e-m/nofp\libstdc++_nano.a(eh_exception.o)
                              c:/program files (x86)/gnu arm embedded toolchain/10 2021.10/bin/../lib/gcc/arm-none-eabi/10.3.1/../../../../arm-none-eabi/lib/thumb/v7e-m/nofp\libstdc++_nano.a(functional.o) (std::exception::~exception())
c:/program files (x86)/gnu arm embedded toolchain/10 2021.10/bin/../lib/gcc/arm-none-eabi/10.3.1/../../../../arm-none-eabi/lib/thumb/v7e-m/nofp\libstdc++_nano.a(eh_terminate.o)
                              c:/program files (x86)/gnu arm embedded toolchain/10 2021.10/bin/../lib/gcc/arm-none-eabi/10.3.1/../../../../arm-none-eabi/lib/thumb/v7e-m/nofp\libstdc++_nano.a(pure.o) (std::terminate())
c:/program files (x86)/gnu arm embedded toolchain/10 2021.10/bin/../lib/gcc/arm-none-eabi/10.3.1/../../../../arm-none-eabi/lib/thumb/v7e-m/nofp\libstdc++_nano.a(eh_unex_handler.o)
                              c:/program files (x86)/gnu arm embedded toolchain/10 2021.10/bin/../lib/gcc/arm-none-eabi/10.3.1/../../../../arm-none-eabi/lib/thumb/v7e-m/nofp\libstdc++_nano.a(eh_terminate.o) (__cxxabiv1::__unexpected_handler)
c:/program files (x86)/gnu arm embedded toolchain/10 2021.10/bin/../lib/gcc/arm-none-eabi/10.3.1/../../../../arm-none-eabi/lib/thumb/v7e-m/nofp\libstdc++_nano.a(new_handler.o)
                              c:/program files (x86)/gnu arm embedded toolchain/10 2021.10/bin/../lib/gcc/arm-none-eabi/10.3.1/../../../../arm-none-eabi/lib/thumb/v7e-m/nofp\libstdc++_nano.a(new_op.o) (std::get_new_handler())
c:/program files (x86)/gnu arm embedded toolchain/10 2021.10/bin/../lib/gcc/arm-none-eabi/10.3.1/../../../../arm-none-eabi/lib/thumb/v7e-m/nofp\libstdc++_nano.a(si_class_type_info.o)
                              c:/program files (x86)/gnu arm embedded toolchain/10 2021.10/bin/../lib/gcc/arm-none-eabi/10.3.1/../../../../arm-none-eabi/lib/thumb/v7e-m/nofp\libstdc++_nano.a(functional.o) (vtable for __cxxabiv1::__si_class_type_info)
c:/program files (x86)/gnu arm embedded toolchain/10 2021.10/bin/../lib/gcc/arm-none-eabi/10.3.1/../../../../arm-none-eabi/lib/thumb/v7e-m/nofp\libstdc++_nano.a(tinfo.o)
[...]
Memory Configuration

Name             Origin             Length             Attributes
RAM              0x20000000         0x00020000         xrw
FLASH            0x08000000         0x00080000         xr
*default*        0x00000000         0xffffffff

Linker script and memory map

LOAD c:/program files (x86)/gnu arm embedded toolchain/10 2021.10/bin/../lib/gcc/arm-none-eabi/10.3.1/thumb/v7e-m/nofp/crti.o
LOAD c:/program files (x86)/gnu arm embedded toolchain/10 2021.10/bin/../lib/gcc/arm-none-eabi/10.3.1/thumb/v7e-m/nofp/crtbegin.o
LOAD c:/program files (x86)/gnu arm embedded toolchain/10 2021.10/bin/../lib/gcc/arm-none-eabi/10.3.1/../../../../arm-none-eabi/lib/thumb/v7e-m/nofp/crt0.o
LOAD Output/stm32_hal_msp.o
LOAD Output/sysmem.o
LOAD Output/syscalls.o
LOAD Output/system_stm32f4xx.o
LOAD Output/stm32f4xx_hal_rcc.o
LOAD Output/stm32f4xx_hal_rcc_ex.o
LOAD Output/stm32f4xx_hal_flash.o
LOAD Output/stm32f4xx_hal_flash_ex.o
LOAD Output/stm32f4xx_hal_flash_ramfunc.o
LOAD Output/stm32f4xx_hal_gpio.o
LOAD Output/stm32f4xx_hal_dma_ex.o
LOAD Output/stm32f4xx_hal_dma.o
LOAD Output/stm32f4xx_hal_pwr.o
LOAD Output/stm32f4xx_hal_pwr_ex.o
LOAD Output/stm32f4xx_hal_cortex.o
LOAD Output/stm32f4xx_hal.o
LOAD Output/stm32f4xx_hal_exti.o
LOAD Output/stm32f4xx_hal_uart.o
LOAD Output/stm32f4xx_it.o
LOAD Output/main.o
LOAD Output/stm32_clock.o
LOAD Output/stm32_hal_init.o
LOAD Output/Stm32Dma.o
LOAD Output/Stm32Uart.o
LOAD Output/Stm32IO.o
LOAD Output/HardwareInit.o
LOAD Output/DmaWrapper.o
LOAD Output/UartWrapper.o
LOAD Output/Pin.o
LOAD Output/startup_stm32f4.o
LOAD c:/program files (x86)/gnu arm embedded toolchain/10 2021.10/bin/../lib/gcc/arm-none-eabi/10.3.1/../../../../arm-none-eabi/lib/thumb/v7e-m/nofp\libnosys.a
LOAD c:/program files (x86)/gnu arm embedded toolchain/10 2021.10/bin/../lib/gcc/arm-none-eabi/10.3.1/../../../../arm-none-eabi/lib/thumb/v7e-m/nofp\libstdc++_nano.a
LOAD c:/program files (x86)/gnu arm embedded toolchain/10 2021.10/bin/../lib/gcc/arm-none-eabi/10.3.1/../../../../arm-none-eabi/lib/thumb/v7e-m/nofp\libm.a
LOAD c:/program files (x86)/gnu arm embedded toolchain/10 2021.10/bin/../lib/gcc/arm-none-eabi/10.3.1/../../../../arm-none-eabi/lib/thumb/v7e-m/nofp\libc_nano.a
START GROUP
LOAD c:/program files (x86)/gnu arm embedded toolchain/10 2021.10/bin/../lib/gcc/arm-none-eabi/10.3.1/thumb/v7e-m/nofp\libgcc.a
LOAD c:/program files (x86)/gnu arm embedded toolchain/10 2021.10/bin/../lib/gcc/arm-none-eabi/10.3.1/../../../../arm-none-eabi/lib/thumb/v7e-m/nofp\libc_nano.a
END GROUP
START GROUP
LOAD c:/program files (x86)/gnu arm embedded toolchain/10 2021.10/bin/../lib/gcc/arm-none-eabi/10.3.1/thumb/v7e-m/nofp\libgcc.a
LOAD c:/program files (x86)/gnu arm embedded toolchain/10 2021.10/bin/../lib/gcc/arm-none-eabi/10.3.1/../../../../arm-none-eabi/lib/thumb/v7e-m/nofp\libc_nano.a
END GROUP
LOAD c:/program files (x86)/gnu arm embedded toolchain/10 2021.10/bin/../lib/gcc/arm-none-eabi/10.3.1/thumb/v7e-m/nofp/crtend.o
LOAD c:/program files (x86)/gnu arm embedded toolchain/10 2021.10/bin/../lib/gcc/arm-none-eabi/10.3.1/thumb/v7e-m/nofp/crtn.o
                0x20020000                _estack = (ORIGIN (RAM) + LENGTH (RAM))
                0x00000200                _Min_Heap_Size = 0x200
                0x00000400                _Min_Stack_Size = 0x400

.isr_vector     0x08000000      0x1c4
                0x08000000                . = ALIGN (0x4)
 *(.isr_vector)
 .isr_vector    0x08000000      0x1c4 Output/startup_stm32f4.o
                0x08000000                g_pfnVectors
                0x080001c4                . = ALIGN (0x4)

.text           0x080001d0     0x4e00
                0x080001d0                . = ALIGN (0x4)
 *(.text)
 .text          0x080001d0       0x40 c:/program files (x86)/gnu arm embedded toolchain/10 2021.10/bin/../lib/gcc/arm-none-eabi/10.3.1/thumb/v7e-m/nofp/crtbegin.o
 .text          0x08000210       0x10 c:/program files (x86)/gnu arm embedded toolchain/10 2021.10/bin/../lib/gcc/arm-none-eabi/10.3.1/../../../../arm-none-eabi/lib/thumb/v7e-m/nofp\libc_nano.a(lib_a-strlen.o)
                0x08000210                strlen
 .text          0x08000220       0xa0 c:/program files (x86)/gnu arm embedded toolchain/10 2021.10/bin/../lib/gcc/arm-none-eabi/10.3.1/../../../../arm-none-eabi/lib/thumb/v7e-m/nofp\libc_nano.a(lib_a-memchr.o)
                0x08000220                memchr
 .text          0x080002c0       0x30 c:/program files (x86)/gnu arm embedded toolchain/10 2021.10/bin/../lib/gcc/arm-none-eabi/10.3.1/thumb/v7e-m/nofp\libgcc.a(_aeabi_uldivmod.o)
                0x080002c0                __aeabi_uldivmod
 .text          0x080002f0      0x2d0 c:/program files (x86)/gnu arm embedded toolchain/10 2021.10/bin/../lib/gcc/arm-none-eabi/10.3.1/thumb/v7e-m/nofp\libgcc.a(_udivmoddi4.o)
                0x080002f0                __udivmoddi4
 .text          0x080005c0        0x4 c:/program files (x86)/gnu arm embedded toolchain/10 2021.10/bin/../lib/gcc/arm-none-eabi/10.3.1/thumb/v7e-m/nofp\libgcc.a(_dvmd_tls.o)
                0x080005c0                __aeabi_idiv0
                0x080005c0                __aeabi_ldiv0
 *(.text*)
 .text.HAL_MspInit
                0x080005c4       0x38 Output/stm32_hal_msp.o
                0x080005c4                HAL_MspInit
 .text._sbrk    0x080005fc       0x48 Output/sysmem.o
                0x080005fc                _sbrk
 .text._getpid  0x08000644        0x4 Output/syscalls.o
                0x08000644                _getpid
 .text._kill    0x08000648       0x10 Output/syscalls.o
                0x08000648                _kill
 .text._exit    0x08000658        0xc Output/syscalls.o
                0x08000658                _exit
 .text._read    0x08000664       0x20 Output/syscalls.o
                0x08000664                _read
 .text._write   0x08000684       0x1c Output/syscalls.o
                0x08000684                _write
 .text._close   0x080006a0        0x6 Output/syscalls.o
                0x080006a0                _close
 .text._fstat   0x080006a6        0xa Output/syscalls.o
                0x080006a6                _fstat
 .text._isatty  0x080006b0        0x4 Output/syscalls.o
                0x080006b0                _isatty
 .text._lseek   0x080006b4        0x4 Output/syscalls.o
                0x080006b4                _lseek
 .text.SystemInit
                0x080006b8        0x2 Output/system_stm32f4xx.o
                0x080006b8                SystemInit
 *fill*         0x080006ba        0x2 
 .text.HAL_RCC_ClockConfig
                0x080006bc      0x21c Output/stm32f4xx_hal_rcc.o
                0x080006bc                HAL_RCC_ClockConfig
 .text.HAL_RCC_GetHCLKFreq
                0x080008d8        0xc Output/stm32f4xx_hal_rcc.o
                0x080008d8                HAL_RCC_GetHCLKFreq
 .text.HAL_RCC_GetPCLK1Freq
                0x080008e4       0x20 Output/stm32f4xx_hal_rcc.o
                0x080008e4                HAL_RCC_GetPCLK1Freq
 .text.HAL_RCC_GetPCLK2Freq
                0x08000904       0x20 Output/stm32f4xx_hal_rcc.o
                0x08000904                HAL_RCC_GetPCLK2Freq
 .text.HAL_RCC_GetSysClockFreq
                0x08000924      0x120 Output/stm32f4xx_hal_rcc_ex.o
                0x08000924                HAL_RCC_GetSysClockFreq
 .text.HAL_RCC_OscConfig
                0x08000a44      0x564 Output/stm32f4xx_hal_rcc_ex.o
                0x08000a44                HAL_RCC_OscConfig
 .text.HAL_GPIO_Init
                0x08000fa8      0x2dc Output/stm32f4xx_hal_gpio.o
                0x08000fa8                HAL_GPIO_Init
 .text.HAL_GPIO_ReadPin
                0x08001284       0x28 Output/stm32f4xx_hal_gpio.o
                0x08001284                HAL_GPIO_ReadPin
 .text.HAL_GPIO_WritePin
                0x080012ac       0x38 Output/stm32f4xx_hal_gpio.o
                0x080012ac                HAL_GPIO_WritePin
 .text.DMA_SetConfig
                0x080012e4       0x2c Output/stm32f4xx_hal_dma.o
 .text.HAL_DMA_Start_IT
                0x08001310       0x98 Output/stm32f4xx_hal_dma.o
                0x08001310                HAL_DMA_Start_IT
 .text.HAL_DMA_Abort
                0x080013a8       0x94 Output/stm32f4xx_hal_dma.o
                0x080013a8                HAL_DMA_Abort
 .text.HAL_DMA_Abort_IT
                0x0800143c       0x26 Output/stm32f4xx_hal_dma.o
                0x0800143c                HAL_DMA_Abort_IT
 *fill*         0x08001462        0x2 
 .text.HAL_NVIC_SetPriorityGrouping
                0x08001464       0x3c Output/stm32f4xx_hal_cortex.o
                0x08001464                HAL_NVIC_SetPriorityGrouping
 .text.HAL_NVIC_SetPriority
                0x080014a0       0x8c Output/stm32f4xx_hal_cortex.o
                0x080014a0                HAL_NVIC_SetPriority
 .text.HAL_NVIC_EnableIRQ
                0x0800152c       0x30 Output/stm32f4xx_hal_cortex.o
                0x0800152c                HAL_NVIC_EnableIRQ
 .text.HAL_SYSTICK_Config
                0x0800155c       0x28 Output/stm32f4xx_hal_cortex.o
                0x0800155c                HAL_SYSTICK_Config
 .text.HAL_InitTick
                0x08001584       0x4c Output/stm32f4xx_hal.o
                0x08001584                HAL_InitTick
 .text.HAL_Init
                0x080015d0       0x34 Output/stm32f4xx_hal.o
                0x080015d0                HAL_Init
 .text.HAL_IncTick
                0x08001604       0x18 Output/stm32f4xx_hal.o
                0x08001604                HAL_IncTick
 .text.HAL_GetTick
                0x0800161c        0xc Output/stm32f4xx_hal.o
                0x0800161c                HAL_GetTick
 .text.HAL_Delay
                0x08001628       0x28 Output/stm32f4xx_hal.o
                0x08001628                HAL_Delay
 .text.UART_EndTxTransfer
                0x08001650       0x20 Output/stm32f4xx_hal_uart.o
 .text.UART_EndRxTransfer
                0x08001670       0x5c Output/stm32f4xx_hal_uart.o
 .text.UART_Transmit_IT
                0x080016cc       0x60 Output/stm32f4xx_hal_uart.o
 .text.UART_SetConfig
                0x0800172c      0x174 Output/stm32f4xx_hal_uart.o
 .text.UART_WaitOnFlagUntilTimeout
                0x080018a0       0x88 Output/stm32f4xx_hal_uart.o
 .text.HAL_UART_MspInit
                0x08001928        0x2 Output/stm32f4xx_hal_uart.o
                0x08001928                HAL_UART_MspInit
 *fill*         0x0800192a        0x2 
 .text.HAL_UART_Init
                0x0800192c      0x138 Output/stm32f4xx_hal_uart.o
                0x0800192c                HAL_UART_Init
 .text.HAL_UART_Transmit
                0x08001a64       0xd8 Output/stm32f4xx_hal_uart.o
                0x08001a64                HAL_UART_Transmit
 .text.HAL_UART_Receive
                0x08001b3c       0xe4 Output/stm32f4xx_hal_uart.o
                0x08001b3c                HAL_UART_Receive
 .text.HAL_UART_Transmit_IT
                0x08001c20       0x4e Output/stm32f4xx_hal_uart.o
                0x08001c20                HAL_UART_Transmit_IT
 *fill*         0x08001c6e        0x2 
 .text.HAL_UART_Transmit_DMA
                0x08001c70       0x9c Output/stm32f4xx_hal_uart.o
                0x08001c70                HAL_UART_Transmit_DMA
 .text.HAL_UART_TxCpltCallback
                0x08001d0c        0x2 Output/stm32f4xx_hal_uart.o
                0x08001d0c                HAL_UART_TxCpltCallback
 .text.UART_DMATransmitCplt
                0x08001d0e       0x4c Output/stm32f4xx_hal_uart.o
 .text.UART_EndTransmit_IT
                0x08001d5a       0x1a Output/stm32f4xx_hal_uart.o
 .text.HAL_UART_TxHalfCpltCallback
                0x08001d74        0x2 Output/stm32f4xx_hal_uart.o
                0x08001d74                HAL_UART_TxHalfCpltCallback
 .text.UART_DMATxHalfCplt
                0x08001d76        0xa Output/stm32f4xx_hal_uart.o
 .text.HAL_UART_RxHalfCpltCallback
                0x08001d80        0x2 Output/stm32f4xx_hal_uart.o
                0x08001d80                HAL_UART_RxHalfCpltCallback
 .text.HAL_UART_ErrorCallback
                0x08001d82        0x2 Output/stm32f4xx_hal_uart.o
                0x08001d82                HAL_UART_ErrorCallback
 .text.UART_DMAError
                0x08001d84       0x58 Output/stm32f4xx_hal_uart.o
 .text.UART_DMAAbortOnError
                0x08001ddc       0x10 Output/stm32f4xx_hal_uart.o
 .text.HAL_UARTEx_RxEventCallback
                0x08001dec        0x2 Output/stm32f4xx_hal_uart.o
                0x08001dec                HAL_UARTEx_RxEventCallback
 .text.UART_Receive_IT
                0x08001dee       0xe2 Output/stm32f4xx_hal_uart.o
 .text.HAL_UART_IRQHandler
                0x08001ed0      0x280 Output/stm32f4xx_hal_uart.o
                0x08001ed0                HAL_UART_IRQHandler
 .text.UART_DMARxHalfCplt
                0x08002150       0x1a Output/stm32f4xx_hal_uart.o
 .text.UART_DMAReceiveCplt
                0x0800216a       0x96 Output/stm32f4xx_hal_uart.o
 .text.UART_Start_Receive_IT
                0x08002200       0x36 Output/stm32f4xx_hal_uart.o
                0x08002200                UART_Start_Receive_IT
 .text.HAL_UART_Receive_IT
                0x08002236       0x38 Output/stm32f4xx_hal_uart.o
                0x08002236                HAL_UART_Receive_IT
 *fill*         0x0800226e        0x2 
 .text.UART_Start_Receive_DMA
                0x08002270       0xa4 Output/stm32f4xx_hal_uart.o
                0x08002270                UART_Start_Receive_DMA
 .text.HAL_UART_Receive_DMA
                0x08002314       0x38 Output/stm32f4xx_hal_uart.o
                0x08002314                HAL_UART_Receive_DMA
 .text.NMI_Handler
                0x0800234c        0x2 Output/stm32f4xx_it.o
                0x0800234c                NMI_Handler
 .text.HardFault_Handler
                0x0800234e        0x2 Output/stm32f4xx_it.o
                0x0800234e                HardFault_Handler
 .text.MemManage_Handler
                0x08002350        0x2 Output/stm32f4xx_it.o
                0x08002350                MemManage_Handler
 .text.BusFault_Handler
                0x08002352        0x2 Output/stm32f4xx_it.o
                0x08002352                BusFault_Handler
 .text.UsageFault_Handler
                0x08002354        0x2 Output/stm32f4xx_it.o
                0x08002354                UsageFault_Handler
 .text.SVC_Handler
                0x08002356        0x2 Output/stm32f4xx_it.o
                0x08002356                SVC_Handler
 .text.DebugMon_Handler
                0x08002358        0x2 Output/stm32f4xx_it.o
                0x08002358                DebugMon_Handler
 .text.PendSV_Handler
                0x0800235a        0x2 Output/stm32f4xx_it.o
                0x0800235a                PendSV_Handler
 .text.SysTick_Handler
                0x0800235c        0x8 Output/stm32f4xx_it.o
                0x0800235c                SysTick_Handler
 .text.USART2_IRQHandler
                0x08002364       0x10 Output/stm32f4xx_it.o
                0x08002364                USART2_IRQHandler
 .text.HAL_UART_RxCpltCallback
                0x08002374       0x24 Output/stm32f4xx_it.o
                0x08002374                HAL_UART_RxCpltCallback
 .text._ZN14stm32f4_policy13Stm32F4Policy15enableGpioClockE4Port
                0x08002398       0xd0 Output/main.o
                0x08002398                stm32f4_policy::Stm32F4Policy::enableGpioClock(Port)
 .text._ZN14stm32f4_policy13Stm32F4Policy10isValidAltE5PinIDh
                0x08002468        0xc Output/main.o
                0x08002468                stm32f4_policy::Stm32F4Policy::isValidAlt(PinID, unsigned char)
 .text._ZN14stm32f4_policy13Stm32F4Policy12supportsUartE8UartInst
                0x08002474       0x3c Output/main.o
                0x08002474                stm32f4_policy::Stm32F4Policy::supportsUart(UartInst)
 .text._ZN14stm32f4_policy13Stm32F4Policy13isValidUartAFE8UartInst5PinIDh
                0x080024b0        0xc Output/main.o
                0x080024b0                stm32f4_policy::Stm32F4Policy::isValidUartAF(UartInst, PinID, unsigned char)
 .text._ZN14stm32f4_policy13Stm32F4Policy15enableUartClockE8UartInst
                0x080024bc       0x80 Output/main.o
                0x080024bc                stm32f4_policy::Stm32F4Policy::enableUartClock(UartInst)
 .text._ZNSt17_Function_handlerIFvhEPS0_E9_M_invokeERKSt9_Any_dataOh
                0x0800253c        0xa Output/main.o
                0x0800253c                std::_Function_handler<void (unsigned char), void (*)(unsigned char)>::_M_invoke(std::_Any_data const&, unsigned char&&)
 .text._ZNSt17_Function_handlerIFvhEPS0_E10_M_managerERSt9_Any_dataRKS3_St18_Manager_operation
                0x08002546       0x20 Output/main.o
                0x08002546                std::_Function_handler<void (unsigned char), void (*)(unsigned char)>::_M_manager(std::_Any_data&, std::_Any_data const&, std::_Manager_operation)
 *fill*         0x08002566        0x2 
 .text._ZN14stm32f4_policy13Stm32F4PolicyD2Ev
                0x08002568       0x14 Output/main.o
                0x08002568                stm32f4_policy::Stm32F4Policy::~Stm32F4Policy()
                0x08002568                stm32f4_policy::Stm32F4Policy::~Stm32F4Policy()
 .text._ZN14stm32f4_policy13Stm32F4Policy16enableDmaForUartE8UartInst
                0x0800257c       0x44 Output/main.o
                0x0800257c                stm32f4_policy::Stm32F4Policy::enableDmaForUart(UartInst)
 .text._ZN14stm32f4_policy13Stm32F4Policy13enableUartIrqE8UartInst
                0x080025c0       0x1a Output/main.o
                0x080025c0                stm32f4_policy::Stm32F4Policy::enableUartIrq(UartInst)
 *fill*         0x080025da        0x2 
 .text._ZN14stm32f4_policy13Stm32F4Policy8applyPinERK6PinCfg
                0x080025dc       0xbc Output/main.o
                0x080025dc                stm32f4_policy::Stm32F4Policy::applyPin(PinCfg const&)
 .text._ZN14stm32f4_policy13Stm32F4PolicyD0Ev
                0x08002698       0x20 Output/main.o
                0x08002698                stm32f4_policy::Stm32F4Policy::~Stm32F4Policy()
 .text._ZL18SystemClock_Configv
                0x080026b8       0xc4 Output/main.o
 .text._Z41__static_initialization_and_destruction_0ii
                0x0800277c       0x2c Output/main.o
 .text._ZNSt14_Function_baseD2Ev
                0x080027a8       0x12 Output/main.o
                0x080027a8                std::_Function_base::~_Function_base()
                0x080027a8                std::_Function_base::~_Function_base()
 .text._ZN3PAL6pinSetE5PinIDb
                0x080027ba       0x22 Output/main.o
                0x080027ba                PAL::pinSet(PinID, bool)
 .text._ZN3PAL13uartReceiveITE8UartInstPhj
                0x080027dc       0x1c Output/main.o
                0x080027dc                PAL::uartReceiveIT(UartInst, unsigned char*, unsigned int)
 .text.uartPrintf
                0x080027f8       0x3a Output/main.o
                0x080027f8                uartPrintf
 *fill*         0x08002832        0x2 
 .text._Z10onUartByteh
                0x08002834       0x54 Output/main.o
                0x08002834                onUartByte(unsigned char)
 .text._ZNSt8functionIFvhEEC2ERKS1_
                0x08002888       0x1e Output/main.o
                0x08002888                std::function<void (unsigned char)>::function(std::function<void (unsigned char)> const&)
                0x08002888                std::function<void (unsigned char)>::function(std::function<void (unsigned char)> const&)
 *fill*         0x080028a6        0x2 
 .text._ZNSt8functionIFvhEEC2IPS0_vvEET_
                0x080028a8       0x1c Output/main.o
                0x080028a8                std::function<void (unsigned char)>::function<void (*)(unsigned char), void, void>(void (*)(unsigned char))
                0x080028a8                std::function<void (unsigned char)>::function<void (*)(unsigned char), void, void>(void (*)(unsigned char))
 .text.main     0x080028c4      0x104 Output/main.o
                0x080028c4                main
 .text._GLOBAL__sub_I_huart2
                0x080029c8        0xe Output/main.o
 .text._ZN8PalClockC2ERK11ClockConfig
                0x080029d6       0x28 Output/stm32_clock.o
                0x080029d6                PalClock::PalClock(ClockConfig const&)
                0x080029d6                PalClock::PalClock(ClockConfig const&)
 .text._ZNK8PalClock11getSysClkHzEv
                0x080029fe        0x4 Output/stm32_clock.o
                0x080029fe                PalClock::getSysClkHz() const
 .text._ZNK8PalClock9getHclkHzEv
                0x08002a02        0xa Output/stm32_clock.o
                0x08002a02                PalClock::getHclkHz() const
 .text._ZNK8PalClock9getApb1HzEv
                0x08002a0c       0x12 Output/stm32_clock.o
                0x08002a0c                PalClock::getApb1Hz() const
 .text._ZNK8PalClock9getApb2HzEv
                0x08002a1e       0x12 Output/stm32_clock.o
                0x08002a1e                PalClock::getApb2Hz() const
 .text._ZN8PalClock9mapAhbDivE6AhbDiv
                0x08002a30       0x68 Output/stm32_clock.o
                0x08002a30                PalClock::mapAhbDiv(AhbDiv)
 .text._ZN8PalClock9mapApbDivE6ApbDiv
                0x08002a98       0x36 Output/stm32_clock.o
                0x08002a98                PalClock::mapApbDiv(ApbDiv)
 *fill*         0x08002ace        0x2 
 .text._ZN8PalClock4initEv
                0x08002ad0       0xe4 Output/stm32_clock.o
                0x08002ad0                PalClock::init()
 .text._ZN5Board4initEv
                0x08002bb4        0x8 Output/stm32_hal_init.o
                0x08002bb4                Board::init()
 .text._ZN5Board5delayEm
                0x08002bbc        0x8 Output/stm32_hal_init.o
                0x08002bbc                Board::delay(unsigned long)
 .text.assert_failed
                0x08002bc4        0x2 Output/stm32_hal_init.o
                0x08002bc4                assert_failed
 *fill*         0x08002bc6        0x2 
 .text._ZN8Stm32DmaD2Ev
                0x08002bc8       0x14 Output/Stm32Dma.o
                0x08002bc8                Stm32Dma::~Stm32Dma()
                0x08002bc8                Stm32Dma::~Stm32Dma()
 .text._ZN8Stm32Dma7startTxEPKhj
                0x08002bdc        0x2 Output/Stm32Dma.o
                0x08002bdc                Stm32Dma::startTx(unsigned char const*, unsigned int)
 .text._ZN8Stm32Dma7startRxEPhj
                0x08002bde        0x2 Output/Stm32Dma.o
                0x08002bde                Stm32Dma::startRx(unsigned char*, unsigned int)
 .text._ZN8Stm32Dma8isTxBusyEv
                0x08002be0        0x4 Output/Stm32Dma.o
                0x08002be0                Stm32Dma::isTxBusy()
 .text._ZN8Stm32Dma8isRxBusyEv
                0x08002be4        0x4 Output/Stm32Dma.o
                0x08002be4                Stm32Dma::isRxBusy()
 .text._ZN8Stm32DmaD0Ev
                0x08002be8       0x14 Output/Stm32Dma.o
                0x08002be8                Stm32Dma::~Stm32Dma()
 .text._ZN8Stm32DmaC2EP18DMA_Stream_TypeDef
                0x08002bfc       0x14 Output/Stm32Dma.o
                0x08002bfc                Stm32Dma::Stm32Dma(DMA_Stream_TypeDef*)
                0x08002bfc                Stm32Dma::Stm32Dma(DMA_Stream_TypeDef*)
 .text._ZN9Stm32Uart4initERK10UartConfig
                0x08002c10       0x2e Output/Stm32Uart.o
                0x08002c10                Stm32Uart::init(UartConfig const&)
 .text._ZN9Stm32Uart16transmitBlockingEPKhj
                0x08002c3e       0x10 Output/Stm32Uart.o
                0x08002c3e                Stm32Uart::transmitBlocking(unsigned char const*, unsigned int)
 .text._ZN9Stm32Uart15receiveBlockingEPhj
                0x08002c4e       0x10 Output/Stm32Uart.o
                0x08002c4e                Stm32Uart::receiveBlocking(unsigned char*, unsigned int)
 .text._ZN9Stm32Uart10transmitITEPKhj
                0x08002c5e        0xc Output/Stm32Uart.o
                0x08002c5e                Stm32Uart::transmitIT(unsigned char const*, unsigned int)
 .text._ZN9Stm32Uart9receiveITEPhj
                0x08002c6a        0xc Output/Stm32Uart.o
                0x08002c6a                Stm32Uart::receiveIT(unsigned char*, unsigned int)
 .text._ZN9Stm32Uart11transmitDMAEPKhj
                0x08002c76        0xc Output/Stm32Uart.o
                0x08002c76                Stm32Uart::transmitDMA(unsigned char const*, unsigned int)
 .text._ZN9Stm32Uart10receiveDMAEPhj
                0x08002c82        0xc Output/Stm32Uart.o
                0x08002c82                Stm32Uart::receiveDMA(unsigned char*, unsigned int)
 .text._ZN9Stm32Uart8onTxDoneESt8functionIFvvEE
                0x08002c8e       0x6e Output/Stm32Uart.o
                0x08002c8e                Stm32Uart::onTxDone(std::function<void ()>)
 .text._ZN9Stm32Uart8onRxByteESt8functionIFvhEE
                0x08002cfc       0x6e Output/Stm32Uart.o
                0x08002cfc                Stm32Uart::onRxByte(std::function<void (unsigned char)>)
 .text._ZN9Stm32Uart9onRxBlockESt8functionIFvPKhjEE
                0x08002d6a       0x6e Output/Stm32Uart.o
                0x08002d6a                Stm32Uart::onRxBlock(std::function<void (unsigned char const*, unsigned int)>)
 .text._ZN9Stm32Uart7onErrorESt8functionIFvmEE
                0x08002dd8       0x6e Output/Stm32Uart.o
                0x08002dd8                Stm32Uart::onError(std::function<void (unsigned long)>)
 *fill*         0x08002e46        0x2 
 .text._ZN9Stm32UartD0Ev
                0x08002e48       0x5c Output/Stm32Uart.o
                0x08002e48                Stm32Uart::~Stm32Uart()
 .text._ZN9Stm32UartD2Ev
                0x08002ea4       0x50 Output/Stm32Uart.o
                0x08002ea4                Stm32Uart::~Stm32Uart()
                0x08002ea4                Stm32Uart::~Stm32Uart()
 .text._ZN9Stm32Uart13handleUartIrqEv
                0x08002ef4       0x18 Output/Stm32Uart.o
                0x08002ef4                Stm32Uart::handleUartIrq()
 .text._ZN9Stm32Uart16registerInstanceEP13USART_TypeDefPS_
                0x08002f0c       0x20 Output/Stm32Uart.o
                0x08002f0c                Stm32Uart::registerInstance(USART_TypeDef*, Stm32Uart*)
 .text._ZN9Stm32UartC2EP13USART_TypeDefP18DMA_Stream_TypeDefmS3_m
                0x08002f2c       0xa8 Output/Stm32Uart.o
                0x08002f2c                Stm32Uart::Stm32Uart(USART_TypeDef*, DMA_Stream_TypeDef*, unsigned long, DMA_Stream_TypeDef*, unsigned long)
                0x08002f2c                Stm32Uart::Stm32Uart(USART_TypeDef*, DMA_Stream_TypeDef*, unsigned long, DMA_Stream_TypeDef*, unsigned long)
 .text._ZNKSt8functionIFvhEEclEh
                0x08002fd4       0x1e Output/Stm32Uart.o
                0x08002fd4                std::function<void (unsigned char)>::operator()(unsigned char) const
 .text._ZN9Stm32Uart16handleRxCallbackEv
                0x08002ff2       0x18 Output/Stm32Uart.o
                0x08002ff2                Stm32Uart::handleRxCallback()
 *fill*         0x0800300a        0x2 
 .text._ZN7Stm32IO4initERK6PinCfg
                0x0800300c       0xcc Output/Stm32IO.o
                0x0800300c                Stm32IO::init(PinCfg const&)
 .text._ZN7Stm32IO4readEv
                0x080030d8       0x64 Output/Stm32IO.o
                0x080030d8                Stm32IO::read()
 .text._ZN7Stm32IO3setEb
                0x0800313c       0x64 Output/Stm32IO.o
                0x0800313c                Stm32IO::set(bool)
 .text._Z41__static_initialization_and_destruction_0ii
                0x080031a0       0x64 Output/HardwareInit.o
 .text._ZNSt6vectorISt10unique_ptrI3PinSt14default_deleteIS1_EESaIS4_EED2Ev
                0x08003204       0x3e Output/HardwareInit.o
                0x08003204                std::vector<std::unique_ptr<Pin, std::default_delete<Pin> >, std::allocator<std::unique_ptr<Pin, std::default_delete<Pin> > > >::~vector()
                0x08003204                std::vector<std::unique_ptr<Pin, std::default_delete<Pin> >, std::allocator<std::unique_ptr<Pin, std::default_delete<Pin> > > >::~vector()
 .text._ZNSt6vectorISt10unique_ptrI10DmaWrapperSt14default_deleteIS1_EESaIS4_EED2Ev
                0x08003242       0x3e Output/HardwareInit.o
                0x08003242                std::vector<std::unique_ptr<DmaWrapper, std::default_delete<DmaWrapper> >, std::allocator<std::unique_ptr<DmaWrapper, std::default_delete<DmaWrapper> > > >::~vector()
                0x08003242                std::vector<std::unique_ptr<DmaWrapper, std::default_delete<DmaWrapper> >, std::allocator<std::unique_ptr<DmaWrapper, std::default_delete<DmaWrapper> > > >::~vector()
 .text._ZNSt6vectorISt10unique_ptrI11UartWrapperSt14default_deleteIS1_EESaIS4_EED2Ev
                0x08003280       0x3e Output/HardwareInit.o
                0x08003280                std::vector<std::unique_ptr<UartWrapper, std::default_delete<UartWrapper> >, std::allocator<std::unique_ptr<UartWrapper, std::default_delete<UartWrapper> > > >::~vector()
                0x08003280                std::vector<std::unique_ptr<UartWrapper, std::default_delete<UartWrapper> >, std::allocator<std::unique_ptr<UartWrapper, std::default_delete<UartWrapper> > > >::~vector()
 *fill*         0x080032be        0x2 
 .text.Hardware_GetUartWrapper
                0x080032c0       0x14 Output/HardwareInit.o
                0x080032c0                Hardware_GetUartWrapper
 .text.Hardware_GetPinById
                0x080032d4       0x5c Output/HardwareInit.o
                0x080032d4                Hardware_GetPinById
 .text._ZNSt6vectorISt10unique_ptrI3PinSt14default_deleteIS1_EESaIS4_EE17_M_realloc_insertIJS4_EEEvN9__gnu_cxx17__normal_iteratorIPS4_S6_EEDpOT_
                0x08003330       0xd8 Output/HardwareInit.o
                0x08003330                void std::vector<std::unique_ptr<Pin, std::default_delete<Pin> >, std::allocator<std::unique_ptr<Pin, std::default_delete<Pin> > > >::_M_realloc_insert<std::unique_ptr<Pin, std::default_delete<Pin> > >(__gnu_cxx::__normal_iterator<std::unique_ptr<Pin, std::default_delete<Pin> >*, std::vector<std::unique_ptr<Pin, std::default_delete<Pin> >, std::allocator<std::unique_ptr<Pin, std::default_delete<Pin> > > > >, std::unique_ptr<Pin, std::default_delete<Pin> >&&)
 .text._ZNSt6vectorISt10unique_ptrI3PinSt14default_deleteIS1_EESaIS4_EE12emplace_backIJS4_EEERS4_DpOT_
                0x08003408       0x28 Output/HardwareInit.o
                0x08003408                std::unique_ptr<Pin, std::default_delete<Pin> >& std::vector<std::unique_ptr<Pin, std::default_delete<Pin> >, std::allocator<std::unique_ptr<Pin, std::default_delete<Pin> > > >::emplace_back<std::unique_ptr<Pin, std::default_delete<Pin> > >(std::unique_ptr<Pin, std::default_delete<Pin> >&&)
 .text._ZNSt6vectorISt10unique_ptrI11UartWrapperSt14default_deleteIS1_EESaIS4_EE17_M_realloc_insertIJS4_EEEvN9__gnu_cxx17__normal_iteratorIPS4_S6_EEDpOT_
                0x08003430       0xd8 Output/HardwareInit.o
                0x08003430                void std::vector<std::unique_ptr<UartWrapper, std::default_delete<UartWrapper> >, std::allocator<std::unique_ptr<UartWrapper, std::default_delete<UartWrapper> > > >::_M_realloc_insert<std::unique_ptr<UartWrapper, std::default_delete<UartWrapper> > >(__gnu_cxx::__normal_iterator<std::unique_ptr<UartWrapper, std::default_delete<UartWrapper> >*, std::vector<std::unique_ptr<UartWrapper, std::default_delete<UartWrapper> >, std::allocator<std::unique_ptr<UartWrapper, std::default_delete<UartWrapper> > > > >, std::unique_ptr<UartWrapper, std::default_delete<UartWrapper> >&&)
 .text._ZNSt6vectorISt10unique_ptrI11UartWrapperSt14default_deleteIS1_EESaIS4_EE12emplace_backIJS4_EEERS4_DpOT_
                0x08003508       0x28 Output/HardwareInit.o
                0x08003508                std::unique_ptr<UartWrapper, std::default_delete<UartWrapper> >& std::vector<std::unique_ptr<UartWrapper, std::default_delete<UartWrapper> >, std::allocator<std::unique_ptr<UartWrapper, std::default_delete<UartWrapper> > > >::emplace_back<std::unique_ptr<UartWrapper, std::default_delete<UartWrapper> > >(std::unique_ptr<UartWrapper, std::default_delete<UartWrapper> >&&)
 .text._ZNSt6vectorISt10unique_ptrI10DmaWrapperSt14default_deleteIS1_EESaIS4_EE17_M_realloc_insertIJS4_EEEvN9__gnu_cxx17__normal_iteratorIPS4_S6_EEDpOT_
                0x08003530       0xd8 Output/HardwareInit.o
                0x08003530                void std::vector<std::unique_ptr<DmaWrapper, std::default_delete<DmaWrapper> >, std::allocator<std::unique_ptr<DmaWrapper, std::default_delete<DmaWrapper> > > >::_M_realloc_insert<std::unique_ptr<DmaWrapper, std::default_delete<DmaWrapper> > >(__gnu_cxx::__normal_iterator<std::unique_ptr<DmaWrapper, std::default_delete<DmaWrapper> >*, std::vector<std::unique_ptr<DmaWrapper, std::default_delete<DmaWrapper> >, std::allocator<std::unique_ptr<DmaWrapper, std::default_delete<DmaWrapper> > > > >, std::unique_ptr<DmaWrapper, std::default_delete<DmaWrapper> >&&)
 .text._ZNSt6vectorISt10unique_ptrI10DmaWrapperSt14default_deleteIS1_EESaIS4_EE12emplace_backIJS4_EEERS4_DpOT_
                0x08003608       0x28 Output/HardwareInit.o
                0x08003608                std::unique_ptr<DmaWrapper, std::default_delete<DmaWrapper> >& std::vector<std::unique_ptr<DmaWrapper, std::default_delete<DmaWrapper> >, std::allocator<std::unique_ptr<DmaWrapper, std::default_delete<DmaWrapper> > > >::emplace_back<std::unique_ptr<DmaWrapper, std::default_delete<DmaWrapper> > >(std::unique_ptr<DmaWrapper, std::default_delete<DmaWrapper> >&&)
 .text.Hardware_InitAll
                0x08003630      0x224 Output/HardwareInit.o
                0x08003630                Hardware_InitAll
 .text._GLOBAL__sub_I_g_uart2
                0x08003854        0xe Output/HardwareInit.o
 .text._ZN10DmaWrapperC2ESt10unique_ptrI4IDmaSt14default_deleteIS1_EE
                0x08003862        0xa Output/DmaWrapper.o
                0x08003862                DmaWrapper::DmaWrapper(std::unique_ptr<IDma, std::default_delete<IDma> >)
                0x08003862                DmaWrapper::DmaWrapper(std::unique_ptr<IDma, std::default_delete<IDma> >)
 .text._ZN10DmaWrapperD2Ev
                0x0800386c       0x16 Output/DmaWrapper.o
                0x0800386c                DmaWrapper::~DmaWrapper()
                0x0800386c                DmaWrapper::~DmaWrapper()
 .text._ZN11UartWrapperC2ER13IVendorPolicySt10unique_ptrI7ISerialSt14default_deleteIS3_EERK7UartCfg
                0x08003882       0x38 Output/UartWrapper.o
                0x08003882                UartWrapper::UartWrapper(IVendorPolicy&, std::unique_ptr<ISerial, std::default_delete<ISerial> >, UartCfg const&)
                0x08003882                UartWrapper::UartWrapper(IVendorPolicy&, std::unique_ptr<ISerial, std::default_delete<ISerial> >, UartCfg const&)
 .text._ZN11UartWrapperD2Ev
                0x080038ba       0x16 Output/UartWrapper.o
                0x080038ba                UartWrapper::~UartWrapper()
                0x080038ba                UartWrapper::~UartWrapper()
 .text._ZN11UartWrapper4initEv
                0x080038d0       0x88 Output/UartWrapper.o
                0x080038d0                UartWrapper::init()
 .text._ZN11UartWrapper12sendBlockingEPKhj
                0x08003958        0xc Output/UartWrapper.o
                0x08003958                UartWrapper::sendBlocking(unsigned char const*, unsigned int)
 .text._ZN11UartWrapper6recvITEPhj
                0x08003964        0xc Output/UartWrapper.o
                0x08003964                UartWrapper::recvIT(unsigned char*, unsigned int)
 .text._ZN11UartWrapper11setRxByteCbESt8functionIFvhEE
                0x08003970       0x26 Output/UartWrapper.o
                0x08003970                UartWrapper::setRxByteCb(std::function<void (unsigned char)>)
 .text._ZN3PinC2ER13IVendorPolicySt10unique_ptrI5IGpioSt14default_deleteIS3_EERK6PinCfg
                0x08003996       0x28 Output/Pin.o
                0x08003996                Pin::Pin(IVendorPolicy&, std::unique_ptr<IGpio, std::default_delete<IGpio> >, PinCfg const&)
                0x08003996                Pin::Pin(IVendorPolicy&, std::unique_ptr<IGpio, std::default_delete<IGpio> >, PinCfg const&)
 .text._ZN3PinD2Ev
                0x080039be       0x16 Output/Pin.o
                0x080039be                Pin::~Pin()
                0x080039be                Pin::~Pin()
 .text._ZN3Pin4initEv
                0x080039d4       0x30 Output/Pin.o
                0x080039d4                Pin::init()
 .text._ZN3Pin3setEb
                0x08003a04        0xc Output/Pin.o
                0x08003a04                Pin::set(bool)
 .text._ZNK3Pin3cfgEv
                0x08003a10       0x1e Output/Pin.o
                0x08003a10                Pin::cfg() const
 *fill*         0x08003a2e        0x2 
 .text.Reset_Handler
                0x08003a30       0x50 Output/startup_stm32f4.o
                0x08003a30                Reset_Handler
 .text.Default_Handler
                0x08003a80        0x2 Output/startup_stm32f4.o
                0x08003a80                RTC_Alarm_IRQHandler
                0x08003a80                EXTI2_IRQHandler
                0x08003a80                TIM8_CC_IRQHandler
                0x08003a80                FMPI2C1_EV_IRQHandler
                0x08003a80                SPI4_IRQHandler
                0x08003a80                TIM1_CC_IRQHandler
                0x08003a80                DMA2_Stream5_IRQHandler
                0x08003a80                DMA1_Stream5_IRQHandler
                0x08003a80                PVD_IRQHandler
                0x08003a80                SDIO_IRQHandler
                0x08003a80                TAMP_STAMP_IRQHandler
                0x08003a80                CAN2_RX1_IRQHandler
                0x08003a80                EXTI3_IRQHandler
                0x08003a80                TIM8_TRG_COM_TIM14_IRQHandler
                0x08003a80                TIM1_UP_TIM10_IRQHandler
                0x08003a80                TIM8_UP_TIM13_IRQHandler
                0x08003a80                I2C3_ER_IRQHandler
                0x08003a80                EXTI0_IRQHandler
                0x08003a80                I2C2_EV_IRQHandler
                0x08003a80                DMA1_Stream2_IRQHandler
                0x08003a80                CAN1_RX0_IRQHandler
                0x08003a80                FPU_IRQHandler
                0x08003a80                OTG_HS_WKUP_IRQHandler
                0x08003a80                CAN2_SCE_IRQHandler
                0x08003a80                DMA2_Stream2_IRQHandler
                0x08003a80                SPI1_IRQHandler
                0x08003a80                TIM6_DAC_IRQHandler
                0x08003a80                TIM1_BRK_TIM9_IRQHandler
                0x08003a80                DCMI_IRQHandler
                0x08003a80                CAN2_RX0_IRQHandler
                0x08003a80                DMA2_Stream3_IRQHandler
                0x08003a80                SAI2_IRQHandler
                0x08003a80                USART6_IRQHandler
                0x08003a80                USART3_IRQHandler
                0x08003a80                CAN1_RX1_IRQHandler
                0x08003a80                UART5_IRQHandler
                0x08003a80                DMA2_Stream0_IRQHandler
                0x08003a80                TIM4_IRQHandler
                0x08003a80                QUADSPI_IRQHandler
                0x08003a80                I2C1_EV_IRQHandler
                0x08003a80                DMA1_Stream6_IRQHandler
                0x08003a80                DMA1_Stream1_IRQHandler
                0x08003a80                UART4_IRQHandler
                0x08003a80                TIM3_IRQHandler
                0x08003a80                RCC_IRQHandler
                0x08003a80                TIM8_BRK_TIM12_IRQHandler
                0x08003a80                Default_Handler
                0x08003a80                CEC_IRQHandler
                0x08003a80                EXTI15_10_IRQHandler
                0x08003a80                ADC_IRQHandler
                0x08003a80                DMA1_Stream7_IRQHandler
                0x08003a80                TIM7_IRQHandler
                0x08003a80                CAN2_TX_IRQHandler
                0x08003a80                TIM5_IRQHandler
                0x08003a80                DMA2_Stream7_IRQHandler
                0x08003a80                I2C3_EV_IRQHandler
                0x08003a80                EXTI9_5_IRQHandler
                0x08003a80                RTC_WKUP_IRQHandler
                0x08003a80                SPDIF_RX_IRQHandler
                0x08003a80                SPI2_IRQHandler
                0x08003a80                OTG_HS_EP1_IN_IRQHandler
                0x08003a80                DMA1_Stream0_IRQHandler
                0x08003a80                CAN1_TX_IRQHandler
                0x08003a80                FMPI2C1_ER_IRQHandler
                0x08003a80                EXTI4_IRQHandler
                0x08003a80                OTG_HS_EP1_OUT_IRQHandler
                0x08003a80                WWDG_IRQHandler
                0x08003a80                TIM2_IRQHandler
                0x08003a80                OTG_FS_WKUP_IRQHandler
                0x08003a80                TIM1_TRG_COM_TIM11_IRQHandler
                0x08003a80                OTG_HS_IRQHandler
                0x08003a80                EXTI1_IRQHandler
                0x08003a80                I2C2_ER_IRQHandler
                0x08003a80                DMA2_Stream1_IRQHandler
                0x08003a80                CAN1_SCE_IRQHandler
                0x08003a80                FLASH_IRQHandler
                0x08003a80                DMA2_Stream4_IRQHandler
                0x08003a80                USART1_IRQHandler
                0x08003a80                OTG_FS_IRQHandler
                0x08003a80                SPI3_IRQHandler
                0x08003a80                DMA1_Stream4_IRQHandler
                0x08003a80                I2C1_ER_IRQHandler
                0x08003a80                FMC_IRQHandler
                0x08003a80                DMA2_Stream6_IRQHandler
                0x08003a80                SAI1_IRQHandler
                0x08003a80                DMA1_Stream3_IRQHandler
 .text.__aeabi_atexit
                0x08003a82        0xa c:/program files (x86)/gnu arm embedded toolchain/10 2021.10/bin/../lib/gcc/arm-none-eabi/10.3.1/../../../../arm-none-eabi/lib/thumb/v7e-m/nofp\libstdc++_nano.a(atexit_arm.o)
                0x08003a82                __aeabi_atexit
 .text._ZdlPvj  0x08003a8c        0x4 c:/program files (x86)/gnu arm embedded toolchain/10 2021.10/bin/../lib/gcc/arm-none-eabi/10.3.1/../../../../arm-none-eabi/lib/thumb/v7e-m/nofp\libstdc++_nano.a(del_ops.o)
                0x08003a8c                operator delete(void*, unsigned int)
 .text.__cxa_guard_acquire
                0x08003a90       0x18 c:/program files (x86)/gnu arm embedded toolchain/10 2021.10/bin/../lib/gcc/arm-none-eabi/10.3.1/../../../../arm-none-eabi/lib/thumb/v7e-m/nofp\libstdc++_nano.a(guard.o)
                0x08003a90                __cxa_guard_acquire
 .text.__cxa_guard_release
                0x08003aa8        0x6 c:/program files (x86)/gnu arm embedded toolchain/10 2021.10/bin/../lib/gcc/arm-none-eabi/10.3.1/../../../../arm-none-eabi/lib/thumb/v7e-m/nofp\libstdc++_nano.a(guard.o)
                0x08003aa8                __cxa_guard_release
 .text._Znwj    0x08003aae       0x22 c:/program files (x86)/gnu arm embedded toolchain/10 2021.10/bin/../lib/gcc/arm-none-eabi/10.3.1/../../../../arm-none-eabi/lib/thumb/v7e-m/nofp\libstdc++_nano.a(new_op.o)
                0x08003aae                operator new(unsigned int)
 .text.__cxa_pure_virtual
                0x08003ad0        0x6 c:/program files (x86)/gnu arm embedded toolchain/10 2021.10/bin/../lib/gcc/arm-none-eabi/10.3.1/../../../../arm-none-eabi/lib/thumb/v7e-m/nofp\libstdc++_nano.a(pure.o)
                0x08003ad0                __cxa_pure_virtual
 .text.unlikely._ZSt17__throw_bad_allocv
                0x08003ad6        0x6 c:/program files (x86)/gnu arm embedded toolchain/10 2021.10/bin/../lib/gcc/arm-none-eabi/10.3.1/../../../../arm-none-eabi/lib/thumb/v7e-m/nofp\libstdc++_nano.a(functexcept.o)
                0x08003ad6                std::__throw_bad_alloc()
 .text.unlikely._ZSt20__throw_length_errorPKc
                0x08003adc        0x6 c:/program files (x86)/gnu arm embedded toolchain/10 2021.10/bin/../lib/gcc/arm-none-eabi/10.3.1/../../../../arm-none-eabi/lib/thumb/v7e-m/nofp\libstdc++_nano.a(functexcept.o)
                0x08003adc                std::__throw_length_error(char const*)
 .text.unlikely._ZSt25__throw_bad_function_callv
                0x08003ae2        0x6 c:/program files (x86)/gnu arm embedded toolchain/10 2021.10/bin/../lib/gcc/arm-none-eabi/10.3.1/../../../../arm-none-eabi/lib/thumb/v7e-m/nofp\libstdc++_nano.a(functional.o)
                0x08003ae2                std::__throw_bad_function_call()
 .text._ZdlPv   0x08003ae8        0x4 c:/program files (x86)/gnu arm embedded toolchain/10 2021.10/bin/../lib/gcc/arm-none-eabi/10.3.1/../../../../arm-none-eabi/lib/thumb/v7e-m/nofp\libstdc++_nano.a(del_op.o)
                0x08003ae8                operator delete(void*)
 .text._ZN10__cxxabiv111__terminateEPFvvE
                0x08003aec        0x8 c:/program files (x86)/gnu arm embedded toolchain/10 2021.10/bin/../lib/gcc/arm-none-eabi/10.3.1/../../../../arm-none-eabi/lib/thumb/v7e-m/nofp\libstdc++_nano.a(eh_terminate.o)
                0x08003aec                __cxxabiv1::__terminate(void (*)())
 .text._ZSt13get_terminatev
                0x08003af4       0x10 c:/program files (x86)/gnu arm embedded toolchain/10 2021.10/bin/../lib/gcc/arm-none-eabi/10.3.1/../../../../arm-none-eabi/lib/thumb/v7e-m/nofp\libstdc++_nano.a(eh_terminate.o)
                0x08003af4                std::get_terminate()
 .text._ZSt9terminatev
                0x08003b04        0xa c:/program files (x86)/gnu arm embedded toolchain/10 2021.10/bin/../lib/gcc/arm-none-eabi/10.3.1/../../../../arm-none-eabi/lib/thumb/v7e-m/nofp\libstdc++_nano.a(eh_terminate.o)
                0x08003b04                std::terminate()
 *fill*         0x08003b0e        0x2 
 .text._ZSt15get_new_handlerv
                0x08003b10       0x10 c:/program files (x86)/gnu arm embedded toolchain/10 2021.10/bin/../lib/gcc/arm-none-eabi/10.3.1/../../../../arm-none-eabi/lib/thumb/v7e-m/nofp\libstdc++_nano.a(new_handler.o)
                0x08003b10                std::get_new_handler()
 .text.abort    0x08003b20        0xe c:/program files (x86)/gnu arm embedded toolchain/10 2021.10/bin/../lib/gcc/arm-none-eabi/10.3.1/../../../../arm-none-eabi/lib/thumb/v7e-m/nofp\libc_nano.a(lib_a-abort.o)
                0x08003b20                abort
 *fill*         0x08003b2e        0x2 
 .text.__cxa_atexit
                0x08003b30       0x1c c:/program files (x86)/gnu arm embedded toolchain/10 2021.10/bin/../lib/gcc/arm-none-eabi/10.3.1/../../../../arm-none-eabi/lib/thumb/v7e-m/nofp\libc_nano.a(lib_a-cxa_atexit.o)
                0x08003b30                __cxa_atexit
 .text.__errno  0x08003b4c        0xc c:/program files (x86)/gnu arm embedded toolchain/10 2021.10/bin/../lib/gcc/arm-none-eabi/10.3.1/../../../../arm-none-eabi/lib/thumb/v7e-m/nofp\libc_nano.a(lib_a-errno.o)
                0x08003b4c                __errno
 .text.__libc_init_array
                0x08003b58       0x48 c:/program files (x86)/gnu arm embedded toolchain/10 2021.10/bin/../lib/gcc/arm-none-eabi/10.3.1/../../../../arm-none-eabi/lib/thumb/v7e-m/nofp\libc_nano.a(lib_a-init.o)
                0x08003b58                __libc_init_array
 .text.malloc   0x08003ba0       0x10 c:/program files (x86)/gnu arm embedded toolchain/10 2021.10/bin/../lib/gcc/arm-none-eabi/10.3.1/../../../../arm-none-eabi/lib/thumb/v7e-m/nofp\libc_nano.a(lib_a-malloc.o)
                0x08003ba0                malloc
 .text.free     0x08003bb0       0x10 c:/program files (x86)/gnu arm embedded toolchain/10 2021.10/bin/../lib/gcc/arm-none-eabi/10.3.1/../../../../arm-none-eabi/lib/thumb/v7e-m/nofp\libc_nano.a(lib_a-malloc.o)
                0x08003bb0                free
 .text.memcpy   0x08003bc0       0x1c c:/program files (x86)/gnu arm embedded toolchain/10 2021.10/bin/../lib/gcc/arm-none-eabi/10.3.1/../../../../arm-none-eabi/lib/thumb/v7e-m/nofp\libc_nano.a(lib_a-memcpy-stub.o)
                0x08003bc0                memcpy
 .text.memset   0x08003bdc       0x10 c:/program files (x86)/gnu arm embedded toolchain/10 2021.10/bin/../lib/gcc/arm-none-eabi/10.3.1/../../../../arm-none-eabi/lib/thumb/v7e-m/nofp\libc_nano.a(lib_a-memset.o)
                0x08003bdc                memset
 .text._free_r  0x08003bec       0x94 c:/program files (x86)/gnu arm embedded toolchain/10 2021.10/bin/../lib/gcc/arm-none-eabi/10.3.1/../../../../arm-none-eabi/lib/thumb/v7e-m/nofp\libc_nano.a(lib_a-nano-freer.o)
                0x08003bec                _free_r
 .text.sbrk_aligned
                0x08003c80       0x40 c:/program files (x86)/gnu arm embedded toolchain/10 2021.10/bin/../lib/gcc/arm-none-eabi/10.3.1/../../../../arm-none-eabi/lib/thumb/v7e-m/nofp\libc_nano.a(lib_a-nano-mallocr.o)
 .text._malloc_r
                0x08003cc0       0xe8 c:/program files (x86)/gnu arm embedded toolchain/10 2021.10/bin/../lib/gcc/arm-none-eabi/10.3.1/../../../../arm-none-eabi/lib/thumb/v7e-m/nofp\libc_nano.a(lib_a-nano-mallocr.o)
                0x08003cc0                _malloc_r
 .text.printf   0x08003da8       0x30 c:/program files (x86)/gnu arm embedded toolchain/10 2021.10/bin/../lib/gcc/arm-none-eabi/10.3.1/../../../../arm-none-eabi/lib/thumb/v7e-m/nofp\libc_nano.a(lib_a-printf.o)
                0x08003da8                iprintf
                0x08003da8                printf
 .text._sbrk_r  0x08003dd8       0x20 c:/program files (x86)/gnu arm embedded toolchain/10 2021.10/bin/../lib/gcc/arm-none-eabi/10.3.1/../../../../arm-none-eabi/lib/thumb/v7e-m/nofp\libc_nano.a(lib_a-sbrkr.o)
                0x08003dd8                _sbrk_r
 .text._raise_r
                0x08003df8       0x50 c:/program files (x86)/gnu arm embedded toolchain/10 2021.10/bin/../lib/gcc/arm-none-eabi/10.3.1/../../../../arm-none-eabi/lib/thumb/v7e-m/nofp\libc_nano.a(lib_a-signal.o)
                0x08003df8                _raise_r
 .text.raise    0x08003e48       0x10 c:/program files (x86)/gnu arm embedded toolchain/10 2021.10/bin/../lib/gcc/arm-none-eabi/10.3.1/../../../../arm-none-eabi/lib/thumb/v7e-m/nofp\libc_nano.a(lib_a-signal.o)
                0x08003e48                raise
 .text._kill_r  0x08003e58       0x24 c:/program files (x86)/gnu arm embedded toolchain/10 2021.10/bin/../lib/gcc/arm-none-eabi/10.3.1/../../../../arm-none-eabi/lib/thumb/v7e-m/nofp\libc_nano.a(lib_a-signalr.o)
                0x08003e58                _kill_r
 .text._getpid_r
                0x08003e7c        0x4 c:/program files (x86)/gnu arm embedded toolchain/10 2021.10/bin/../lib/gcc/arm-none-eabi/10.3.1/../../../../arm-none-eabi/lib/thumb/v7e-m/nofp\libc_nano.a(lib_a-signalr.o)
                0x08003e7c                _getpid_r
 .text.snprintf
                0x08003e80       0x68 c:/program files (x86)/gnu arm embedded toolchain/10 2021.10/bin/../lib/gcc/arm-none-eabi/10.3.1/../../../../arm-none-eabi/lib/thumb/v7e-m/nofp\libc_nano.a(lib_a-snprintf.o)
                0x08003e80                sniprintf
                0x08003e80                snprintf
 .text._vsnprintf_r
                0x08003ee8       0x56 c:/program files (x86)/gnu arm embedded toolchain/10 2021.10/bin/../lib/gcc/arm-none-eabi/10.3.1/../../../../arm-none-eabi/lib/thumb/v7e-m/nofp\libc_nano.a(lib_a-vsnprintf.o)
                0x08003ee8                _vsniprintf_r
                0x08003ee8                _vsnprintf_r
 *fill*         0x08003f3e        0x2 
 .text.vsnprintf
                0x08003f40       0x1c c:/program files (x86)/gnu arm embedded toolchain/10 2021.10/bin/../lib/gcc/arm-none-eabi/10.3.1/../../../../arm-none-eabi/lib/thumb/v7e-m/nofp\libc_nano.a(lib_a-vsnprintf.o)
                0x08003f40                vsniprintf
                0x08003f40                vsnprintf
 .text.std      0x08003f5c       0x48 c:/program files (x86)/gnu arm embedded toolchain/10 2021.10/bin/../lib/gcc/arm-none-eabi/10.3.1/../../../../arm-none-eabi/lib/thumb/v7e-m/nofp\libc_nano.a(lib_a-findfp.o)
 .text._cleanup_r
                0x08003fa4        0xc c:/program files (x86)/gnu arm embedded toolchain/10 2021.10/bin/../lib/gcc/arm-none-eabi/10.3.1/../../../../arm-none-eabi/lib/thumb/v7e-m/nofp\libc_nano.a(lib_a-findfp.o)
                0x08003fa4                _cleanup_r
 .text.__sfmoreglue
                0x08003fb0       0x2c c:/program files (x86)/gnu arm embedded toolchain/10 2021.10/bin/../lib/gcc/arm-none-eabi/10.3.1/../../../../arm-none-eabi/lib/thumb/v7e-m/nofp\libc_nano.a(lib_a-findfp.o)
                0x08003fb0                __sfmoreglue
 .text.__sfp_lock_acquire
                0x08003fdc        0xc c:/program files (x86)/gnu arm embedded toolchain/10 2021.10/bin/../lib/gcc/arm-none-eabi/10.3.1/../../../../arm-none-eabi/lib/thumb/v7e-m/nofp\libc_nano.a(lib_a-findfp.o)
                0x08003fdc                __sfp_lock_acquire
 .text.__sfp_lock_release
                0x08003fe8        0xc c:/program files (x86)/gnu arm embedded toolchain/10 2021.10/bin/../lib/gcc/arm-none-eabi/10.3.1/../../../../arm-none-eabi/lib/thumb/v7e-m/nofp\libc_nano.a(lib_a-findfp.o)
                0x08003fe8                __sfp_lock_release
 .text.__sinit_lock_acquire
                0x08003ff4        0xc c:/program files (x86)/gnu arm embedded toolchain/10 2021.10/bin/../lib/gcc/arm-none-eabi/10.3.1/../../../../arm-none-eabi/lib/thumb/v7e-m/nofp\libc_nano.a(lib_a-findfp.o)
                0x08003ff4                __sinit_lock_acquire
 .text.__sinit_lock_release
                0x08004000        0xc c:/program files (x86)/gnu arm embedded toolchain/10 2021.10/bin/../lib/gcc/arm-none-eabi/10.3.1/../../../../arm-none-eabi/lib/thumb/v7e-m/nofp\libc_nano.a(lib_a-findfp.o)
                0x08004000                __sinit_lock_release
 .text.__sinit  0x0800400c       0x70 c:/program files (x86)/gnu arm embedded toolchain/10 2021.10/bin/../lib/gcc/arm-none-eabi/10.3.1/../../../../arm-none-eabi/lib/thumb/v7e-m/nofp\libc_nano.a(lib_a-findfp.o)
                0x0800400c                __sinit
 .text.__sfp    0x0800407c       0x8c c:/program files (x86)/gnu arm embedded toolchain/10 2021.10/bin/../lib/gcc/arm-none-eabi/10.3.1/../../../../arm-none-eabi/lib/thumb/v7e-m/nofp\libc_nano.a(lib_a-findfp.o)
                0x0800407c                __sfp
 .text._fwalk_reent
                0x08004108       0x3e c:/program files (x86)/gnu arm embedded toolchain/10 2021.10/bin/../lib/gcc/arm-none-eabi/10.3.1/../../../../arm-none-eabi/lib/thumb/v7e-m/nofp\libc_nano.a(lib_a-fwalk.o)
                0x08004108                _fwalk_reent
 .text.__retarget_lock_init_recursive
                0x08004146        0x2 c:/program files (x86)/gnu arm embedded toolchain/10 2021.10/bin/../lib/gcc/arm-none-eabi/10.3.1/../../../../arm-none-eabi/lib/thumb/v7e-m/nofp\libc_nano.a(lib_a-lock.o)
                0x08004146                __retarget_lock_init_recursive
 .text.__retarget_lock_acquire_recursive
                0x08004148        0x2 c:/program files (x86)/gnu arm embedded toolchain/10 2021.10/bin/../lib/gcc/arm-none-eabi/10.3.1/../../../../arm-none-eabi/lib/thumb/v7e-m/nofp\libc_nano.a(lib_a-lock.o)
                0x08004148                __retarget_lock_acquire_recursive
 .text.__retarget_lock_release_recursive
                0x0800414a        0x2 c:/program files (x86)/gnu arm embedded toolchain/10 2021.10/bin/../lib/gcc/arm-none-eabi/10.3.1/../../../../arm-none-eabi/lib/thumb/v7e-m/nofp\libc_nano.a(lib_a-lock.o)
                0x0800414a                __retarget_lock_release_recursive
 .text.__malloc_lock
                0x0800414c        0xc c:/program files (x86)/gnu arm embedded toolchain/10 2021.10/bin/../lib/gcc/arm-none-eabi/10.3.1/../../../../arm-none-eabi/lib/thumb/v7e-m/nofp\libc_nano.a(lib_a-mlock.o)
                0x0800414c                __malloc_lock
 .text.__malloc_unlock
                0x08004158        0xc c:/program files (x86)/gnu arm embedded toolchain/10 2021.10/bin/../lib/gcc/arm-none-eabi/10.3.1/../../../../arm-none-eabi/lib/thumb/v7e-m/nofp\libc_nano.a(lib_a-mlock.o)
                0x08004158                __malloc_unlock
 .text.__ssputs_r
                0x08004164       0xb6 c:/program files (x86)/gnu arm embedded toolchain/10 2021.10/bin/../lib/gcc/arm-none-eabi/10.3.1/../../../../arm-none-eabi/lib/thumb/v7e-m/nofp\libc_nano.a(lib_a-nano-svfprintf.o)
                0x08004164                __ssputs_r
 *fill*         0x0800421a        0x2 
 .text._svfprintf_r
                0x0800421c      0x200 c:/program files (x86)/gnu arm embedded toolchain/10 2021.10/bin/../lib/gcc/arm-none-eabi/10.3.1/../../../../arm-none-eabi/lib/thumb/v7e-m/nofp\libc_nano.a(lib_a-nano-svfprintf.o)
                0x0800421c                _svfiprintf_r
                0x0800421c                _svfprintf_r
 .text.__sfputc_r
                0x0800441c       0x2a c:/program files (x86)/gnu arm embedded toolchain/10 2021.10/bin/../lib/gcc/arm-none-eabi/10.3.1/../../../../arm-none-eabi/lib/thumb/v7e-m/nofp\libc_nano.a(lib_a-nano-vfprintf.o)
 .text.__sfputs_r
                0x08004446       0x24 c:/program files (x86)/gnu arm embedded toolchain/10 2021.10/bin/../lib/gcc/arm-none-eabi/10.3.1/../../../../arm-none-eabi/lib/thumb/v7e-m/nofp\libc_nano.a(lib_a-nano-vfprintf.o)
                0x08004446                __sfputs_r
 *fill*         0x0800446a        0x2 
 .text._vfprintf_r
                0x0800446c      0x260 c:/program files (x86)/gnu arm embedded toolchain/10 2021.10/bin/../lib/gcc/arm-none-eabi/10.3.1/../../../../arm-none-eabi/lib/thumb/v7e-m/nofp\libc_nano.a(lib_a-nano-vfprintf.o)
                0x0800446c                _vfprintf_r
                0x0800446c                _vfiprintf_r
 .text._printf_common
                0x080046cc       0xda c:/program files (x86)/gnu arm embedded toolchain/10 2021.10/bin/../lib/gcc/arm-none-eabi/10.3.1/../../../../arm-none-eabi/lib/thumb/v7e-m/nofp\libc_nano.a(lib_a-nano-vfprintf_i.o)
                0x080046cc                _printf_common
 *fill*         0x080047a6        0x2 
 .text._printf_i
                0x080047a8      0x24c c:/program files (x86)/gnu arm embedded toolchain/10 2021.10/bin/../lib/gcc/arm-none-eabi/10.3.1/../../../../arm-none-eabi/lib/thumb/v7e-m/nofp\libc_nano.a(lib_a-nano-vfprintf_i.o)
                0x080047a8                _printf_i
 .text.__sread  0x080049f4       0x22 c:/program files (x86)/gnu arm embedded toolchain/10 2021.10/bin/../lib/gcc/arm-none-eabi/10.3.1/../../../../arm-none-eabi/lib/thumb/v7e-m/nofp\libc_nano.a(lib_a-stdio.o)
                0x080049f4                __sread
 .text.__swrite
                0x08004a16       0x38 c:/program files (x86)/gnu arm embedded toolchain/10 2021.10/bin/../lib/gcc/arm-none-eabi/10.3.1/../../../../arm-none-eabi/lib/thumb/v7e-m/nofp\libc_nano.a(lib_a-stdio.o)
                0x08004a16                __swrite
 .text.__sseek  0x08004a4e       0x24 c:/program files (x86)/gnu arm embedded toolchain/10 2021.10/bin/../lib/gcc/arm-none-eabi/10.3.1/../../../../arm-none-eabi/lib/thumb/v7e-m/nofp\libc_nano.a(lib_a-stdio.o)
                0x08004a4e                __sseek
 .text.__sclose
                0x08004a72        0x8 c:/program files (x86)/gnu arm embedded toolchain/10 2021.10/bin/../lib/gcc/arm-none-eabi/10.3.1/../../../../arm-none-eabi/lib/thumb/v7e-m/nofp\libc_nano.a(lib_a-stdio.o)
                0x08004a72                __sclose
 *fill*         0x08004a7a        0x2 
 .text.__swbuf_r
                0x08004a7c       0xa4 c:/program files (x86)/gnu arm embedded toolchain/10 2021.10/bin/../lib/gcc/arm-none-eabi/10.3.1/../../../../arm-none-eabi/lib/thumb/v7e-m/nofp\libc_nano.a(lib_a-wbuf.o)
                0x08004a7c                __swbuf_r
 .text._write_r
                0x08004b20       0x24 c:/program files (x86)/gnu arm embedded toolchain/10 2021.10/bin/../lib/gcc/arm-none-eabi/10.3.1/../../../../arm-none-eabi/lib/thumb/v7e-m/nofp\libc_nano.a(lib_a-writer.o)
                0x08004b20                _write_r
 .text.__swsetup_r
                0x08004b44       0xdc c:/program files (x86)/gnu arm embedded toolchain/10 2021.10/bin/../lib/gcc/arm-none-eabi/10.3.1/../../../../arm-none-eabi/lib/thumb/v7e-m/nofp\libc_nano.a(lib_a-wsetup.o)
                0x08004b44                __swsetup_r
 .text._close_r
                0x08004c20       0x20 c:/program files (x86)/gnu arm embedded toolchain/10 2021.10/bin/../lib/gcc/arm-none-eabi/10.3.1/../../../../arm-none-eabi/lib/thumb/v7e-m/nofp\libc_nano.a(lib_a-closer.o)
                0x08004c20                _close_r
 .text.__sflush_r
                0x08004c40      0x104 c:/program files (x86)/gnu arm embedded toolchain/10 2021.10/bin/../lib/gcc/arm-none-eabi/10.3.1/../../../../arm-none-eabi/lib/thumb/v7e-m/nofp\libc_nano.a(lib_a-fflush.o)
                0x08004c40                __sflush_r
 .text._fflush_r
                0x08004d44       0x78 c:/program files (x86)/gnu arm embedded toolchain/10 2021.10/bin/../lib/gcc/arm-none-eabi/10.3.1/../../../../arm-none-eabi/lib/thumb/v7e-m/nofp\libc_nano.a(lib_a-fflush.o)
                0x08004d44                _fflush_r
 .text._lseek_r
                0x08004dbc       0x24 c:/program files (x86)/gnu arm embedded toolchain/10 2021.10/bin/../lib/gcc/arm-none-eabi/10.3.1/../../../../arm-none-eabi/lib/thumb/v7e-m/nofp\libc_nano.a(lib_a-lseekr.o)
                0x08004dbc                _lseek_r
 .text.__swhatbuf_r
                0x08004de0       0x4a c:/program files (x86)/gnu arm embedded toolchain/10 2021.10/bin/../lib/gcc/arm-none-eabi/10.3.1/../../../../arm-none-eabi/lib/thumb/v7e-m/nofp\libc_nano.a(lib_a-makebuf.o)
                0x08004de0                __swhatbuf_r
 *fill*         0x08004e2a        0x2 
 .text.__smakebuf_r
                0x08004e2c       0x80 c:/program files (x86)/gnu arm embedded toolchain/10 2021.10/bin/../lib/gcc/arm-none-eabi/10.3.1/../../../../arm-none-eabi/lib/thumb/v7e-m/nofp\libc_nano.a(lib_a-makebuf.o)
                0x08004e2c                __smakebuf_r
 .text.memmove  0x08004eac       0x34 c:/program files (x86)/gnu arm embedded toolchain/10 2021.10/bin/../lib/gcc/arm-none-eabi/10.3.1/../../../../arm-none-eabi/lib/thumb/v7e-m/nofp\libc_nano.a(lib_a-memmove.o)
                0x08004eac                memmove
 .text._realloc_r
                0x08004ee0       0x5e c:/program files (x86)/gnu arm embedded toolchain/10 2021.10/bin/../lib/gcc/arm-none-eabi/10.3.1/../../../../arm-none-eabi/lib/thumb/v7e-m/nofp\libc_nano.a(lib_a-nano-reallocr.o)
                0x08004ee0                _realloc_r
 *fill*         0x08004f3e        0x2 
 .text._read_r  0x08004f40       0x24 c:/program files (x86)/gnu arm embedded toolchain/10 2021.10/bin/../lib/gcc/arm-none-eabi/10.3.1/../../../../arm-none-eabi/lib/thumb/v7e-m/nofp\libc_nano.a(lib_a-readr.o)
                0x08004f40                _read_r
 .text._fstat_r
                0x08004f64       0x24 c:/program files (x86)/gnu arm embedded toolchain/10 2021.10/bin/../lib/gcc/arm-none-eabi/10.3.1/../../../../arm-none-eabi/lib/thumb/v7e-m/nofp\libc_nano.a(lib_a-fstatr.o)
                0x08004f64                _fstat_r
 .text._isatty_r
                0x08004f88       0x20 c:/program files (x86)/gnu arm embedded toolchain/10 2021.10/bin/../lib/gcc/arm-none-eabi/10.3.1/../../../../arm-none-eabi/lib/thumb/v7e-m/nofp\libc_nano.a(lib_a-isattyr.o)
                0x08004f88                _isatty_r
 .text._malloc_usable_size_r
                0x08004fa8       0x10 c:/program files (x86)/gnu arm embedded toolchain/10 2021.10/bin/../lib/gcc/arm-none-eabi/10.3.1/../../../../arm-none-eabi/lib/thumb/v7e-m/nofp\libc_nano.a(lib_a-nano-msizer.o)
                0x08004fa8                _malloc_usable_size_r
 *(.glue_7)
 .glue_7        0x08004fb8        0x0 linker stubs
 *(.glue_7t)
 .glue_7t       0x08004fb8        0x0 linker stubs
 *(.eh_frame)
 .eh_frame      0x08004fb8        0x0 c:/program files (x86)/gnu arm embedded toolchain/10 2021.10/bin/../lib/gcc/arm-none-eabi/10.3.1/thumb/v7e-m/nofp/crtbegin.o
 *(.init)
 .init          0x08004fb8        0x4 c:/program files (x86)/gnu arm embedded toolchain/10 2021.10/bin/../lib/gcc/arm-none-eabi/10.3.1/thumb/v7e-m/nofp/crti.o
                0x08004fb8                _init
 .init          0x08004fbc        0x8 c:/program files (x86)/gnu arm embedded toolchain/10 2021.10/bin/../lib/gcc/arm-none-eabi/10.3.1/thumb/v7e-m/nofp/crtn.o
 *(.fini)
 .fini          0x08004fc4        0x4 c:/program files (x86)/gnu arm embedded toolchain/10 2021.10/bin/../lib/gcc/arm-none-eabi/10.3.1/thumb/v7e-m/nofp/crti.o
                0x08004fc4                _fini
 .fini          0x08004fc8        0x8 c:/program files (x86)/gnu arm embedded toolchain/10 2021.10/bin/../lib/gcc/arm-none-eabi/10.3.1/thumb/v7e-m/nofp/crtn.o
                0x08004fd0                . = ALIGN (0x4)
                0x08004fd0                _etext = .

.vfp11_veneer   0x08004fd0        0x0
 .vfp11_veneer  0x08004fd0        0x0 linker stubs

.v4_bx          0x08004fd0        0x0
 .v4_bx         0x08004fd0        0x0 linker stubs

.iplt           0x08004fd0        0x0
 .iplt          0x08004fd0        0x0 c:/program files (x86)/gnu arm embedded toolchain/10 2021.10/bin/../lib/gcc/arm-none-eabi/10.3.1/thumb/v7e-m/nofp/crtbegin.o

.rodata         0x08004fd0      0x4fc
                0x08004fd0                . = ALIGN (0x4)
 *(.rodata)
 .rodata        0x08004fd0       0x28 Output/main.o
 .rodata        0x08004ff8        0xc Output/Stm32Uart.o
 .rodata        0x08005004        0xc Output/UartWrapper.o
 *(.rodata*)
 .rodata.AHBPrescTable
                0x08005010       0x10 Output/system_stm32f4xx.o
                0x08005010                AHBPrescTable
 .rodata.APBPrescTable
                0x08005020        0x8 Output/system_stm32f4xx.o
                0x08005020                APBPrescTable
 .rodata.HAL_RCC_OscConfig.str1.4
                0x08005028       0x3c Output/stm32f4xx_hal_rcc.o
 .rodata.HAL_RCCEx_PeriphCLKConfig.str1.4
                0x08005064       0x3f Output/stm32f4xx_hal_rcc_ex.o
 *fill*         0x080050a3        0x1 
 .rodata.HAL_GPIO_Init.str1.4
                0x080050a4       0x3d Output/stm32f4xx_hal_gpio.o
 *fill*         0x080050e1        0x3 
 .rodata.HAL_DMA_Init.str1.4
                0x080050e4       0x3c Output/stm32f4xx_hal_dma.o
 .rodata.HAL_NVIC_SetPriorityGrouping.str1.4
                0x08005120       0x3f Output/stm32f4xx_hal_cortex.o
 *fill*         0x0800515f        0x1 
 .rodata.UART_SetConfig.str1.4
                0x08005160       0x3d Output/stm32f4xx_hal_uart.o
 *fill*         0x0800519d        0x3 
 .rodata._ZL18SystemClock_Configv.str1.4
                0x080051a0       0x40 Output/main.o
 .rodata._Z10onUartByteh.str1.4
                0x080051e0        0xf Output/main.o
 *fill*         0x080051ef        0x1 
 .rodata.main.str1.4
                0x080051f0       0x75 Output/main.o
 *fill*         0x08005265        0x3 
 .rodata._ZTV13IVendorPolicy
                0x08005268       0x30 Output/main.o
                0x08005268                vtable for IVendorPolicy
 .rodata._ZTVN14stm32f4_policy13Stm32F4PolicyE
                0x08005298       0x30 Output/main.o
                0x08005298                vtable for stm32f4_policy::Stm32F4Policy
 .rodata._ZTV4IDma
                0x080052c8       0x20 Output/Stm32Dma.o
                0x080052c8                vtable for IDma
 .rodata._ZTV8Stm32Dma
                0x080052e8       0x20 Output/Stm32Dma.o
                0x080052e8                vtable for Stm32Dma
 .rodata._ZTV7ISerial
                0x08005308       0x3c Output/Stm32Uart.o
                0x08005308                vtable for ISerial
 .rodata._ZTV9Stm32Uart
                0x08005344       0x3c Output/Stm32Uart.o
                0x08005344                vtable for Stm32Uart
 .rodata._ZTV7Stm32IO
                0x08005380       0x14 Output/Stm32IO.o
                0x08005380                vtable for Stm32IO
 .rodata._ZNSt6vectorISt10unique_ptrI3PinSt14default_deleteIS1_EESaIS4_EE17_M_realloc_insertIJS4_EEEvN9__gnu_cxx17__normal_iteratorIPS4_S6_EEDpOT_.str1.4
                0x08005394       0x1a Output/HardwareInit.o
 *fill*         0x080053ae        0x2 
 .rodata._ZTV5IGpio
                0x080053b0       0x14 Output/HardwareInit.o
                0x080053b0                vtable for IGpio
 .rodata.kBoardUarts
                0x080053c4       0x34 Output/HardwareInit.o
                0x080053c4                kBoardUarts
 .rodata.kBoardPins
                0x080053f8       0x3c Output/HardwareInit.o
                0x080053f8                kBoardPins
 .rodata._global_impure_ptr
                0x08005434        0x4 c:/program files (x86)/gnu arm embedded toolchain/10 2021.10/bin/../lib/gcc/arm-none-eabi/10.3.1/../../../../arm-none-eabi/lib/thumb/v7e-m/nofp\libc_nano.a(lib_a-impure.o)
                0x08005434                _global_impure_ptr
 .rodata.__sf_fake_stderr
                0x08005438       0x20 c:/program files (x86)/gnu arm embedded toolchain/10 2021.10/bin/../lib/gcc/arm-none-eabi/10.3.1/../../../../arm-none-eabi/lib/thumb/v7e-m/nofp\libc_nano.a(lib_a-findfp.o)
                0x08005438                __sf_fake_stderr
 .rodata.__sf_fake_stdin
                0x08005458       0x20 c:/program files (x86)/gnu arm embedded toolchain/10 2021.10/bin/../lib/gcc/arm-none-eabi/10.3.1/../../../../arm-none-eabi/lib/thumb/v7e-m/nofp\libc_nano.a(lib_a-findfp.o)
                0x08005458                __sf_fake_stdin
 .rodata.__sf_fake_stdout
                0x08005478       0x20 c:/program files (x86)/gnu arm embedded toolchain/10 2021.10/bin/../lib/gcc/arm-none-eabi/10.3.1/../../../../arm-none-eabi/lib/thumb/v7e-m/nofp\libc_nano.a(lib_a-findfp.o)
                0x08005478                __sf_fake_stdout
 .rodata._svfprintf_r.str1.1
                0x08005498       0x11 c:/program files (x86)/gnu arm embedded toolchain/10 2021.10/bin/../lib/gcc/arm-none-eabi/10.3.1/../../../../arm-none-eabi/lib/thumb/v7e-m/nofp\libc_nano.a(lib_a-nano-svfprintf.o)
 .rodata._vfprintf_r.str1.1
                0x080054a9       0x11 c:/program files (x86)/gnu arm embedded toolchain/10 2021.10/bin/../lib/gcc/arm-none-eabi/10.3.1/../../../../arm-none-eabi/lib/thumb/v7e-m/nofp\libc_nano.a(lib_a-nano-vfprintf.o)
 .rodata._printf_i.str1.1
                0x080054a9       0x22 c:/program files (x86)/gnu arm embedded toolchain/10 2021.10/bin/../lib/gcc/arm-none-eabi/10.3.1/../../../../arm-none-eabi/lib/thumb/v7e-m/nofp\libc_nano.a(lib_a-nano-vfprintf_i.o)
                0x080054cc                . = ALIGN (0x4)
 *fill*         0x080054cb        0x1 

.ARM.extab
 *(.ARM.extab* .gnu.linkonce.armextab.*)

.ARM            0x080054cc        0x8
                0x080054cc                __exidx_start = .
 *(.ARM.exidx*)
 .ARM.exidx     0x080054cc        0x8 c:/program files (x86)/gnu arm embedded toolchain/10 2021.10/bin/../lib/gcc/arm-none-eabi/10.3.1/thumb/v7e-m/nofp\libgcc.a(_udivmoddi4.o)
                0x080054d4                __exidx_end = .

.rel.dyn        0x080054d4        0x0
 .rel.iplt      0x080054d4        0x0 c:/program files (x86)/gnu arm embedded toolchain/10 2021.10/bin/../lib/gcc/arm-none-eabi/10.3.1/thumb/v7e-m/nofp/crtbegin.o

.preinit_array  0x080054d4        0x0
                0x080054d4                PROVIDE (__preinit_array_start = .)
 *(.preinit_array*)
                0x080054d4                PROVIDE (__preinit_array_end = .)

.init_array     0x080054d4        0xc
                0x080054d4                PROVIDE (__init_array_start = .)
 *(SORT_BY_NAME(.init_array.*))
 *(.init_array*)
 .init_array    0x080054d4        0x4 c:/program files (x86)/gnu arm embedded toolchain/10 2021.10/bin/../lib/gcc/arm-none-eabi/10.3.1/thumb/v7e-m/nofp/crtbegin.o
 .init_array    0x080054d8        0x4 Output/main.o
 .init_array    0x080054dc        0x4 Output/HardwareInit.o
                0x080054e0                PROVIDE (__init_array_end = .)

.fini_array     0x080054e0        0x4
                [!provide]                PROVIDE (__fini_array_start = .)
 *(SORT_BY_NAME(.fini_array.*))
 *(.fini_array*)
 .fini_array    0x080054e0        0x4 c:/program files (x86)/gnu arm embedded toolchain/10 2021.10/bin/../lib/gcc/arm-none-eabi/10.3.1/thumb/v7e-m/nofp/crtbegin.o
                [!provide]                PROVIDE (__fini_array_end = .)
                0x080054e4                _sidata = LOADADDR (.data)

.data           0x20000000       0xa0 load address 0x080054e4
                0x20000000                . = ALIGN (0x4)
                0x20000000                _sdata = .
 *(.data)
 .data          0x20000000        0x4 c:/program files (x86)/gnu arm embedded toolchain/10 2021.10/bin/../lib/gcc/arm-none-eabi/10.3.1/thumb/v7e-m/nofp/crtbegin.o
                0x20000000                __dso_handle
 *(.data*)
 .data.SystemCoreClock
                0x20000004        0x4 Output/system_stm32f4xx.o
                0x20000004                SystemCoreClock
 .data.uwTickFreq
                0x20000008        0x1 Output/stm32f4xx_hal.o
                0x20000008                uwTickFreq
 *fill*         0x20000009        0x3 
 .data.uwTickPrio
                0x2000000c        0x4 Output/stm32f4xx_hal.o
                0x2000000c                uwTickPrio
 .data.policy   0x20000010        0x4 Output/main.o
                0x20000010                policy
 .data._ZL9registry_
                0x20000014       0x20 Output/Stm32Uart.o
 .data._ZZ16Hardware_InitAllE6policy
                0x20000034        0x4 Output/HardwareInit.o
 .data._ZN10__cxxabiv119__terminate_handlerE
                0x20000038        0x4 c:/program files (x86)/gnu arm embedded toolchain/10 2021.10/bin/../lib/gcc/arm-none-eabi/10.3.1/../../../../arm-none-eabi/lib/thumb/v7e-m/nofp\libstdc++_nano.a(eh_term_handler.o)
                0x20000038                __cxxabiv1::__terminate_handler
 .data._impure_ptr
                0x2000003c        0x4 c:/program files (x86)/gnu arm embedded toolchain/10 2021.10/bin/../lib/gcc/arm-none-eabi/10.3.1/../../../../arm-none-eabi/lib/thumb/v7e-m/nofp\libc_nano.a(lib_a-impure.o)
                0x2000003c                _impure_ptr
 .data.impure_data
                0x20000040       0x60 c:/program files (x86)/gnu arm embedded toolchain/10 2021.10/bin/../lib/gcc/arm-none-eabi/10.3.1/../../../../arm-none-eabi/lib/thumb/v7e-m/nofp\libc_nano.a(lib_a-impure.o)
                0x200000a0                . = ALIGN (0x4)
                0x200000a0                _edata = .

.igot.plt       0x200000a0        0x0 load address 0x08005584
 .igot.plt      0x200000a0        0x0 c:/program files (x86)/gnu arm embedded toolchain/10 2021.10/bin/../lib/gcc/arm-none-eabi/10.3.1/thumb/v7e-m/nofp/crtbegin.o
                0x200000a0                . = ALIGN (0x4)

.bss            0x200000a0       0xfc load address 0x08005584
                0x200000a0                _sbss = .
                0x200000a0                __bss_start__ = _sbss
 *(.bss)
 .bss           0x200000a0       0x1c c:/program files (x86)/gnu arm embedded toolchain/10 2021.10/bin/../lib/gcc/arm-none-eabi/10.3.1/thumb/v7e-m/nofp/crtbegin.o
 *(.bss*)
 .bss.__sbrk_heap_end
                0x200000bc        0x4 Output/sysmem.o
 .bss.uwTick    0x200000c0        0x4 Output/stm32f4xx_hal.o
                0x200000c0                uwTick
 .bss.apb1      0x200000c4        0x4 Output/main.o
                0x200000c4                apb1
 .bss.apb2      0x200000c8        0x4 Output/main.o
                0x200000c8                apb2
 .bss.cpu       0x200000cc        0x4 Output/main.o
                0x200000cc                cpu
 .bss.hclk      0x200000d0        0x4 Output/main.o
                0x200000d0                hclk
 .bss.rxBuffer  0x200000d4       0x64 Output/main.o
                0x200000d4                rxBuffer
 .bss.rxData    0x20000138        0x1 Output/main.o
                0x20000138                rxData
 .bss.rxIndex   0x20000139        0x1 Output/main.o
                0x20000139                rxIndex
 *fill*         0x2000013a        0x2 
 .bss._ZGVZ16Hardware_InitAllE6policy
                0x2000013c        0x4 Output/HardwareInit.o
 .bss._ZL15g_uarts_by_inst
                0x20000140       0x20 Output/HardwareInit.o
 .bss._ZL6g_dmas
                0x20000160        0xc Output/HardwareInit.o
 .bss._ZL6g_pins
                0x2000016c        0xc Output/HardwareInit.o
 .bss._ZL7g_uarts
                0x20000178        0xc Output/HardwareInit.o
 .bss.g_uart2   0x20000184        0x4 Output/HardwareInit.o
                0x20000184                g_uart2
 .bss._ZN12_GLOBAL__N_113__new_handlerE
                0x20000188        0x4 c:/program files (x86)/gnu arm embedded toolchain/10 2021.10/bin/../lib/gcc/arm-none-eabi/10.3.1/../../../../arm-none-eabi/lib/thumb/v7e-m/nofp\libstdc++_nano.a(new_handler.o)
 .bss.__malloc_free_list
                0x2000018c        0x4 c:/program files (x86)/gnu arm embedded toolchain/10 2021.10/bin/../lib/gcc/arm-none-eabi/10.3.1/../../../../arm-none-eabi/lib/thumb/v7e-m/nofp\libc_nano.a(lib_a-nano-mallocr.o)
                0x2000018c                __malloc_free_list
 .bss.__malloc_sbrk_start
                0x20000190        0x4 c:/program files (x86)/gnu arm embedded toolchain/10 2021.10/bin/../lib/gcc/arm-none-eabi/10.3.1/../../../../arm-none-eabi/lib/thumb/v7e-m/nofp\libc_nano.a(lib_a-nano-mallocr.o)
                0x20000190                __malloc_sbrk_start
 .bss.__lock___malloc_recursive_mutex
                0x20000194        0x1 c:/program files (x86)/gnu arm embedded toolchain/10 2021.10/bin/../lib/gcc/arm-none-eabi/10.3.1/../../../../arm-none-eabi/lib/thumb/v7e-m/nofp\libc_nano.a(lib_a-lock.o)
                0x20000194                __lock___malloc_recursive_mutex
 .bss.__lock___sfp_recursive_mutex
                0x20000195        0x1 c:/program files (x86)/gnu arm embedded toolchain/10 2021.10/bin/../lib/gcc/arm-none-eabi/10.3.1/../../../../arm-none-eabi/lib/thumb/v7e-m/nofp\libc_nano.a(lib_a-lock.o)
                0x20000195                __lock___sfp_recursive_mutex
 .bss.__lock___sinit_recursive_mutex
                0x20000196        0x1 c:/program files (x86)/gnu arm embedded toolchain/10 2021.10/bin/../lib/gcc/arm-none-eabi/10.3.1/../../../../arm-none-eabi/lib/thumb/v7e-m/nofp\libc_nano.a(lib_a-lock.o)
                0x20000196                __lock___sinit_recursive_mutex
 *fill*         0x20000197        0x1 
 .bss.errno     0x20000198        0x4 c:/program files (x86)/gnu arm embedded toolchain/10 2021.10/bin/../lib/gcc/arm-none-eabi/10.3.1/../../../../arm-none-eabi/lib/thumb/v7e-m/nofp\libc_nano.a(lib_a-reent.o)
                0x20000198                errno
 *(COMMON)
                0x2000019c                . = ALIGN (0x4)
                0x2000019c                _ebss = .
                0x2000019c                __bss_end__ = _ebss

._user_heap_stack
                0x2000019c      0x604 load address 0x08005584
                0x200001a0                . = ALIGN (0x8)
 *fill*         0x2000019c        0x4 
                [!provide]                PROVIDE (end = .)
                0x200001a0                PROVIDE (_end = .)
                0x200003a0                . = (. + _Min_Heap_Size)
 *fill*         0x200001a0      0x200 
                0x200007a0                . = (. + _Min_Stack_Size)
 *fill*         0x200003a0      0x400 
                0x200007a0                . = ALIGN (0x8)

/DISCARD/
 libc.a(*)
 libm.a(*)
 libgcc.a(*)
OUTPUT(Output/final.elf elf32-littlearm)
LOAD linker stubs
LOAD c:/program files (x86)/gnu arm embedded toolchain/10 2021.10/bin/../lib/gcc/arm-none-eabi/10.3.1/../../../../arm-none-eabi/lib/thumb/v7e-m/nofp\libc.a
LOAD c:/program files (x86)/gnu arm embedded toolchain/10 2021.10/bin/../lib/gcc/arm-none-eabi/10.3.1/../../../../arm-none-eabi/lib/thumb/v7e-m/nofp\libm.a
LOAD c:/program files (x86)/gnu arm embedded toolchain/10 2021.10/bin/../lib/gcc/arm-none-eabi/10.3.1/thumb/v7e-m/nofp\libgcc.a

.ARM.attributes
                0x00000000       0x2a
 .ARM.attributes
                0x00000000       0x1e c:/program files (x86)/gnu arm embedded toolchain/10 2021.10/bin/../lib/gcc/arm-none-eabi/10.3.1/thumb/v7e-m/nofp/crti.o
 .ARM.attributes
                0x0000001e       0x2e c:/program files (x86)/gnu arm embedded toolchain/10 2021.10/bin/../lib/gcc/arm-none-eabi/10.3.1/thumb/v7e-m/nofp/crtbegin.o
 .ARM.attributes
                0x0000004c       0x2e Output/stm32_hal_msp.o
 .ARM.attributes
                0x0000007a       0x2e Output/sysmem.o
 .ARM.attributes
                0x000000a8       0x2e Output/syscalls.o
 .ARM.attributes
                0x000000d6       0x2e Output/system_stm32f4xx.o
 .ARM.attributes
                0x00000104       0x2e Output/stm32f4xx_hal_rcc.o
 .ARM.attributes
                0x00000132       0x2e Output/stm32f4xx_hal_rcc_ex.o
 .ARM.attributes
                0x00000160       0x2e Output/stm32f4xx_hal_gpio.o
 .ARM.attributes
                0x0000018e       0x2e Output/stm32f4xx_hal_dma.o
 .ARM.attributes
                0x000001bc       0x2e Output/stm32f4xx_hal_cortex.o
 .ARM.attributes
                0x000001ea       0x2e Output/stm32f4xx_hal.o
 .ARM.attributes
                0x00000218       0x2e Output/stm32f4xx_hal_uart.o
 .ARM.attributes
                0x00000246       0x2e Output/stm32f4xx_it.o
 .ARM.attributes
                0x00000274       0x2e Output/main.o
 .ARM.attributes
                0x000002a2       0x2e Output/stm32_clock.o
 .ARM.attributes
                0x000002d0       0x2e Output/stm32_hal_init.o
 .ARM.attributes
                0x000002fe       0x2e Output/Stm32Dma.o
 .ARM.attributes
                0x0000032c       0x2e Output/Stm32Uart.o
 .ARM.attributes
                0x0000035a       0x2e Output/Stm32IO.o
 .ARM.attributes
                0x00000388       0x2e Output/HardwareInit.o
 .ARM.attributes
                0x000003b6       0x2e Output/DmaWrapper.o
 .ARM.attributes
                0x000003e4       0x2e Output/UartWrapper.o
 .ARM.attributes
                0x00000412       0x2e Output/Pin.o
 .ARM.attributes
                0x00000440       0x21 Output/startup_stm32f4.o
 .ARM.attributes
                0x00000461       0x2e c:/program files (x86)/gnu arm embedded toolchain/10 2021.10/bin/../lib/gcc/arm-none-eabi/10.3.1/../../../../arm-none-eabi/lib/thumb/v7e-m/nofp\libstdc++_nano.a(atexit_arm.o)
 .ARM.attributes
                0x0000048f       0x2e c:/program files (x86)/gnu arm embedded toolchain/10 2021.10/bin/../lib/gcc/arm-none-eabi/10.3.1/../../../../arm-none-eabi/lib/thumb/v7e-m/nofp\libstdc++_nano.a(del_ops.o)
 .ARM.attributes
                0x000004bd       0x2e c:/program files (x86)/gnu arm embedded toolchain/10 2021.10/bin/../lib/gcc/arm-none-eabi/10.3.1/../../../../arm-none-eabi/lib/thumb/v7e-m/nofp\libstdc++_nano.a(guard.o)
 .ARM.attributes
                0x000004eb       0x2e c:/program files (x86)/gnu arm embedded toolchain/10 2021.10/bin/../lib/gcc/arm-none-eabi/10.3.1/../../../../arm-none-eabi/lib/thumb/v7e-m/nofp\libstdc++_nano.a(new_op.o)
 .ARM.attributes
                0x00000519       0x2e c:/program files (x86)/gnu arm embedded toolchain/10 2021.10/bin/../lib/gcc/arm-none-eabi/10.3.1/../../../../arm-none-eabi/lib/thumb/v7e-m/nofp\libstdc++_nano.a(pure.o)
 .ARM.attributes
                0x00000547       0x2e c:/program files (x86)/gnu arm embedded toolchain/10 2021.10/bin/../lib/gcc/arm-none-eabi/10.3.1/../../../../arm-none-eabi/lib/thumb/v7e-m/nofp\libstdc++_nano.a(functexcept.o)
 .ARM.attributes
                0x00000575       0x2e c:/program files (x86)/gnu arm embedded toolchain/10 2021.10/bin/../lib/gcc/arm-none-eabi/10.3.1/../../../../arm-none-eabi/lib/thumb/v7e-m/nofp\libstdc++_nano.a(functional.o)
 .ARM.attributes
                0x000005a3       0x2e c:/program files (x86)/gnu arm embedded toolchain/10 2021.10/bin/../lib/gcc/arm-none-eabi/10.3.1/../../../../arm-none-eabi/lib/thumb/v7e-m/nofp\libstdc++_nano.a(del_op.o)
 .ARM.attributes
                0x000005d1       0x2e c:/program files (x86)/gnu arm embedded toolchain/10 2021.10/bin/../lib/gcc/arm-none-eabi/10.3.1/../../../../arm-none-eabi/lib/thumb/v7e-m/nofp\libstdc++_nano.a(eh_terminate.o)
 .ARM.attributes
                0x000005ff       0x2e c:/program files (x86)/gnu arm embedded toolchain/10 2021.10/bin/../lib/gcc/arm-none-eabi/10.3.1/../../../../arm-none-eabi/lib/thumb/v7e-m/nofp\libstdc++_nano.a(new_handler.o)
 .ARM.attributes
                0x0000062d       0x2e c:/program files (x86)/gnu arm embedded toolchain/10 2021.10/bin/../lib/gcc/arm-none-eabi/10.3.1/../../../../arm-none-eabi/lib/thumb/v7e-m/nofp\libstdc++_nano.a(eh_term_handler.o)
 .ARM.attributes
                0x0000065b       0x2e c:/program files (x86)/gnu arm embedded toolchain/10 2021.10/bin/../lib/gcc/arm-none-eabi/10.3.1/../../../../arm-none-eabi/lib/thumb/v7e-m/nofp\libc_nano.a(lib_a-abort.o)
 .ARM.attributes
                0x00000689       0x2e c:/program files (x86)/gnu arm embedded toolchain/10 2021.10/bin/../lib/gcc/arm-none-eabi/10.3.1/../../../../arm-none-eabi/lib/thumb/v7e-m/nofp\libc_nano.a(lib_a-cxa_atexit.o)
 .ARM.attributes
                0x000006b7       0x2e c:/program files (x86)/gnu arm embedded toolchain/10 2021.10/bin/../lib/gcc/arm-none-eabi/10.3.1/../../../../arm-none-eabi/lib/thumb/v7e-m/nofp\libc_nano.a(lib_a-errno.o)
 .ARM.attributes
                0x000006e5       0x2e c:/program files (x86)/gnu arm embedded toolchain/10 2021.10/bin/../lib/gcc/arm-none-eabi/10.3.1/../../../../arm-none-eabi/lib/thumb/v7e-m/nofp\libc_nano.a(lib_a-impure.o)
 .ARM.attributes
                0x00000713       0x2e c:/program files (x86)/gnu arm embedded toolchain/10 2021.10/bin/../lib/gcc/arm-none-eabi/10.3.1/../../../../arm-none-eabi/lib/thumb/v7e-m/nofp\libc_nano.a(lib_a-init.o)
 .ARM.attributes
                0x00000741       0x2e c:/program files (x86)/gnu arm embedded toolchain/10 2021.10/bin/../lib/gcc/arm-none-eabi/10.3.1/../../../../arm-none-eabi/lib/thumb/v7e-m/nofp\libc_nano.a(lib_a-malloc.o)
 .ARM.attributes
                0x0000076f       0x2e c:/program files (x86)/gnu arm embedded toolchain/10 2021.10/bin/../lib/gcc/arm-none-eabi/10.3.1/../../../../arm-none-eabi/lib/thumb/v7e-m/nofp\libc_nano.a(lib_a-memcpy-stub.o)
 .ARM.attributes
                0x0000079d       0x2e c:/program files (x86)/gnu arm embedded toolchain/10 2021.10/bin/../lib/gcc/arm-none-eabi/10.3.1/../../../../arm-none-eabi/lib/thumb/v7e-m/nofp\libc_nano.a(lib_a-memset.o)
 .ARM.attributes
                0x000007cb       0x2e c:/program files (x86)/gnu arm embedded toolchain/10 2021.10/bin/../lib/gcc/arm-none-eabi/10.3.1/../../../../arm-none-eabi/lib/thumb/v7e-m/nofp\libc_nano.a(lib_a-nano-freer.o)
 .ARM.attributes
                0x000007f9       0x2e c:/program files (x86)/gnu arm embedded toolchain/10 2021.10/bin/../lib/gcc/arm-none-eabi/10.3.1/../../../../arm-none-eabi/lib/thumb/v7e-m/nofp\libc_nano.a(lib_a-nano-mallocr.o)
 .ARM.attributes
                0x00000827       0x2e c:/program files (x86)/gnu arm embedded toolchain/10 2021.10/bin/../lib/gcc/arm-none-eabi/10.3.1/../../../../arm-none-eabi/lib/thumb/v7e-m/nofp\libc_nano.a(lib_a-printf.o)
 .ARM.attributes
                0x00000855       0x2e c:/program files (x86)/gnu arm embedded toolchain/10 2021.10/bin/../lib/gcc/arm-none-eabi/10.3.1/../../../../arm-none-eabi/lib/thumb/v7e-m/nofp\libc_nano.a(lib_a-sbrkr.o)
 .ARM.attributes
                0x00000883       0x2e c:/program files (x86)/gnu arm embedded toolchain/10 2021.10/bin/../lib/gcc/arm-none-eabi/10.3.1/../../../../arm-none-eabi/lib/thumb/v7e-m/nofp\libc_nano.a(lib_a-signal.o)
 .ARM.attributes
                0x000008b1       0x2e c:/program files (x86)/gnu arm embedded toolchain/10 2021.10/bin/../lib/gcc/arm-none-eabi/10.3.1/../../../../arm-none-eabi/lib/thumb/v7e-m/nofp\libc_nano.a(lib_a-signalr.o)
 .ARM.attributes
                0x000008df       0x2e c:/program files (x86)/gnu arm embedded toolchain/10 2021.10/bin/../lib/gcc/arm-none-eabi/10.3.1/../../../../arm-none-eabi/lib/thumb/v7e-m/nofp\libc_nano.a(lib_a-snprintf.o)
 .ARM.attributes
                0x0000090d       0x17 c:/program files (x86)/gnu arm embedded toolchain/10 2021.10/bin/../lib/gcc/arm-none-eabi/10.3.1/../../../../arm-none-eabi/lib/thumb/v7e-m/nofp\libc_nano.a(lib_a-strlen.o)
 .ARM.attributes
                0x00000924       0x2e c:/program files (x86)/gnu arm embedded toolchain/10 2021.10/bin/../lib/gcc/arm-none-eabi/10.3.1/../../../../arm-none-eabi/lib/thumb/v7e-m/nofp\libc_nano.a(lib_a-vsnprintf.o)
 .ARM.attributes
                0x00000952       0x2e c:/program files (x86)/gnu arm embedded toolchain/10 2021.10/bin/../lib/gcc/arm-none-eabi/10.3.1/../../../../arm-none-eabi/lib/thumb/v7e-m/nofp\libc_nano.a(lib_a-findfp.o)
 .ARM.attributes
                0x00000980       0x2e c:/program files (x86)/gnu arm embedded toolchain/10 2021.10/bin/../lib/gcc/arm-none-eabi/10.3.1/../../../../arm-none-eabi/lib/thumb/v7e-m/nofp\libc_nano.a(lib_a-fwalk.o)
 .ARM.attributes
                0x000009ae       0x2e c:/program files (x86)/gnu arm embedded toolchain/10 2021.10/bin/../lib/gcc/arm-none-eabi/10.3.1/../../../../arm-none-eabi/lib/thumb/v7e-m/nofp\libc_nano.a(lib_a-lock.o)
 .ARM.attributes
                0x000009dc       0x2e c:/program files (x86)/gnu arm embedded toolchain/10 2021.10/bin/../lib/gcc/arm-none-eabi/10.3.1/../../../../arm-none-eabi/lib/thumb/v7e-m/nofp\libc_nano.a(lib_a-mlock.o)
 .ARM.attributes
                0x00000a0a       0x2e c:/program files (x86)/gnu arm embedded toolchain/10 2021.10/bin/../lib/gcc/arm-none-eabi/10.3.1/../../../../arm-none-eabi/lib/thumb/v7e-m/nofp\libc_nano.a(lib_a-nano-svfprintf.o)
 .ARM.attributes
                0x00000a38       0x2e c:/program files (x86)/gnu arm embedded toolchain/10 2021.10/bin/../lib/gcc/arm-none-eabi/10.3.1/../../../../arm-none-eabi/lib/thumb/v7e-m/nofp\libc_nano.a(lib_a-nano-vfprintf.o)
 .ARM.attributes
                0x00000a66       0x2e c:/program files (x86)/gnu arm embedded toolchain/10 2021.10/bin/../lib/gcc/arm-none-eabi/10.3.1/../../../../arm-none-eabi/lib/thumb/v7e-m/nofp\libc_nano.a(lib_a-nano-vfprintf_i.o)
 .ARM.attributes
                0x00000a94       0x2e c:/program files (x86)/gnu arm embedded toolchain/10 2021.10/bin/../lib/gcc/arm-none-eabi/10.3.1/../../../../arm-none-eabi/lib/thumb/v7e-m/nofp\libc_nano.a(lib_a-reent.o)
 .ARM.attributes
                0x00000ac2       0x2e c:/program files (x86)/gnu arm embedded toolchain/10 2021.10/bin/../lib/gcc/arm-none-eabi/10.3.1/../../../../arm-none-eabi/lib/thumb/v7e-m/nofp\libc_nano.a(lib_a-stdio.o)
 .ARM.attributes
                0x00000af0       0x2e c:/program files (x86)/gnu arm embedded toolchain/10 2021.10/bin/../lib/gcc/arm-none-eabi/10.3.1/../../../../arm-none-eabi/lib/thumb/v7e-m/nofp\libc_nano.a(lib_a-wbuf.o)
 .ARM.attributes
                0x00000b1e       0x2e c:/program files (x86)/gnu arm embedded toolchain/10 2021.10/bin/../lib/gcc/arm-none-eabi/10.3.1/../../../../arm-none-eabi/lib/thumb/v7e-m/nofp\libc_nano.a(lib_a-writer.o)
 .ARM.attributes
                0x00000b4c       0x2e c:/program files (x86)/gnu arm embedded toolchain/10 2021.10/bin/../lib/gcc/arm-none-eabi/10.3.1/../../../../arm-none-eabi/lib/thumb/v7e-m/nofp\libc_nano.a(lib_a-wsetup.o)
 .ARM.attributes
                0x00000b7a       0x2e c:/program files (x86)/gnu arm embedded toolchain/10 2021.10/bin/../lib/gcc/arm-none-eabi/10.3.1/../../../../arm-none-eabi/lib/thumb/v7e-m/nofp\libc_nano.a(lib_a-closer.o)
 .ARM.attributes
                0x00000ba8       0x2e c:/program files (x86)/gnu arm embedded toolchain/10 2021.10/bin/../lib/gcc/arm-none-eabi/10.3.1/../../../../arm-none-eabi/lib/thumb/v7e-m/nofp\libc_nano.a(lib_a-fflush.o)
 .ARM.attributes
                0x00000bd6       0x2e c:/program files (x86)/gnu arm embedded toolchain/10 2021.10/bin/../lib/gcc/arm-none-eabi/10.3.1/../../../../arm-none-eabi/lib/thumb/v7e-m/nofp\libc_nano.a(lib_a-lseekr.o)
 .ARM.attributes
                0x00000c04       0x2e c:/program files (x86)/gnu arm embedded toolchain/10 2021.10/bin/../lib/gcc/arm-none-eabi/10.3.1/../../../../arm-none-eabi/lib/thumb/v7e-m/nofp\libc_nano.a(lib_a-makebuf.o)
 .ARM.attributes
                0x00000c32       0x1c c:/program files (x86)/gnu arm embedded toolchain/10 2021.10/bin/../lib/gcc/arm-none-eabi/10.3.1/../../../../arm-none-eabi/lib/thumb/v7e-m/nofp\libc_nano.a(lib_a-memchr.o)
 .ARM.attributes
                0x00000c4e       0x2e c:/program files (x86)/gnu arm embedded toolchain/10 2021.10/bin/../lib/gcc/arm-none-eabi/10.3.1/../../../../arm-none-eabi/lib/thumb/v7e-m/nofp\libc_nano.a(lib_a-memmove.o)
 .ARM.attributes
                0x00000c7c       0x2e c:/program files (x86)/gnu arm embedded toolchain/10 2021.10/bin/../lib/gcc/arm-none-eabi/10.3.1/../../../../arm-none-eabi/lib/thumb/v7e-m/nofp\libc_nano.a(lib_a-nano-reallocr.o)
 .ARM.attributes
                0x00000caa       0x2e c:/program files (x86)/gnu arm embedded toolchain/10 2021.10/bin/../lib/gcc/arm-none-eabi/10.3.1/../../../../arm-none-eabi/lib/thumb/v7e-m/nofp\libc_nano.a(lib_a-readr.o)
 .ARM.attributes
                0x00000cd8       0x2e c:/program files (x86)/gnu arm embedded toolchain/10 2021.10/bin/../lib/gcc/arm-none-eabi/10.3.1/../../../../arm-none-eabi/lib/thumb/v7e-m/nofp\libc_nano.a(lib_a-fstatr.o)
 .ARM.attributes
                0x00000d06       0x2e c:/program files (x86)/gnu arm embedded toolchain/10 2021.10/bin/../lib/gcc/arm-none-eabi/10.3.1/../../../../arm-none-eabi/lib/thumb/v7e-m/nofp\libc_nano.a(lib_a-isattyr.o)
 .ARM.attributes
                0x00000d34       0x2e c:/program files (x86)/gnu arm embedded toolchain/10 2021.10/bin/../lib/gcc/arm-none-eabi/10.3.1/../../../../arm-none-eabi/lib/thumb/v7e-m/nofp\libc_nano.a(lib_a-nano-msizer.o)
 .ARM.attributes
                0x00000d62       0x1e c:/program files (x86)/gnu arm embedded toolchain/10 2021.10/bin/../lib/gcc/arm-none-eabi/10.3.1/thumb/v7e-m/nofp\libgcc.a(_aeabi_uldivmod.o)
 .ARM.attributes
                0x00000d80       0x2e c:/program files (x86)/gnu arm embedded toolchain/10 2021.10/bin/../lib/gcc/arm-none-eabi/10.3.1/thumb/v7e-m/nofp\libgcc.a(_udivmoddi4.o)
 .ARM.attributes